{"case": "sprint_shift_first", "skill": "walking", "seed": 927000, "completed": true, "error": null, "brake_success": null, "task_success": true}
{"case": "sprint_shift_first", "skill": "walking", "seed": 927001, "completed": true, "error": null, "brake_success": null, "task_success": true}
{"case": "sprint_shift_first_ordinary", "skill": "walking", "seed": 927000, "completed": true, "error": null, "brake_success": null, "task_success": true}
{"case": "sprint_shift_first_ordinary", "skill": "walking", "seed": 927001, "completed": true, "error": null, "brake_success": null, "task_success": true}
{"case": "sprint_shift_first_ordinary", "skill": "walking", "seed": 927002, "completed": true, "error": null, "brake_success": null, "task_success": true}
{"case": "sprint_shift_first", "skill": "walking", "seed": 927003, "completed": true, "error": null, "brake_success": null, "task_success": true}
{"case": "sprint_shift_first_ordinary", "skill": "walking", "seed": 927003, "completed": true, "error": null, "brake_success": null, "task_success": true}
{"case": "sprint_shift_first", "skill": "walking", "seed": 927002, "completed": true, "error": null, "brake_success": null, "task_success": true}
{"case": "sprint_shift_first", "skill": "walking", "seed": 927005, "completed": true, "error": null, "brake_success": null, "task_success": true}
{"case": "sprint_shift_first_ordinary", "skill": "walking", "seed": 927005, "completed": true, "error": null, "brake_success": null, "task_success": true}
{"case": "sprint_shift_first_ordinary", "skill": "walking", "seed": 927004, "completed": true, "error": null, "brake_success": null, "task_success": true}
{"case": "sprint_shift_first", "skill": "walking", "seed": 927004, "completed": true, "error": null, "brake_success": null, "task_success": true}
{"case": "sprint_shift_first", "skill": "walking", "seed": 927006, "completed": true, "error": null, "brake_success": null, "task_success": true}
{"case": "sprint_shift_first_ordinary", "skill": "walking", "seed": 927007, "completed": true, "error": null, "brake_success": null, "task_success": true}
{"case": "sprint_shift_first_ordinary", "skill": "walking", "seed": 927006, "completed": true, "error": null, "brake_success": null, "task_success": true}
{"case": "sprint_shift_first", "skill": "walking", "seed": 927007, "completed": true, "error": null, "brake_success": null, "task_success": true}
{"case": "sprint_shift_first", "skill": "walking", "seed": 927008, "completed": true, "error": null, "brake_success": null, "task_success": true}
{"case": "sprint_shift_first", "skill": "walking", "seed": 927009, "completed": true, "error": null, "brake_success": null, "task_success": true}
{"case": "sprint_shift_first_ordinary", "skill": "walking", "seed": 927009, "completed": true, "error": null, "brake_success": null, "task_success": true}
{"case": "sprint_shift_first_ordinary", "skill": "walking", "seed": 927008, "completed": true, "error": null, "brake_success": null, "task_success": true}
{"case": "sprint_shift_first", "skill": "walking", "seed": 927010, "completed": true, "error": null, "brake_success": null, "task_success": true}
{"case": "sprint_shift_first_ordinary", "skill": "walking", "seed": 927010, "completed": true, "error": null, "brake_success": null, "task_success": true}
{"case": "sprint_shift_first", "skill": "walking", "seed": 927011, "completed": true, "error": null, "brake_success": null, "task_success": true}
{"case": "sprint_shift_first_ordinary", "skill": "walking", "seed": 927011, "completed": true, "error": null, "brake_success": null, "task_success": true}
{"case": "sprint_shift_first_ordinary", "skill": "walking", "seed": 927012, "completed": true, "error": null, "brake_success": null, "task_success": true}
{"case": "sprint_shift_first", "skill": "walking", "seed": 927012, "completed": true, "error": null, "brake_success": null, "task_success": true}
{"case": "sprint_shift_first", "skill": "walking", "seed": 927013, "completed": true, "error": null, "brake_success": null, "task_success": true}
{"case": "sprint_shift_first_ordinary", "skill": "walking", "seed": 927013, "completed": true, "error": null, "brake_success": null, "task_success": true}
{"case": "sprint_shift_first", "skill": "walking", "seed": 927014, "completed": true, "error": null, "brake_success": null, "task_success": true}
{"case": "sprint_shift_first_ordinary", "skill": "walking", "seed": 927015, "completed": true, "error": null, "brake_success": null, "task_success": true}
{"case": "sprint_shift_first_ordinary", "skill": "walking", "seed": 927014, "completed": true, "error": null, "brake_success": null, "task_success": true}
{"case": "sprint_shift_first", "skill": "walking", "seed": 927015, "completed": true, "error": null, "brake_success": null, "task_success": true}
{"case": "sprint_w_first_ordinary", "skill": "walking", "seed": 927001, "completed": true, "error": null, "brake_success": null, "task_success": true}
{"case": "sprint_w_first", "skill": "walking", "seed": 927001, "completed": true, "error": null, "brake_success": null, "task_success": true}
{"case": "sprint_w_first_ordinary", "skill": "walking", "seed": 927000, "completed": true, "error": null, "brake_success": null, "task_success": true}
{"case": "sprint_w_first", "skill": "walking", "seed": 927000, "completed": true, "error": null, "brake_success": null, "task_success": true}
{"case": "sprint_w_first", "skill": "walking", "seed": 927003, "completed": true, "error": null, "brake_success": null, "task_success": true}
{"case": "sprint_w_first_ordinary", "skill": "walking", "seed": 927003, "completed": true, "error": null, "brake_success": null, "task_success": true}
{"case": "sprint_w_first_ordinary", "skill": "walking", "seed": 927002, "completed": true, "error": null, "brake_success": null, "task_success": true}
{"case": "sprint_w_first", "skill": "walking", "seed": 927002, "completed": true, "error": null, "brake_success": null, "task_success": true}
{"case": "sprint_w_first_ordinary", "skill": "walking", "seed": 927005, "completed": true, "error": null, "brake_success": null, "task_success": true}
{"case": "sprint_w_first", "skill": "walking", "seed": 927004, "completed": true, "error": null, "brake_success": null, "task_success": true}
{"case": "sprint_w_first", "skill": "walking", "seed": 927005, "completed": true, "error": null, "brake_success": null, "task_success": true}
{"case": "sprint_w_first_ordinary", "skill": "walking", "seed": 927004, "completed": true, "error": null, "brake_success": null, "task_success": true}
{"case": "sprint_w_first", "skill": "walking", "seed": 927007, "completed": true, "error": null, "brake_success": null, "task_success": true}
{"case": "sprint_w_first_ordinary", "skill": "walking", "seed": 927006, "completed": true, "error": null, "brake_success": null, "task_success": true}
{"case": "sprint_w_first_ordinary", "skill": "walking", "seed": 927007, "completed": true, "error": null, "brake_success": null, "task_success": true}
{"case": "sprint_w_first", "skill": "walking", "seed": 927006, "completed": true, "error": null, "brake_success": null, "task_success": true}
{"case": "sprint_w_first_ordinary", "skill": "walking", "seed": 927008, "completed": true, "error": null, "brake_success": null, "task_success": true}
{"case": "sprint_w_first", "skill": "walking", "seed": 927008, "completed": true, "error": null, "brake_success": null, "task_success": true}
{"case": "sprint_w_first", "skill": "walking", "seed": 927009, "completed": true, "error": null, "brake_success": null, "task_success": true}
{"case": "sprint_w_first_ordinary", "skill": "walking", "seed": 927009, "completed": true, "error": null, "brake_success": null, "task_success": true}
{"case": "sprint_w_first_ordinary", "skill": "walking", "seed": 927011, "completed": true, "error": null, "brake_success": null, "task_success": true}
{"case": "sprint_w_first", "skill": "walking", "seed": 927010, "completed": true, "error": null, "brake_success": null, "task_success": true}
{"case": "sprint_w_first_ordinary", "skill": "walking", "seed": 927010, "completed": true, "error": null, "brake_success": null, "task_success": true}
{"case": "sprint_w_first", "skill": "walking", "seed": 927011, "completed": true, "error": null, "brake_success": null, "task_success": true}
{"case": "sprint_w_first_ordinary", "skill": "walking", "seed": 927013, "completed": true, "error": null, "brake_success": null, "task_success": true}
{"case": "sprint_w_first", "skill": "walking", "seed": 927012, "completed": true, "error": null, "brake_success": null, "task_success": true}
{"case": "sprint_w_first_ordinary", "skill": "walking", "seed": 927012, "completed": true, "error": null, "brake_success": null, "task_success": true}
{"case": "sprint_w_first", "skill": "walking", "seed": 927013, "completed": true, "error": null, "brake_success": null, "task_success": true}
{"case": "sprint_w_first", "skill": "walking", "seed": 927015, "completed": true, "error": null, "brake_success": null, "task_success": true}
{"case": "sprint_w_first", "skill": "walking", "seed": 927014, "completed": true, "error": null, "brake_success": null, "task_success": true}
{"case": "sprint_w_first_ordinary", "skill": "walking", "seed": 927014, "completed": true, "error": null, "brake_success": null, "task_success": true}
{"case": "sprint_w_first_ordinary", "skill": "walking", "seed": 927015, "completed": true, "error": null, "brake_success": null, "task_success": true}
{"case": "sprint_long_ordinary", "skill": "walking", "seed": 927000, "completed": true, "error": null, "brake_success": null, "task_success": true}
{"case": "sprint_long", "skill": "walking", "seed": 927001, "completed": true, "error": null, "brake_success": null, "task_success": true}
{"case": "sprint_long", "skill": "walking", "seed": 927000, "completed": true, "error": null, "brake_success": null, "task_success": true}
{"case": "sprint_long_ordinary", "skill": "walking", "seed": 927001, "completed": true, "error": null, "brake_success": null, "task_success": true}
{"case": "sprint_long", "skill": "walking", "seed": 927002, "completed": true, "error": null, "brake_success": null, "task_success": true}
{"case": "sprint_long_ordinary", "skill": "walking", "seed": 927002, "completed": true, "error": null, "brake_success": null, "task_success": true}
{"case": "sprint_long", "skill": "walking", "seed": 927003, "completed": true, "error": null, "brake_success": null, "task_success": true}
{"case": "sprint_long_ordinary", "skill": "walking", "seed": 927003, "completed": true, "error": null, "brake_success": null, "task_success": true}
{"case": "sprint_long", "skill": "walking", "seed": 927005, "completed": true, "error": null, "brake_success": null, "task_success": true}
{"case": "sprint_long", "skill": "walking", "seed": 927004, "completed": true, "error": null, "brake_success": null, "task_success": true}
{"case": "sprint_long_ordinary", "skill": "walking", "seed": 927005, "completed": true, "error": null, "brake_success": null, "task_success": true}
{"case": "sprint_long_ordinary", "skill": "walking", "seed": 927004, "completed": true, "error": null, "brake_success": null, "task_success": true}
{"case": "sprint_long", "skill": "walking", "seed": 927007, "completed": true, "error": null, "brake_success": null, "task_success": true}
{"case": "sprint_long", "skill": "walking", "seed": 927006, "completed": true, "error": null, "brake_success": null, "task_success": true}
{"case": "sprint_long_ordinary", "skill": "walking", "seed": 927006, "completed": true, "error": null, "brake_success": null, "task_success": true}
{"case": "sprint_long_ordinary", "skill": "walking", "seed": 927007, "completed": true, "error": null, "brake_success": null, "task_success": true}
{"case": "sprint_long_ordinary", "skill": "walking", "seed": 927009, "completed": true, "error": null, "brake_success": null, "task_success": true}
{"case": "sprint_long", "skill": "walking", "seed": 927008, "completed": true, "error": null, "brake_success": null, "task_success": true}
{"case": "sprint_long", "skill": "walking", "seed": 927009, "completed": true, "error": null, "brake_success": null, "task_success": true}
{"case": "sprint_long_ordinary", "skill": "walking", "seed": 927008, "completed": true, "error": null, "brake_success": null, "task_success": true}
{"case": "sprint_long_ordinary", "skill": "walking", "seed": 927010, "completed": true, "error": null, "brake_success": null, "task_success": true}
{"case": "sprint_long_ordinary", "skill": "walking", "seed": 927011, "completed": true, "error": null, "brake_success": null, "task_success": true}
{"case": "sprint_long", "skill": "walking", "seed": 927010, "completed": true, "error": null, "brake_success": null, "task_success": true}
{"case": "sprint_long", "skill": "walking", "seed": 927011, "completed": true, "error": null, "brake_success": null, "task_success": true}
{"case": "sprint_long_ordinary", "skill": "walking", "seed": 927012, "completed": true, "error": null, "brake_success": null, "task_success": true}
{"case": "sprint_long_ordinary", "skill": "walking", "seed": 927013, "completed": true, "error": null, "brake_success": null, "task_success": true}
{"case": "sprint_long", "skill": "walking", "seed": 927013, "completed": true, "error": null, "brake_success": null, "task_success": true}
{"case": "sprint_long", "skill": "walking", "seed": 927012, "completed": true, "error": null, "brake_success": null, "task_success": true}
{"case": "sprint_long_ordinary", "skill": "walking", "seed": 927014, "completed": true, "error": null, "brake_success": null, "task_success": true}
{"case": "sprint_long", "skill": "walking", "seed": 927015, "completed": true, "error": null, "brake_success": null, "task_success": true}
{"case": "sprint_long_ordinary", "skill": "walking", "seed": 927015, "completed": true, "error": null, "brake_success": null, "task_success": true}
{"case": "sprint_long", "skill": "walking", "seed": 927014, "completed": true, "error": null, "brake_success": null, "task_success": true}
{"case": "sprint_left_ordinary", "skill": "walking", "seed": 927000, "completed": true, "error": null, "brake_success": null, "task_success": true}
{"case": "sprint_left_ordinary", "skill": "walking", "seed": 927001, "completed": true, "error": null, "brake_success": null, "task_success": true}
{"case": "sprint_left", "skill": "walking", "seed": 927001, "completed": true, "error": null, "brake_success": null, "task_success": true}
{"case": "sprint_left", "skill": "walking", "seed": 927000, "completed": true, "error": null, "brake_success": null, "task_success": true}
{"case": "sprint_left", "skill": "walking", "seed": 927003, "completed": true, "error": null, "brake_success": null, "task_success": true}
{"case": "sprint_left", "skill": "walking", "seed": 927002, "completed": true, "error": null, "brake_success": null, "task_success": true}
{"case": "sprint_left_ordinary", "skill": "walking", "seed": 927002, "completed": true, "error": null, "brake_success": null, "task_success": true}
{"case": "sprint_left_ordinary", "skill": "walking", "seed": 927003, "completed": true, "error": null, "brake_success": null, "task_success": true}
{"case": "sprint_left_ordinary", "skill": "walking", "seed": 927005, "completed": true, "error": null, "brake_success": null, "task_success": true}
{"case": "sprint_left_ordinary", "skill": "walking", "seed": 927004, "completed": true, "error": null, "brake_success": null, "task_success": true}
{"case": "sprint_left", "skill": "walking", "seed": 927005, "completed": true, "error": null, "brake_success": null, "task_success": true}
{"case": "sprint_left", "skill": "walking", "seed": 927004, "completed": true, "error": null, "brake_success": null, "task_success": true}
{"case": "sprint_left_ordinary", "skill": "walking", "seed": 927006, "completed": true, "error": null, "brake_success": null, "task_success": true}
{"case": "sprint_left", "skill": "walking", "seed": 927007, "completed": true, "error": null, "brake_success": null, "task_success": true}
{"case": "sprint_left", "skill": "walking", "seed": 927006, "completed": true, "error": null, "brake_success": null, "task_success": true}
{"case": "sprint_left_ordinary", "skill": "walking", "seed": 927007, "completed": true, "error": null, "brake_success": null, "task_success": true}
{"case": "sprint_left_ordinary", "skill": "walking", "seed": 927008, "completed": true, "error": null, "brake_success": null, "task_success": true}
{"case": "sprint_left", "skill": "walking", "seed": 927008, "completed": true, "error": null, "brake_success": null, "task_success": true}
{"case": "sprint_left", "skill": "walking", "seed": 927009, "completed": true, "error": null, "brake_success": null, "task_success": true}
{"case": "sprint_left_ordinary", "skill": "walking", "seed": 927009, "completed": true, "error": null, "brake_success": null, "task_success": true}
{"case": "sprint_left_ordinary", "skill": "walking", "seed": 927011, "completed": true, "error": null, "brake_success": null, "task_success": true}
{"case": "sprint_left_ordinary", "skill": "walking", "seed": 927010, "completed": true, "error": null, "brake_success": null, "task_success": true}
{"case": "sprint_left", "skill": "walking", "seed": 927010, "completed": true, "error": null, "brake_success": null, "task_success": true}
{"case": "sprint_left", "skill": "walking", "seed": 927011, "completed": true, "error": null, "brake_success": null, "task_success": true}
{"case": "sprint_left_ordinary", "skill": "walking", "seed": 927012, "completed": true, "error": null, "brake_success": null, "task_success": true}
{"case": "sprint_left_ordinary", "skill": "walking", "seed": 927013, "completed": true, "error": null, "brake_success": null, "task_success": true}
{"case": "sprint_left", "skill": "walking", "seed": 927013, "completed": true, "error": null, "brake_success": null, "task_success": true}
{"case": "sprint_left", "skill": "walking", "seed": 927012, "completed": true, "error": null, "brake_success": null, "task_success": true}
{"case": "sprint_left", "skill": "walking", "seed": 927015, "completed": true, "error": null, "brake_success": null, "task_success": true}
{"case": "sprint_left", "skill": "walking", "seed": 927014, "completed": true, "error": null, "brake_success": null, "task_success": true}
{"case": "sprint_left_ordinary", "skill": "walking", "seed": 927014, "completed": true, "error": null, "brake_success": null, "task_success": true}
{"case": "sprint_left_ordinary", "skill": "walking", "seed": 927015, "completed": true, "error": null, "brake_success": null, "task_success": true}
{"case": "sprint_right_ordinary", "skill": "walking", "seed": 927001, "completed": true, "error": null, "brake_success": null, "task_success": true}
{"case": "sprint_right_ordinary", "skill": "walking", "seed": 927000, "completed": true, "error": null, "brake_success": null, "task_success": true}
{"case": "sprint_right", "skill": "walking", "seed": 927000, "completed": true, "error": null, "brake_success": null, "task_success": true}
{"case": "sprint_right", "skill": "walking", "seed": 927001, "completed": true, "error": null, "brake_success": null, "task_success": true}
{"case": "sprint_right", "skill": "walking", "seed": 927002, "completed": true, "error": null, "brake_success": null, "task_success": true}
{"case": "sprint_right_ordinary", "skill": "walking", "seed": 927003, "completed": true, "error": null, "brake_success": null, "task_success": true}
{"case": "sprint_right_ordinary", "skill": "walking", "seed": 927002, "completed": true, "error": null, "brake_success": null, "task_success": true}
{"case": "sprint_right", "skill": "walking", "seed": 927003, "completed": true, "error": null, "brake_success": null, "task_success": true}
{"case": "sprint_right_ordinary", "skill": "walking", "seed": 927005, "completed": true, "error": null, "brake_success": null, "task_success": true}
{"case": "sprint_right", "skill": "walking", "seed": 927004, "completed": true, "error": null, "brake_success": null, "task_success": true}
{"case": "sprint_right_ordinary", "skill": "walking", "seed": 927004, "completed": true, "error": null, "brake_success": null, "task_success": true}
{"case": "sprint_right", "skill": "walking", "seed": 927005, "completed": true, "error": null, "brake_success": null, "task_success": true}
{"case": "sprint_right", "skill": "walking", "seed": 927006, "completed": true, "error": null, "brake_success": null, "task_success": true}
{"case": "sprint_right_ordinary", "skill": "walking", "seed": 927007, "completed": true, "error": null, "brake_success": null, "task_success": true}
{"case": "sprint_right_ordinary", "skill": "walking", "seed": 927006, "completed": true, "error": null, "brake_success": null, "task_success": true}
{"case": "sprint_right", "skill": "walking", "seed": 927007, "completed": true, "error": null, "brake_success": null, "task_success": true}
{"case": "sprint_right", "skill": "walking", "seed": 927009, "completed": true, "error": null, "brake_success": null, "task_success": true}
{"case": "sprint_right_ordinary", "skill": "walking", "seed": 927008, "completed": true, "error": null, "brake_success": null, "task_success": true}
{"case": "sprint_right", "skill": "walking", "seed": 927008, "completed": true, "error": null, "brake_success": null, "task_success": true}
{"case": "sprint_right_ordinary", "skill": "walking", "seed": 927009, "completed": true, "error": null, "brake_success": null, "task_success": true}
{"case": "sprint_right_ordinary", "skill": "walking", "seed": 927011, "completed": true, "error": null, "brake_success": null, "task_success": true}
{"case": "sprint_right", "skill": "walking", "seed": 927010, "completed": true, "error": null, "brake_success": null, "task_success": true}
{"case": "sprint_right", "skill": "walking", "seed": 927011, "completed": true, "error": null, "brake_success": null, "task_success": true}
{"case": "sprint_right_ordinary", "skill": "walking", "seed": 927010, "completed": true, "error": null, "brake_success": null, "task_success": true}
{"case": "sprint_right_ordinary", "skill": "walking", "seed": 927013, "completed": true, "error": null, "brake_success": null, "task_success": true}
{"case": "sprint_right_ordinary", "skill": "walking", "seed": 927012, "completed": true, "error": null, "brake_success": null, "task_success": true}
{"case": "sprint_right", "skill": "walking", "seed": 927012, "completed": true, "error": null, "brake_success": null, "task_success": true}
{"case": "sprint_right", "skill": "walking", "seed": 927013, "completed": true, "error": null, "brake_success": null, "task_success": true}
{"case": "sprint_right", "skill": "walking", "seed": 927014, "completed": true, "error": null, "brake_success": null, "task_success": true}
{"case": "sprint_right_ordinary", "skill": "walking", "seed": 927015, "completed": true, "error": null, "brake_success": null, "task_success": true}
{"case": "sprint_right_ordinary", "skill": "walking", "seed": 927014, "completed": true, "error": null, "brake_success": null, "task_success": true}
{"case": "sprint_right", "skill": "walking", "seed": 927015, "completed": true, "error": null, "brake_success": null, "task_success": true}
{"case": "sprint_alternate_ordinary", "skill": "walking", "seed": 927000, "completed": true, "error": null, "brake_success": null, "task_success": true}
{"case": "sprint_alternate", "skill": "walking", "seed": 927001, "completed": true, "error": null, "brake_success": null, "task_success": false}
{"case": "sprint_alternate", "skill": "walking", "seed": 927000, "completed": true, "error": null, "brake_success": null, "task_success": true}
{"case": "sprint_alternate_ordinary", "skill": "walking", "seed": 927001, "completed": true, "error": null, "brake_success": null, "task_success": true}
{"case": "sprint_alternate_ordinary", "skill": "walking", "seed": 927003, "completed": true, "error": null, "brake_success": null, "task_success": true}
{"case": "sprint_alternate", "skill": "walking", "seed": 927002, "completed": true, "error": null, "brake_success": null, "task_success": true}
{"case": "sprint_alternate", "skill": "walking", "seed": 927003, "completed": true, "error": null, "brake_success": null, "task_success": true}
{"case": "sprint_alternate_ordinary", "skill": "walking", "seed": 927002, "completed": true, "error": null, "brake_success": null, "task_success": true}
{"case": "sprint_alternate", "skill": "walking", "seed": 927004, "completed": true, "error": null, "brake_success": null, "task_success": true}
{"case": "sprint_alternate_ordinary", "skill": "walking", "seed": 927005, "completed": true, "error": null, "brake_success": null, "task_success": true}
{"case": "sprint_alternate_ordinary", "skill": "walking", "seed": 927004, "completed": true, "error": null, "brake_success": null, "task_success": true}
{"case": "sprint_alternate", "skill": "walking", "seed": 927005, "completed": true, "error": null, "brake_success": null, "task_success": true}
{"case": "sprint_alternate_ordinary", "skill": "walking", "seed": 927006, "completed": true, "error": null, "brake_success": null, "task_success": true}
{"case": "sprint_alternate", "skill": "walking", "seed": 927007, "completed": true, "error": null, "brake_success": null, "task_success": false}
{"case": "sprint_alternate_ordinary", "skill": "walking", "seed": 927007, "completed": true, "error": null, "brake_success": null, "task_success": true}
{"case": "sprint_alternate", "skill": "walking", "seed": 927006, "completed": true, "error": null, "brake_success": null, "task_success": true}
{"case": "sprint_alternate", "skill": "walking", "seed": 927008, "completed": true, "error": null, "brake_success": null, "task_success": false}
{"case": "sprint_alternate_ordinary", "skill": "walking", "seed": 927009, "completed": true, "error": null, "brake_success": null, "task_success": true}
{"case": "sprint_alternate_ordinary", "skill": "walking", "seed": 927008, "completed": true, "error": null, "brake_success": null, "task_success": true}
{"case": "sprint_alternate", "skill": "walking", "seed": 927009, "completed": true, "error": null, "brake_success": null, "task_success": true}
{"case": "sprint_alternate_ordinary", "skill": "walking", "seed": 927011, "completed": true, "error": null, "brake_success": null, "task_success": true}
{"case": "sprint_alternate", "skill": "walking", "seed": 927010, "completed": true, "error": null, "brake_success": null, "task_success": true}
{"case": "sprint_alternate_ordinary", "skill": "walking", "seed": 927010, "completed": true, "error": null, "brake_success": null, "task_success": true}
{"case": "sprint_alternate", "skill": "walking", "seed": 927011, "completed": true, "error": null, "brake_success": null, "task_success": true}
{"case": "sprint_alternate", "skill": "walking", "seed": 927013, "completed": true, "error": null, "brake_success": null, "task_success": true}
{"case": "sprint_alternate", "skill": "walking", "seed": 927012, "completed": true, "error": null, "brake_success": null, "task_success": true}
{"case": "sprint_alternate_ordinary", "skill": "walking", "seed": 927012, "completed": true, "error": null, "brake_success": null, "task_success": true}
{"case": "sprint_alternate_ordinary", "skill": "walking", "seed": 927013, "completed": true, "error": null, "brake_success": null, "task_success": true}
{"case": "sprint_alternate_ordinary", "skill": "walking", "seed": 927015, "completed": true, "error": null, "brake_success": null, "task_success": true}
{"case": "sprint_alternate", "skill": "walking", "seed": 927015, "completed": true, "error": null, "brake_success": null, "task_success": true}
{"case": "sprint_alternate_ordinary", "skill": "walking", "seed": 927014, "completed": true, "error": null, "brake_success": null, "task_success": true}
{"case": "sprint_alternate", "skill": "walking", "seed": 927014, "completed": true, "error": null, "brake_success": null, "task_success": true}
{"case": "sprint_turn_release", "skill": "walking", "seed": 927000, "completed": true, "error": null, "brake_success": null, "task_success": true}
{"case": "sprint_turn_release", "skill": "walking", "seed": 927001, "completed": true, "error": null, "brake_success": null, "task_success": true}
{"case": "sprint_turn_release_ordinary", "skill": "walking", "seed": 927001, "completed": true, "error": null, "brake_success": null, "task_success": true}
{"case": "sprint_turn_release_ordinary", "skill": "walking", "seed": 927000, "completed": true, "error": null, "brake_success": null, "task_success": true}
{"case": "sprint_turn_release_ordinary", "skill": "walking", "seed": 927003, "completed": true, "error": null, "brake_success": null, "task_success": true}
{"case": "sprint_turn_release", "skill": "walking", "seed": 927003, "completed": true, "error": null, "brake_success": null, "task_success": true}
{"case": "sprint_turn_release", "skill": "walking", "seed": 927002, "completed": true, "error": null, "brake_success": null, "task_success": true}
{"case": "sprint_turn_release_ordinary", "skill": "walking", "seed": 927002, "completed": true, "error": null, "brake_success": null, "task_success": true}
{"case": "sprint_turn_release", "skill": "walking", "seed": 927005, "completed": true, "error": null, "brake_success": null, "task_success": true}
{"case": "sprint_turn_release", "skill": "walking", "seed": 927004, "completed": true, "error": null, "brake_success": null, "task_success": true}
{"case": "sprint_turn_release_ordinary", "skill": "walking", "seed": 927004, "completed": true, "error": null, "brake_success": null, "task_success": true}
{"case": "sprint_turn_release_ordinary", "skill": "walking", "seed": 927005, "completed": true, "error": null, "brake_success": null, "task_success": true}
{"case": "sprint_turn_release_ordinary", "skill": "walking", "seed": 927007, "completed": true, "error": null, "brake_success": null, "task_success": true}
{"case": "sprint_turn_release", "skill": "walking", "seed": 927006, "completed": true, "error": null, "brake_success": null, "task_success": true}
{"case": "sprint_turn_release", "skill": "walking", "seed": 927007, "completed": true, "error": null, "brake_success": null, "task_success": true}
{"case": "sprint_turn_release_ordinary", "skill": "walking", "seed": 927006, "completed": true, "error": null, "brake_success": null, "task_success": true}
{"case": "sprint_turn_release", "skill": "walking", "seed": 927009, "completed": true, "error": null, "brake_success": null, "task_success": true}
{"case": "sprint_turn_release", "skill": "walking", "seed": 927008, "completed": true, "error": null, "brake_success": null, "task_success": true}
{"case": "sprint_turn_release_ordinary", "skill": "walking", "seed": 927009, "completed": true, "error": null, "brake_success": null, "task_success": true}
{"case": "sprint_turn_release_ordinary", "skill": "walking", "seed": 927008, "completed": true, "error": null, "brake_success": null, "task_success": true}
{"case": "sprint_turn_release_ordinary", "skill": "walking", "seed": 927011, "completed": true, "error": null, "brake_success": null, "task_success": true}
{"case": "sprint_turn_release", "skill": "walking", "seed": 927011, "completed": true, "error": null, "brake_success": null, "task_success": true}
{"case": "sprint_turn_release_ordinary", "skill": "walking", "seed": 927010, "completed": true, "error": null, "brake_success": null, "task_success": true}
{"case": "sprint_turn_release", "skill": "walking", "seed": 927010, "completed": true, "error": null, "brake_success": null, "task_success": true}
{"case": "sprint_turn_release_ordinary", "skill": "walking", "seed": 927012, "completed": true, "error": null, "brake_success": null, "task_success": true}
{"case": "sprint_turn_release", "skill": "walking", "seed": 927013, "completed": true, "error": null, "brake_success": null, "task_success": true}
{"case": "sprint_turn_release", "skill": "walking", "seed": 927012, "completed": true, "error": null, "brake_success": null, "task_success": true}
{"case": "sprint_turn_release_ordinary", "skill": "walking", "seed": 927013, "completed": true, "error": null, "brake_success": null, "task_success": true}
{"case": "sprint_turn_release", "skill": "walking", "seed": 927014, "completed": true, "error": null, "brake_success": null, "task_success": true}
{"case": "sprint_turn_release_ordinary", "skill": "walking", "seed": 927014, "completed": true, "error": null, "brake_success": null, "task_success": true}
{"case": "sprint_turn_release_ordinary", "skill": "walking", "seed": 927015, "completed": true, "error": null, "brake_success": null, "task_success": true}
{"case": "sprint_turn_release", "skill": "walking", "seed": 927015, "completed": true, "error": null, "brake_success": null, "task_success": true}
{"case": "sprint_repeat_ordinary", "skill": "walking", "seed": 927000, "completed": true, "error": null, "brake_success": null, "task_success": true}
{"case": "sprint_repeat", "skill": "walking", "seed": 927000, "completed": true, "error": null, "brake_success": null, "task_success": true}
{"case": "sprint_repeat_ordinary", "skill": "walking", "seed": 927001, "completed": true, "error": null, "brake_success": null, "task_success": true}
{"case": "sprint_repeat", "skill": "walking", "seed": 927001, "completed": true, "error": null, "brake_success": null, "task_success": true}
{"case": "sprint_repeat", "skill": "walking", "seed": 927003, "completed": true, "error": null, "brake_success": null, "task_success": true}
{"case": "sprint_repeat_ordinary", "skill": "walking", "seed": 927003, "completed": true, "error": null, "brake_success": null, "task_success": true}
{"case": "sprint_repeat", "skill": "walking", "seed": 927002, "completed": true, "error": null, "brake_success": null, "task_success": true}
{"case": "sprint_repeat_ordinary", "skill": "walking", "seed": 927002, "completed": true, "error": null, "brake_success": null, "task_success": true}
{"case": "sprint_repeat", "skill": "walking", "seed": 927005, "completed": true, "error": null, "brake_success": null, "task_success": true}
{"case": "sprint_repeat", "skill": "walking", "seed": 927004, "completed": true, "error": null, "brake_success": null, "task_success": true}
{"case": "sprint_repeat_ordinary", "skill": "walking", "seed": 927005, "completed": true, "error": null, "brake_success": null, "task_success": true}
{"case": "sprint_repeat_ordinary", "skill": "walking", "seed": 927004, "completed": true, "error": null, "brake_success": null, "task_success": true}
{"case": "sprint_repeat", "skill": "walking", "seed": 927006, "completed": true, "error": null, "brake_success": null, "task_success": true}
{"case": "sprint_repeat_ordinary", "skill": "walking", "seed": 927007, "completed": true, "error": null, "brake_success": null, "task_success": true}
{"case": "sprint_repeat", "skill": "walking", "seed": 927007, "completed": true, "error": null, "brake_success": null, "task_success": true}
{"case": "sprint_repeat_ordinary", "skill": "walking", "seed": 927006, "completed": true, "error": null, "brake_success": null, "task_success": true}
{"case": "sprint_repeat", "skill": "walking", "seed": 927009, "completed": true, "error": null, "brake_success": null, "task_success": true}
{"case": "sprint_repeat_ordinary", "skill": "walking", "seed": 927008, "completed": true, "error": null, "brake_success": null, "task_success": true}
{"case": "sprint_repeat", "skill": "walking", "seed": 927008, "completed": true, "error": null, "brake_success": null, "task_success": true}
{"case": "sprint_repeat_ordinary", "skill": "walking", "seed": 927009, "completed": true, "error": null, "brake_success": null, "task_success": true}
{"case": "sprint_repeat", "skill": "walking", "seed": 927010, "completed": true, "error": null, "brake_success": null, "task_success": true}
{"case": "sprint_repeat_ordinary", "skill": "walking", "seed": 927011, "completed": true, "error": null, "brake_success": null, "task_success": true}
{"case": "sprint_repeat", "skill": "walking", "seed": 927011, "completed": true, "error": null, "brake_success": null, "task_success": true}
{"case": "sprint_repeat_ordinary", "skill": "walking", "seed": 927010, "completed": true, "error": null, "brake_success": null, "task_success": true}
{"case": "sprint_repeat_ordinary", "skill": "walking", "seed": 927012, "completed": true, "error": null, "brake_success": null, "task_success": true}
{"case": "sprint_repeat_ordinary", "skill": "walking", "seed": 927013, "completed": true, "error": null, "brake_success": null, "task_success": true}
{"case": "sprint_repeat", "skill": "walking", "seed": 927012, "completed": true, "error": null, "brake_success": null, "task_success": true}
{"case": "sprint_repeat", "skill": "walking", "seed": 927013, "completed": true, "error": null, "brake_success": null, "task_success": true}
{"case": "sprint_repeat", "skill": "walking", "seed": 927014, "completed": true, "error": null, "brake_success": null, "task_success": true}
{"case": "sprint_repeat", "skill": "walking", "seed": 927015, "completed": true, "error": null, "brake_success": null, "task_success": true}
{"case": "sprint_repeat_ordinary", "skill": "walking", "seed": 927015, "completed": true, "error": null, "brake_success": null, "task_success": true}
{"case": "sprint_repeat_ordinary", "skill": "walking", "seed": 927014, "completed": true, "error": null, "brake_success": null, "task_success": true}
{"case": "sprint_shift_first", "skill": "walking", "seed": 925012, "completed": true, "error": null, "brake_success": null, "task_success": true}
{"case": "sprint_repeat", "skill": "walking", "seed": 925002, "completed": true, "error": null, "brake_success": null, "task_success": true}
{"case": "sprint_turn_release", "skill": "walking", "seed": 925005, "completed": true, "error": null, "brake_success": null, "task_success": true}
{"case": "sprint_turn_release", "skill": "walking", "seed": 925007, "completed": true, "error": null, "brake_success": null, "task_success": true}
{"case": "remove_forward_prefix", "skill": "walking", "seed": 923000, "completed": true, "error": null, "brake_success": null, "task_success": true}
{"case": "sprint_w_first", "skill": "walking", "seed": 925006, "completed": true, "error": null, "brake_success": null, "task_success": true}
{"case": "sprint_w_first", "skill": "walking", "seed": 925015, "completed": true, "error": null, "brake_success": null, "task_success": true}
{'regression_count': 7, 'regression_pass': 7, 'regression_failures': [], 'ordinary_pass': 128, 'errors': 0, 'candidate_count': 128, 'candidate_pass': 125, 'candidate_falls': 0, 'accepted': False, 'mini': {'success': True, 'fell': False, 'first_fall_s': None, 'score': 0.21728413823148965, 'sustained_mean_vx': 0.21728413823148965, 'sustained_p10_vx': 0.12581484399849482, 'max_tilt': 8.170300093104016, 'min_z': 0.1135192296800246, 'straight': [{'at': 6, 'heading_error_deg': 4.469456274869198, 'lateral_path_m': 0.030678884354125056, 'lateral_limit_m': 0.05, 'passed': True}], 'turns': [{'at': 1, 'requested': 0.800000011920929, 'signed_yaw_rate': 0.7406215833578704, 'sustained_reverse': False, 'passed': True}], 'stops': [], 'actor_selection_passed': True, 'speed_gain_gate': 'requires paired ordinary result'}, 'models': {'standing': '1569268713e40deea795dd2922dba50d3621e15a872855408b6b1b125b1c094b', 'walking': '27ebbf83d63e5e59f125ceb158414cf7d2574990676d73c75b9c9870bcefed6e', 'sitstand': 'e031f1a4afad2b64a01db37d8e0d3795b66ebe77087241574a6287fc705720f0', 'ground_pick': 'ffbf5109982ff999b0ba53afe86b9ae731bbec679d67fb7f8ab4c52152c88872', 'kick_left': '43c564c9d5d6ab692dfd034cc614420bcb91680e111dd2fa60f9ac0cf3b08ca9', 'kick_right': '103c2018cedb778e38801e092061490407835d7efad22660bb9bc2d57f90c8fe', 'roulade': '1c897dbb9b2700944adb182950e16e83e122f38d1091107157816689817ceced', 'roller': 'c2f4229372921e188c09e1a68e56bdd7201dd99d52edef2dd16aa1f654a26e97', 'roller_crouch': 'a1a084be240469c76ac9d3fa44d4792f16d4b1da60398b3ecd3cfc5e2244d990', 'sprint': 'b9a06de25cd04e1f31766ac2a422b4838c4cfa5fefd59c62cbbc517d3cc8400a'}, 'comparisons': [{'case': 'sprint_alternate', 'count': 16, 'candidate_vx': 0.20817003643839496, 'ordinary_vx': 0.168142226109605, 'ratio': 1.2380592386275264, 'speed_pass': True}, {'case': 'sprint_left', 'count': 16, 'candidate_vx': 0.20334575072570515, 'ordinary_vx': 0.15286355478148964, 'ratio': 1.330243503864457, 'speed_pass': True}, {'case': 'sprint_long', 'count': 16, 'candidate_vx': 0.23264560618509575, 'ordinary_vx': 0.19321023067664278, 'ratio': 1.2041060422646672, 'speed_pass': True}, {'case': 'sprint_repeat', 'count': 16, 'candidate_vx': 0.23361754029005696, 'ordinary_vx': 0.19399565845638242, 'ratio': 1.204241075026857, 'speed_pass': True}, {'case': 'sprint_right', 'count': 16, 'candidate_vx': 0.2227302728497804, 'ordinary_vx': 0.16720928897140488, 'ratio': 1.3320448536078062, 'speed_pass': True}, {'case': 'sprint_shift_first', 'count': 16, 'candidate_vx': 0.2328634312165401, 'ordinary_vx': 0.19315020143297829, 'ratio': 1.2056080163982745, 'speed_pass': True}, {'case': 'sprint_turn_release', 'count': 16, 'candidate_vx': 0.20110814806119492, 'ordinary_vx': 0.15062002910411837, 'ratio': 1.3352018935156087, 'speed_pass': True}, {'case': 'sprint_w_first', 'count': 16, 'candidate_vx': 0.23332970490135493, 'ordinary_vx': 0.19348123410403567, 'ratio': 1.2059552234192004, 'speed_pass': True}]}
{"vs_s05": {"counts": {"sprint_pass": 125, "sprint_count": 128, "ordinary_pass": 128, "ordinary_count": 128, "regression_pass": 7, "regression_count": 7}, "falls": 0, "lost_baseline_successes": [["sprint_alternate", 927001], ["sprint_alternate", 927007], ["sprint_alternate", 927008]], "fixed_baseline_failures": [["remove_forward_prefix", 923000], ["sprint_right", 927001], ["sprint_right", 927002], ["sprint_right", 927003], ["sprint_right", 927004], ["sprint_right", 927015]], "development_eligible": false, "failed": [{"case": ["sprint_alternate", 927001], "fell": false, "straight": [], "turns": [{"at": 6, "requested": 0.800000011920929, "signed_yaw_rate": 0.4239232928809242, "sustained_reverse": false, "passed": false}], "stops": []}, {"case": ["sprint_alternate", 927007], "fell": false, "straight": [], "turns": [{"at": 6, "requested": 0.800000011920929, "signed_yaw_rate": 0.40604095943880397, "sustained_reverse": false, "passed": false}], "stops": []}, {"case": ["sprint_alternate", 927008], "fell": false, "straight": [], "turns": [{"at": 6, "requested": 0.800000011920929, "signed_yaw_rate": 0.4675018640964012, "sustained_reverse": false, "passed": false}], "stops": []}]}, "vs_prior_best": {"counts": {"sprint_pass": 125, "sprint_count": 128, "ordinary_pass": 128, "ordinary_count": 128, "regression_pass": 7, "regression_count": 7}, "falls": 0, "lost_baseline_successes": [["sprint_alternate", 927001], ["sprint_alternate", 927007], ["sprint_alternate", 927008]], "fixed_baseline_failures": [["sprint_shift_first", 927008]], "development_eligible": false, "failed": [{"case": ["sprint_alternate", 927001], "fell": false, "straight": [], "turns": [{"at": 6, "requested": 0.800000011920929, "signed_yaw_rate": 0.4239232928809242, "sustained_reverse": false, "passed": false}], "stops": []}, {"case": ["sprint_alternate", 927007], "fell": false, "straight": [], "turns": [{"at": 6, "requested": 0.800000011920929, "signed_yaw_rate": 0.40604095943880397, "sustained_reverse": false, "passed": false}], "stops": []}, {"case": ["sprint_alternate", 927008], "fell": false, "straight": [], "turns": [{"at": 6, "requested": 0.800000011920929, "signed_yaw_rate": 0.4675018640964012, "sustained_reverse": false, "passed": false}], "stops": []}]}, "vs_initial": {"counts": {"sprint_pass": 125, "sprint_count": 128, "ordinary_pass": 128, "ordinary_count": 128, "regression_pass": 7, "regression_count": 7}, "falls": 0, "lost_baseline_successes": [["sprint_alternate", 927007], ["sprint_alternate", 927008]], "fixed_baseline_failures": [], "development_eligible": false, "failed": [{"case": ["sprint_alternate", 927001], "fell": false, "straight": [], "turns": [{"at": 6, "requested": 0.800000011920929, "signed_yaw_rate": 0.4239232928809242, "sustained_reverse": false, "passed": false}], "stops": []}, {"case": ["sprint_alternate", 927007], "fell": false, "straight": [], "turns": [{"at": 6, "requested": 0.800000011920929, "signed_yaw_rate": 0.40604095943880397, "sustained_reverse": false, "passed": false}], "stops": []}, {"case": ["sprint_alternate", 927008], "fell": false, "straight": [], "turns": [{"at": 6, "requested": 0.800000011920929, "signed_yaw_rate": 0.4675018640964012, "sustained_reverse": false, "passed": false}], "stops": []}]}}
{"case": "sprint_shift_first_ordinary", "skill": "walking", "seed": 927001, "completed": true, "error": null, "brake_success": null, "task_success": true}
{"case": "sprint_shift_first", "skill": "walking", "seed": 927000, "completed": true, "error": null, "brake_success": null, "task_success": true}
{"case": "sprint_shift_first_ordinary", "skill": "walking", "seed": 927000, "completed": true, "error": null, "brake_success": null, "task_success": true}
{"case": "sprint_shift_first", "skill": "walking", "seed": 927001, "completed": true, "error": null, "brake_success": null, "task_success": true}
{"case": "sprint_shift_first_ordinary", "skill": "walking", "seed": 927002, "completed": true, "error": null, "brake_success": null, "task_success": true}
{"case": "sprint_shift_first_ordinary", "skill": "walking", "seed": 927003, "completed": true, "error": null, "brake_success": null, "task_success": true}
{"case": "sprint_shift_first", "skill": "walking", "seed": 927003, "completed": true, "error": null, "brake_success": null, "task_success": true}
{"case": "sprint_shift_first", "skill": "walking", "seed": 927002, "completed": true, "error": null, "brake_success": null, "task_success": true}
{"case": "sprint_shift_first", "skill": "walking", "seed": 927005, "completed": true, "error": null, "brake_success": null, "task_success": true}
{"case": "sprint_shift_first_ordinary", "skill": "walking", "seed": 927004, "completed": true, "error": null, "brake_success": null, "task_success": true}
{"case": "sprint_shift_first", "skill": "walking", "seed": 927004, "completed": true, "error": null, "brake_success": null, "task_success": true}
{"case": "sprint_shift_first_ordinary", "skill": "walking", "seed": 927005, "completed": true, "error": null, "brake_success": null, "task_success": true}
{"case": "sprint_shift_first", "skill": "walking", "seed": 927007, "completed": true, "error": null, "brake_success": null, "task_success": true}
{"case": "sprint_shift_first_ordinary", "skill": "walking", "seed": 927006, "completed": true, "error": null, "brake_success": null, "task_success": true}
{"case": "sprint_shift_first", "skill": "walking", "seed": 927006, "completed": true, "error": null, "brake_success": null, "task_success": true}
{"case": "sprint_shift_first_ordinary", "skill": "walking", "seed": 927007, "completed": true, "error": null, "brake_success": null, "task_success": true}
{"case": "sprint_shift_first_ordinary", "skill": "walking", "seed": 927009, "completed": true, "error": null, "brake_success": null, "task_success": true}
{"case": "sprint_shift_first", "skill": "walking", "seed": 927009, "completed": true, "error": null, "brake_success": null, "task_success": true}
{"case": "sprint_shift_first", "skill": "walking", "seed": 927008, "completed": true, "error": null, "brake_success": null, "task_success": true}
{"case": "sprint_shift_first_ordinary", "skill": "walking", "seed": 927008, "completed": true, "error": null, "brake_success": null, "task_success": true}
{"case": "sprint_shift_first", "skill": "walking", "seed": 927010, "completed": true, "error": null, "brake_success": null, "task_success": true}
{"case": "sprint_shift_first", "skill": "walking", "seed": 927011, "completed": true, "error": null, "brake_success": null, "task_success": true}
{"case": "sprint_shift_first_ordinary", "skill": "walking", "seed": 927011, "completed": true, "error": null, "brake_success": null, "task_success": true}
{"case": "sprint_shift_first_ordinary", "skill": "walking", "seed": 927010, "completed": true, "error": null, "brake_success": null, "task_success": true}
{"case": "sprint_shift_first", "skill": "walking", "seed": 927012, "completed": true, "error": null, "brake_success": null, "task_success": true}
{"case": "sprint_shift_first_ordinary", "skill": "walking", "seed": 927013, "completed": true, "error": null, "brake_success": null, "task_success": true}
{"case": "sprint_shift_first", "skill": "walking", "seed": 927013, "completed": true, "error": null, "brake_success": null, "task_success": true}
{"case": "sprint_shift_first_ordinary", "skill": "walking", "seed": 927012, "completed": true, "error": null, "brake_success": null, "task_success": true}
{"case": "sprint_shift_first", "skill": "walking", "seed": 927014, "completed": true, "error": null, "brake_success": null, "task_success": true}
{"case": "sprint_shift_first_ordinary", "skill": "walking", "seed": 927015, "completed": true, "error": null, "brake_success": null, "task_success": true}
{"case": "sprint_shift_first_ordinary", "skill": "walking", "seed": 927014, "completed": true, "error": null, "brake_success": null, "task_success": true}
{"case": "sprint_shift_first", "skill": "walking", "seed": 927015, "completed": true, "error": null, "brake_success": null, "task_success": true}
{"case": "sprint_w_first", "skill": "walking", "seed": 927001, "completed": true, "error": null, "brake_success": null, "task_success": true}
{"case": "sprint_w_first_ordinary", "skill": "walking", "seed": 927001, "completed": true, "error": null, "brake_success": null, "task_success": true}
{"case": "sprint_w_first_ordinary", "skill": "walking", "seed": 927000, "completed": true, "error": null, "brake_success": null, "task_success": true}
{"case": "sprint_w_first", "skill": "walking", "seed": 927000, "completed": true, "error": null, "brake_success": null, "task_success": true}
{"case": "sprint_w_first_ordinary", "skill": "walking", "seed": 927003, "completed": true, "error": null, "brake_success": null, "task_success": true}
{"case": "sprint_w_first", "skill": "walking", "seed": 927003, "completed": true, "error": null, "brake_success": null, "task_success": true}
{"case": "sprint_w_first_ordinary", "skill": "walking", "seed": 927002, "completed": true, "error": null, "brake_success": null, "task_success": true}
{"case": "sprint_w_first", "skill": "walking", "seed": 927002, "completed": true, "error": null, "brake_success": null, "task_success": true}
{"case": "sprint_w_first_ordinary", "skill": "walking", "seed": 927005, "completed": true, "error": null, "brake_success": null, "task_success": true}
{"case": "sprint_w_first", "skill": "walking", "seed": 927005, "completed": true, "error": null, "brake_success": null, "task_success": true}
{"case": "sprint_w_first", "skill": "walking", "seed": 927004, "completed": true, "error": null, "brake_success": null, "task_success": true}
{"case": "sprint_w_first_ordinary", "skill": "walking", "seed": 927004, "completed": true, "error": null, "brake_success": null, "task_success": true}
{"case": "sprint_w_first_ordinary", "skill": "walking", "seed": 927006, "completed": true, "error": null, "brake_success": null, "task_success": true}
{"case": "sprint_w_first", "skill": "walking", "seed": 927007, "completed": true, "error": null, "brake_success": null, "task_success": true}
{"case": "sprint_w_first", "skill": "walking", "seed": 927006, "completed": true, "error": null, "brake_success": null, "task_success": true}
{"case": "sprint_w_first_ordinary", "skill": "walking", "seed": 927007, "completed": true, "error": null, "brake_success": null, "task_success": true}
{"case": "sprint_w_first_ordinary", "skill": "walking", "seed": 927009, "completed": true, "error": null, "brake_success": null, "task_success": true}
{"case": "sprint_w_first_ordinary", "skill": "walking", "seed": 927008, "completed": true, "error": null, "brake_success": null, "task_success": true}
{"case": "sprint_w_first", "skill": "walking", "seed": 927009, "completed": true, "error": null, "brake_success": null, "task_success": true}
{"case": "sprint_w_first", "skill": "walking", "seed": 927008, "completed": true, "error": null, "brake_success": null, "task_success": true}
{"case": "sprint_w_first_ordinary", "skill": "walking", "seed": 927010, "completed": true, "error": null, "brake_success": null, "task_success": true}
{"case": "sprint_w_first", "skill": "walking", "seed": 927010, "completed": true, "error": null, "brake_success": null, "task_success": true}
{"case": "sprint_w_first_ordinary", "skill": "walking", "seed": 927011, "completed": true, "error": null, "brake_success": null, "task_success": true}
{"case": "sprint_w_first", "skill": "walking", "seed": 927011, "completed": true, "error": null, "brake_success": null, "task_success": true}
{"case": "sprint_w_first_ordinary", "skill": "walking", "seed": 927012, "completed": true, "error": null, "brake_success": null, "task_success": true}
{"case": "sprint_w_first", "skill": "walking", "seed": 927012, "completed": true, "error": null, "brake_success": null, "task_success": true}
{"case": "sprint_w_first", "skill": "walking", "seed": 927013, "completed": true, "error": null, "brake_success": null, "task_success": true}
{"case": "sprint_w_first_ordinary", "skill": "walking", "seed": 927013, "completed": true, "error": null, "brake_success": null, "task_success": true}
{"case": "sprint_w_first_ordinary", "skill": "walking", "seed": 927015, "completed": true, "error": null, "brake_success": null, "task_success": true}
{"case": "sprint_w_first", "skill": "walking", "seed": 927014, "completed": true, "error": null, "brake_success": null, "task_success": true}
{"case": "sprint_w_first_ordinary", "skill": "walking", "seed": 927014, "completed": true, "error": null, "brake_success": null, "task_success": true}
{"case": "sprint_w_first", "skill": "walking", "seed": 927015, "completed": true, "error": null, "brake_success": null, "task_success": true}
{"case": "sprint_long", "skill": "walking", "seed": 927001, "completed": true, "error": null, "brake_success": null, "task_success": true}
{"case": "sprint_long", "skill": "walking", "seed": 927000, "completed": true, "error": null, "brake_success": null, "task_success": true}
{"case": "sprint_long_ordinary", "skill": "walking", "seed": 927000, "completed": true, "error": null, "brake_success": null, "task_success": true}
{"case": "sprint_long_ordinary", "skill": "walking", "seed": 927001, "completed": true, "error": null, "brake_success": null, "task_success": true}
{"case": "sprint_long", "skill": "walking", "seed": 927003, "completed": true, "error": null, "brake_success": null, "task_success": true}
{"case": "sprint_long_ordinary", "skill": "walking", "seed": 927002, "completed": true, "error": null, "brake_success": null, "task_success": true}
{"case": "sprint_long_ordinary", "skill": "walking", "seed": 927003, "completed": true, "error": null, "brake_success": null, "task_success": true}
{"case": "sprint_long", "skill": "walking", "seed": 927002, "completed": true, "error": null, "brake_success": null, "task_success": true}
{"case": "sprint_long", "skill": "walking", "seed": 927004, "completed": true, "error": null, "brake_success": null, "task_success": true}
{"case": "sprint_long", "skill": "walking", "seed": 927005, "completed": true, "error": null, "brake_success": null, "task_success": true}
{"case": "sprint_long_ordinary", "skill": "walking", "seed": 927005, "completed": true, "error": null, "brake_success": null, "task_success": true}
{"case": "sprint_long_ordinary", "skill": "walking", "seed": 927004, "completed": true, "error": null, "brake_success": null, "task_success": true}
{"case": "sprint_long_ordinary", "skill": "walking", "seed": 927007, "completed": true, "error": null, "brake_success": null, "task_success": true}
{"case": "sprint_long", "skill": "walking", "seed": 927007, "completed": true, "error": null, "brake_success": null, "task_success": true}
{"case": "sprint_long", "skill": "walking", "seed": 927006, "completed": true, "error": null, "brake_success": null, "task_success": true}
{"case": "sprint_long_ordinary", "skill": "walking", "seed": 927006, "completed": true, "error": null, "brake_success": null, "task_success": true}
{"case": "sprint_long_ordinary", "skill": "walking", "seed": 927008, "completed": true, "error": null, "brake_success": null, "task_success": true}
{"case": "sprint_long", "skill": "walking", "seed": 927008, "completed": true, "error": null, "brake_success": null, "task_success": true}
{"case": "sprint_long_ordinary", "skill": "walking", "seed": 927009, "completed": true, "error": null, "brake_success": null, "task_success": true}
{"case": "sprint_long", "skill": "walking", "seed": 927009, "completed": true, "error": null, "brake_success": null, "task_success": true}
{"case": "sprint_long", "skill": "walking", "seed": 927010, "completed": true, "error": null, "brake_success": null, "task_success": true}
{"case": "sprint_long_ordinary", "skill": "walking", "seed": 927010, "completed": true, "error": null, "brake_success": null, "task_success": true}
{"case": "sprint_long", "skill": "walking", "seed": 927011, "completed": true, "error": null, "brake_success": null, "task_success": true}
{"case": "sprint_long_ordinary", "skill": "walking", "seed": 927011, "completed": true, "error": null, "brake_success": null, "task_success": true}
{"case": "sprint_long_ordinary", "skill": "walking", "seed": 927012, "completed": true, "error": null, "brake_success": null, "task_success": true}
{"case": "sprint_long_ordinary", "skill": "walking", "seed": 927013, "completed": true, "error": null, "brake_success": null, "task_success": true}
{"case": "sprint_long", "skill": "walking", "seed": 927012, "completed": true, "error": null, "brake_success": null, "task_success": true}
{"case": "sprint_long", "skill": "walking", "seed": 927013, "completed": true, "error": null, "brake_success": null, "task_success": true}
{"case": "sprint_long_ordinary", "skill": "walking", "seed": 927015, "completed": true, "error": null, "brake_success": null, "task_success": true}
{"case": "sprint_long", "skill": "walking", "seed": 927014, "completed": true, "error": null, "brake_success": null, "task_success": true}
{"case": "sprint_long_ordinary", "skill": "walking", "seed": 927014, "completed": true, "error": null, "brake_success": null, "task_success": true}
{"case": "sprint_long", "skill": "walking", "seed": 927015, "completed": true, "error": null, "brake_success": null, "task_success": true}
{"case": "sprint_left", "skill": "walking", "seed": 927001, "completed": true, "error": null, "brake_success": null, "task_success": false}
{"case": "sprint_left_ordinary", "skill": "walking", "seed": 927001, "completed": true, "error": null, "brake_success": null, "task_success": true}
{"case": "sprint_left", "skill": "walking", "seed": 927000, "completed": true, "error": null, "brake_success": null, "task_success": true}
{"case": "sprint_left_ordinary", "skill": "walking", "seed": 927000, "completed": true, "error": null, "brake_success": null, "task_success": true}
{"case": "sprint_left_ordinary", "skill": "walking", "seed": 927002, "completed": true, "error": null, "brake_success": null, "task_success": true}
{"case": "sprint_left", "skill": "walking", "seed": 927002, "completed": true, "error": null, "brake_success": null, "task_success": true}
{"case": "sprint_left", "skill": "walking", "seed": 927003, "completed": true, "error": null, "brake_success": null, "task_success": true}
{"case": "sprint_left_ordinary", "skill": "walking", "seed": 927003, "completed": true, "error": null, "brake_success": null, "task_success": true}
{"case": "sprint_left", "skill": "walking", "seed": 927005, "completed": true, "error": null, "brake_success": null, "task_success": true}
{"case": "sprint_left_ordinary", "skill": "walking", "seed": 927005, "completed": true, "error": null, "brake_success": null, "task_success": true}
{"case": "sprint_left", "skill": "walking", "seed": 927004, "completed": true, "error": null, "brake_success": null, "task_success": true}
{"case": "sprint_left_ordinary", "skill": "walking", "seed": 927004, "completed": true, "error": null, "brake_success": null, "task_success": true}
{"case": "sprint_left", "skill": "walking", "seed": 927006, "completed": true, "error": null, "brake_success": null, "task_success": true}
{"case": "sprint_left_ordinary", "skill": "walking", "seed": 927006, "completed": true, "error": null, "brake_success": null, "task_success": true}
{"case": "sprint_left_ordinary", "skill": "walking", "seed": 927007, "completed": true, "error": null, "brake_success": null, "task_success": true}
{"case": "sprint_left", "skill": "walking", "seed": 927007, "completed": true, "error": null, "brake_success": null, "task_success": true}
{"case": "sprint_left", "skill": "walking", "seed": 927009, "completed": true, "error": null, "brake_success": null, "task_success": true}
{"case": "sprint_left", "skill": "walking", "seed": 927008, "completed": true, "error": null, "brake_success": null, "task_success": true}
{"case": "sprint_left_ordinary", "skill": "walking", "seed": 927009, "completed": true, "error": null, "brake_success": null, "task_success": true}
{"case": "sprint_left_ordinary", "skill": "walking", "seed": 927008, "completed": true, "error": null, "brake_success": null, "task_success": true}
{"case": "sprint_left", "skill": "walking", "seed": 927010, "completed": true, "error": null, "brake_success": null, "task_success": true}
{"case": "sprint_left_ordinary", "skill": "walking", "seed": 927010, "completed": true, "error": null, "brake_success": null, "task_success": true}
{"case": "sprint_left_ordinary", "skill": "walking", "seed": 927011, "completed": true, "error": null, "brake_success": null, "task_success": true}
{"case": "sprint_left", "skill": "walking", "seed": 927011, "completed": true, "error": null, "brake_success": null, "task_success": true}
{"case": "sprint_left_ordinary", "skill": "walking", "seed": 927013, "completed": true, "error": null, "brake_success": null, "task_success": true}
{"case": "sprint_left", "skill": "walking", "seed": 927013, "completed": true, "error": null, "brake_success": null, "task_success": true}
{"case": "sprint_left_ordinary", "skill": "walking", "seed": 927012, "completed": true, "error": null, "brake_success": null, "task_success": true}
{"case": "sprint_left", "skill": "walking", "seed": 927012, "completed": true, "error": null, "brake_success": null, "task_success": true}
{"case": "sprint_left_ordinary", "skill": "walking", "seed": 927014, "completed": true, "error": null, "brake_success": null, "task_success": true}
{"case": "sprint_left", "skill": "walking", "seed": 927015, "completed": true, "error": null, "brake_success": null, "task_success": true}
{"case": "sprint_left", "skill": "walking", "seed": 927014, "completed": true, "error": null, "brake_success": null, "task_success": true}
{"case": "sprint_left_ordinary", "skill": "walking", "seed": 927015, "completed": true, "error": null, "brake_success": null, "task_success": true}
{"case": "sprint_right_ordinary", "skill": "walking", "seed": 927001, "completed": true, "error": null, "brake_success": null, "task_success": true}
{"case": "sprint_right_ordinary", "skill": "walking", "seed": 927000, "completed": true, "error": null, "brake_success": null, "task_success": true}
{"case": "sprint_right", "skill": "walking", "seed": 927001, "completed": true, "error": null, "brake_success": null, "task_success": true}
{"case": "sprint_right", "skill": "walking", "seed": 927000, "completed": true, "error": null, "brake_success": null, "task_success": true}
{"case": "sprint_right", "skill": "walking", "seed": 927003, "completed": true, "error": null, "brake_success": null, "task_success": true}
{"case": "sprint_right", "skill": "walking", "seed": 927002, "completed": true, "error": null, "brake_success": null, "task_success": true}
{"case": "sprint_right_ordinary", "skill": "walking", "seed": 927002, "completed": true, "error": null, "brake_success": null, "task_success": true}
{"case": "sprint_right_ordinary", "skill": "walking", "seed": 927003, "completed": true, "error": null, "brake_success": null, "task_success": true}
{"case": "sprint_right", "skill": "walking", "seed": 927004, "completed": true, "error": null, "brake_success": null, "task_success": true}
{"case": "sprint_right", "skill": "walking", "seed": 927005, "completed": true, "error": null, "brake_success": null, "task_success": true}
{"case": "sprint_right_ordinary", "skill": "walking", "seed": 927005, "completed": true, "error": null, "brake_success": null, "task_success": true}
{"case": "sprint_right_ordinary", "skill": "walking", "seed": 927004, "completed": true, "error": null, "brake_success": null, "task_success": true}
{"case": "sprint_right", "skill": "walking", "seed": 927006, "completed": true, "error": null, "brake_success": null, "task_success": true}
{"case": "sprint_right", "skill": "walking", "seed": 927007, "completed": true, "error": null, "brake_success": null, "task_success": true}
{"case": "sprint_right_ordinary", "skill": "walking", "seed": 927007, "completed": true, "error": null, "brake_success": null, "task_success": true}
{"case": "sprint_right_ordinary", "skill": "walking", "seed": 927006, "completed": true, "error": null, "brake_success": null, "task_success": true}
{"case": "sprint_right", "skill": "walking", "seed": 927009, "completed": true, "error": null, "brake_success": null, "task_success": true}
{"case": "sprint_right_ordinary", "skill": "walking", "seed": 927009, "completed": true, "error": null, "brake_success": null, "task_success": true}
{"case": "sprint_right_ordinary", "skill": "walking", "seed": 927008, "completed": true, "error": null, "brake_success": null, "task_success": true}
{"case": "sprint_right", "skill": "walking", "seed": 927008, "completed": true, "error": null, "brake_success": null, "task_success": true}
{"case": "sprint_right", "skill": "walking", "seed": 927010, "completed": true, "error": null, "brake_success": null, "task_success": true}
{"case": "sprint_right_ordinary", "skill": "walking", "seed": 927010, "completed": true, "error": null, "brake_success": null, "task_success": true}
{"case": "sprint_right_ordinary", "skill": "walking", "seed": 927011, "completed": true, "error": null, "brake_success": null, "task_success": true}
{"case": "sprint_right", "skill": "walking", "seed": 927011, "completed": true, "error": null, "brake_success": null, "task_success": true}
{"case": "sprint_right", "skill": "walking", "seed": 927012, "completed": true, "error": null, "brake_success": null, "task_success": true}
{"case": "sprint_right", "skill": "walking", "seed": 927013, "completed": true, "error": null, "brake_success": null, "task_success": true}
{"case": "sprint_right_ordinary", "skill": "walking", "seed": 927012, "completed": true, "error": null, "brake_success": null, "task_success": true}
{"case": "sprint_right_ordinary", "skill": "walking", "seed": 927013, "completed": true, "error": null, "brake_success": null, "task_success": true}
{"case": "sprint_right", "skill": "walking", "seed": 927015, "completed": true, "error": null, "brake_success": null, "task_success": true}
{"case": "sprint_right_ordinary", "skill": "walking", "seed": 927014, "completed": true, "error": null, "brake_success": null, "task_success": true}
{"case": "sprint_right", "skill": "walking", "seed": 927014, "completed": true, "error": null, "brake_success": null, "task_success": true}
{"case": "sprint_right_ordinary", "skill": "walking", "seed": 927015, "completed": true, "error": null, "brake_success": null, "task_success": true}
{"case": "sprint_alternate", "skill": "walking", "seed": 927000, "completed": true, "error": null, "brake_success": null, "task_success": true}
{"case": "sprint_alternate", "skill": "walking", "seed": 927001, "completed": true, "error": null, "brake_success": null, "task_success": true}
{"case": "sprint_alternate_ordinary", "skill": "walking", "seed": 927000, "completed": true, "error": null, "brake_success": null, "task_success": true}
{"case": "sprint_alternate_ordinary", "skill": "walking", "seed": 927001, "completed": true, "error": null, "brake_success": null, "task_success": true}
{"case": "sprint_alternate_ordinary", "skill": "walking", "seed": 927003, "completed": true, "error": null, "brake_success": null, "task_success": true}
{"case": "sprint_alternate", "skill": "walking", "seed": 927002, "completed": true, "error": null, "brake_success": null, "task_success": true}
{"case": "sprint_alternate", "skill": "walking", "seed": 927003, "completed": true, "error": null, "brake_success": null, "task_success": false}
{"case": "sprint_alternate_ordinary", "skill": "walking", "seed": 927002, "completed": true, "error": null, "brake_success": null, "task_success": true}
{"case": "sprint_alternate", "skill": "walking", "seed": 927004, "completed": true, "error": null, "brake_success": null, "task_success": true}
{"case": "sprint_alternate_ordinary", "skill": "walking", "seed": 927004, "completed": true, "error": null, "brake_success": null, "task_success": true}
{"case": "sprint_alternate_ordinary", "skill": "walking", "seed": 927005, "completed": true, "error": null, "brake_success": null, "task_success": true}
{"case": "sprint_alternate", "skill": "walking", "seed": 927005, "completed": true, "error": null, "brake_success": null, "task_success": true}
{"case": "sprint_alternate_ordinary", "skill": "walking", "seed": 927006, "completed": true, "error": null, "brake_success": null, "task_success": true}
{"case": "sprint_alternate", "skill": "walking", "seed": 927007, "completed": true, "error": null, "brake_success": null, "task_success": true}
{"case": "sprint_alternate_ordinary", "skill": "walking", "seed": 927007, "completed": true, "error": null, "brake_success": null, "task_success": true}
{"case": "sprint_alternate", "skill": "walking", "seed": 927006, "completed": true, "error": null, "brake_success": null, "task_success": true}
{"case": "sprint_alternate", "skill": "walking", "seed": 927008, "completed": true, "error": null, "brake_success": null, "task_success": false}
{"case": "sprint_alternate_ordinary", "skill": "walking", "seed": 927008, "completed": true, "error": null, "brake_success": null, "task_success": true}
{"case": "sprint_alternate", "skill": "walking", "seed": 927009, "completed": true, "error": null, "brake_success": null, "task_success": true}
{"case": "sprint_alternate_ordinary", "skill": "walking", "seed": 927009, "completed": true, "error": null, "brake_success": null, "task_success": true}
{"case": "sprint_alternate", "skill": "walking", "seed": 927011, "completed": true, "error": null, "brake_success": null, "task_success": true}
{"case": "sprint_alternate_ordinary", "skill": "walking", "seed": 927010, "completed": true, "error": null, "brake_success": null, "task_success": true}
{"case": "sprint_alternate", "skill": "walking", "seed": 927010, "completed": true, "error": null, "brake_success": null, "task_success": true}
{"case": "sprint_alternate_ordinary", "skill": "walking", "seed": 927011, "completed": true, "error": null, "brake_success": null, "task_success": true}
{"case": "sprint_alternate", "skill": "walking", "seed": 927012, "completed": true, "error": null, "brake_success": null, "task_success": true}
{"case": "sprint_alternate_ordinary", "skill": "walking", "seed": 927013, "completed": true, "error": null, "brake_success": null, "task_success": true}
{"case": "sprint_alternate", "skill": "walking", "seed": 927013, "completed": true, "error": null, "brake_success": null, "task_success": true}
{"case": "sprint_alternate_ordinary", "skill": "walking", "seed": 927012, "completed": true, "error": null, "brake_success": null, "task_success": true}
{"case": "sprint_alternate", "skill": "walking", "seed": 927014, "completed": true, "error": null, "brake_success": null, "task_success": true}
{"case": "sprint_alternate", "skill": "walking", "seed": 927015, "completed": true, "error": null, "brake_success": null, "task_success": true}
{"case": "sprint_alternate_ordinary", "skill": "walking", "seed": 927015, "completed": true, "error": null, "brake_success": null, "task_success": true}
{"case": "sprint_alternate_ordinary", "skill": "walking", "seed": 927014, "completed": true, "error": null, "brake_success": null, "task_success": true}
{"case": "sprint_turn_release_ordinary", "skill": "walking", "seed": 927000, "completed": true, "error": null, "brake_success": null, "task_success": true}
{"case": "sprint_turn_release", "skill": "walking", "seed": 927001, "completed": true, "error": null, "brake_success": null, "task_success": true}
{"case": "sprint_turn_release", "skill": "walking", "seed": 927000, "completed": true, "error": null, "brake_success": null, "task_success": true}
{"case": "sprint_turn_release_ordinary", "skill": "walking", "seed": 927001, "completed": true, "error": null, "brake_success": null, "task_success": true}
{"case": "sprint_turn_release", "skill": "walking", "seed": 927003, "completed": true, "error": null, "brake_success": null, "task_success": true}
{"case": "sprint_turn_release_ordinary", "skill": "walking", "seed": 927002, "completed": true, "error": null, "brake_success": null, "task_success": true}
{"case": "sprint_turn_release_ordinary", "skill": "walking", "seed": 927003, "completed": true, "error": null, "brake_success": null, "task_success": true}
{"case": "sprint_turn_release", "skill": "walking", "seed": 927002, "completed": true, "error": null, "brake_success": null, "task_success": true}
{"case": "sprint_turn_release", "skill": "walking", "seed": 927004, "completed": true, "error": null, "brake_success": null, "task_success": true}
{"case": "sprint_turn_release_ordinary", "skill": "walking", "seed": 927005, "completed": true, "error": null, "brake_success": null, "task_success": true}
{"case": "sprint_turn_release", "skill": "walking", "seed": 927005, "completed": true, "error": null, "brake_success": null, "task_success": true}
{"case": "sprint_turn_release_ordinary", "skill": "walking", "seed": 927004, "completed": true, "error": null, "brake_success": null, "task_success": true}
{"case": "sprint_turn_release", "skill": "walking", "seed": 927006, "completed": true, "error": null, "brake_success": null, "task_success": true}
{"case": "sprint_turn_release_ordinary", "skill": "walking", "seed": 927007, "completed": true, "error": null, "brake_success": null, "task_success": true}
{"case": "sprint_turn_release_ordinary", "skill": "walking", "seed": 927006, "completed": true, "error": null, "brake_success": null, "task_success": true}
{"case": "sprint_turn_release", "skill": "walking", "seed": 927007, "completed": true, "error": null, "brake_success": null, "task_success": true}
{"case": "sprint_turn_release", "skill": "walking", "seed": 927008, "completed": true, "error": null, "brake_success": null, "task_success": true}
{"case": "sprint_turn_release_ordinary", "skill": "walking", "seed": 927009, "completed": true, "error": null, "brake_success": null, "task_success": true}
{"case": "sprint_turn_release_ordinary", "skill": "walking", "seed": 927008, "completed": true, "error": null, "brake_success": null, "task_success": true}
{"case": "sprint_turn_release", "skill": "walking", "seed": 927009, "completed": true, "error": null, "brake_success": null, "task_success": true}
{"case": "sprint_turn_release", "skill": "walking", "seed": 927011, "completed": true, "error": null, "brake_success": null, "task_success": true}
{"case": "sprint_turn_release", "skill": "walking", "seed": 927010, "completed": true, "error": null, "brake_success": null, "task_success": true}
{"case": "sprint_turn_release_ordinary", "skill": "walking", "seed": 927010, "completed": true, "error": null, "brake_success": null, "task_success": true}
{"case": "sprint_turn_release_ordinary", "skill": "walking", "seed": 927011, "completed": true, "error": null, "brake_success": null, "task_success": true}
{"case": "sprint_turn_release_ordinary", "skill": "walking", "seed": 927012, "completed": true, "error": null, "brake_success": null, "task_success": true}
{"case": "sprint_turn_release", "skill": "walking", "seed": 927012, "completed": true, "error": null, "brake_success": null, "task_success": true}
{"case": "sprint_turn_release_ordinary", "skill": "walking", "seed": 927013, "completed": true, "error": null, "brake_success": null, "task_success": true}
{"case": "sprint_turn_release", "skill": "walking", "seed": 927013, "completed": true, "error": null, "brake_success": null, "task_success": true}
{"case": "sprint_turn_release_ordinary", "skill": "walking", "seed": 927014, "completed": true, "error": null, "brake_success": null, "task_success": true}
{"case": "sprint_turn_release", "skill": "walking", "seed": 927014, "completed": true, "error": null, "brake_success": null, "task_success": true}
{"case": "sprint_turn_release_ordinary", "skill": "walking", "seed": 927015, "completed": true, "error": null, "brake_success": null, "task_success": true}
{"case": "sprint_turn_release", "skill": "walking", "seed": 927015, "completed": true, "error": null, "brake_success": null, "task_success": true}
{"case": "sprint_repeat_ordinary", "skill": "walking", "seed": 927000, "completed": true, "error": null, "brake_success": null, "task_success": true}
{"case": "sprint_repeat_ordinary", "skill": "walking", "seed": 927001, "completed": true, "error": null, "brake_success": null, "task_success": true}
{"case": "sprint_repeat", "skill": "walking", "seed": 927001, "completed": true, "error": null, "brake_success": null, "task_success": true}
{"case": "sprint_repeat", "skill": "walking", "seed": 927000, "completed": true, "error": null, "brake_success": null, "task_success": true}
{"case": "sprint_repeat", "skill": "walking", "seed": 927003, "completed": true, "error": null, "brake_success": null, "task_success": true}
{"case": "sprint_repeat", "skill": "walking", "seed": 927002, "completed": true, "error": null, "brake_success": null, "task_success": true}
{"case": "sprint_repeat_ordinary", "skill": "walking", "seed": 927002, "completed": true, "error": null, "brake_success": null, "task_success": true}
{"case": "sprint_repeat_ordinary", "skill": "walking", "seed": 927003, "completed": true, "error": null, "brake_success": null, "task_success": true}
{"case": "sprint_repeat_ordinary", "skill": "walking", "seed": 927004, "completed": true, "error": null, "brake_success": null, "task_success": true}
{"case": "sprint_repeat", "skill": "walking", "seed": 927004, "completed": true, "error": null, "brake_success": null, "task_success": true}
{"case": "sprint_repeat_ordinary", "skill": "walking", "seed": 927005, "completed": true, "error": null, "brake_success": null, "task_success": true}
{"case": "sprint_repeat", "skill": "walking", "seed": 927005, "completed": true, "error": null, "brake_success": null, "task_success": true}
{"case": "sprint_repeat_ordinary", "skill": "walking", "seed": 927007, "completed": true, "error": null, "brake_success": null, "task_success": true}
{"case": "sprint_repeat_ordinary", "skill": "walking", "seed": 927006, "completed": true, "error": null, "brake_success": null, "task_success": true}
{"case": "sprint_repeat", "skill": "walking", "seed": 927006, "completed": true, "error": null, "brake_success": null, "task_success": true}
{"case": "sprint_repeat", "skill": "walking", "seed": 927007, "completed": true, "error": null, "brake_success": null, "task_success": true}
{"case": "sprint_repeat", "skill": "walking", "seed": 927009, "completed": true, "error": null, "brake_success": null, "task_success": true}
{"case": "sprint_repeat_ordinary", "skill": "walking", "seed": 927009, "completed": true, "error": null, "brake_success": null, "task_success": true}
{"case": "sprint_repeat_ordinary", "skill": "walking", "seed": 927008, "completed": true, "error": null, "brake_success": null, "task_success": true}
{"case": "sprint_repeat", "skill": "walking", "seed": 927008, "completed": true, "error": null, "brake_success": null, "task_success": true}
{"case": "sprint_repeat", "skill": "walking", "seed": 927011, "completed": true, "error": null, "brake_success": null, "task_success": true}
{"case": "sprint_repeat_ordinary", "skill": "walking", "seed": 927010, "completed": true, "error": null, "brake_success": null, "task_success": true}
{"case": "sprint_repeat", "skill": "walking", "seed": 927010, "completed": true, "error": null, "brake_success": null, "task_success": true}
{"case": "sprint_repeat_ordinary", "skill": "walking", "seed": 927011, "completed": true, "error": null, "brake_success": null, "task_success": true}
{"case": "sprint_repeat", "skill": "walking", "seed": 927013, "completed": true, "error": null, "brake_success": null, "task_success": true}
{"case": "sprint_repeat_ordinary", "skill": "walking", "seed": 927012, "completed": true, "error": null, "brake_success": null, "task_success": true}
{"case": "sprint_repeat", "skill": "walking", "seed": 927012, "completed": true, "error": null, "brake_success": null, "task_success": true}
{"case": "sprint_repeat_ordinary", "skill": "walking", "seed": 927013, "completed": true, "error": null, "brake_success": null, "task_success": true}
{"case": "sprint_repeat", "skill": "walking", "seed": 927015, "completed": true, "error": null, "brake_success": null, "task_success": true}
{"case": "sprint_repeat_ordinary", "skill": "walking", "seed": 927015, "completed": true, "error": null, "brake_success": null, "task_success": true}
{"case": "sprint_repeat", "skill": "walking", "seed": 927014, "completed": true, "error": null, "brake_success": null, "task_success": true}
{"case": "sprint_repeat_ordinary", "skill": "walking", "seed": 927014, "completed": true, "error": null, "brake_success": null, "task_success": true}
{"case": "sprint_shift_first", "skill": "walking", "seed": 925012, "completed": true, "error": null, "brake_success": null, "task_success": true}
{"case": "sprint_turn_release", "skill": "walking", "seed": 925007, "completed": true, "error": null, "brake_success": null, "task_success": true}
{"case": "sprint_repeat", "skill": "walking", "seed": 925002, "completed": true, "error": null, "brake_success": null, "task_success": true}
{"case": "sprint_turn_release", "skill": "walking", "seed": 925005, "completed": true, "error": null, "brake_success": null, "task_success": true}
{"case": "remove_forward_prefix", "skill": "walking", "seed": 923000, "completed": true, "error": null, "brake_success": null, "task_success": true}
{"case": "sprint_w_first", "skill": "walking", "seed": 925006, "completed": true, "error": null, "brake_success": null, "task_success": true}
{"case": "sprint_w_first", "skill": "walking", "seed": 925015, "completed": true, "error": null, "brake_success": null, "task_success": true}
{'regression_count': 7, 'regression_pass': 7, 'regression_failures': [], 'ordinary_pass': 128, 'errors': 0, 'candidate_count': 128, 'candidate_pass': 125, 'candidate_falls': 0, 'accepted': False, 'mini': {'success': True, 'fell': False, 'first_fall_s': None, 'score': 0.2243446079884106, 'sustained_mean_vx': 0.2243446079884106, 'sustained_p10_vx': 0.13175050952728315, 'max_tilt': 8.455633591060572, 'min_z': 0.11349911513687276, 'straight': [{'at': 6, 'heading_error_deg': 5.889530625389225, 'lateral_path_m': 0.03348118341675815, 'lateral_limit_m': 0.05, 'passed': True}], 'turns': [{'at': 1, 'requested': 0.800000011920929, 'signed_yaw_rate': 0.7282162369573052, 'sustained_reverse': False, 'passed': True}], 'stops': [], 'actor_selection_passed': True, 'speed_gain_gate': 'requires paired ordinary result'}, 'models': {'standing': '1569268713e40deea795dd2922dba50d3621e15a872855408b6b1b125b1c094b', 'walking': '27ebbf83d63e5e59f125ceb158414cf7d2574990676d73c75b9c9870bcefed6e', 'sitstand': 'e031f1a4afad2b64a01db37d8e0d3795b66ebe77087241574a6287fc705720f0', 'ground_pick': 'ffbf5109982ff999b0ba53afe86b9ae731bbec679d67fb7f8ab4c52152c88872', 'kick_left': '43c564c9d5d6ab692dfd034cc614420bcb91680e111dd2fa60f9ac0cf3b08ca9', 'kick_right': '103c2018cedb778e38801e092061490407835d7efad22660bb9bc2d57f90c8fe', 'roulade': '1c897dbb9b2700944adb182950e16e83e122f38d1091107157816689817ceced', 'roller': 'c2f4229372921e188c09e1a68e56bdd7201dd99d52edef2dd16aa1f654a26e97', 'roller_crouch': 'a1a084be240469c76ac9d3fa44d4792f16d4b1da60398b3ecd3cfc5e2244d990', 'sprint': 'cbbae52ebde314c6c08e3f338d0e844a8d27b61cc02569d72127c2bcdfe70e1e'}, 'comparisons': [{'case': 'sprint_alternate', 'count': 16, 'candidate_vx': 0.21139157777904377, 'ordinary_vx': 0.168142226109605, 'ratio': 1.2572188597125287, 'speed_pass': True}, {'case': 'sprint_left', 'count': 16, 'candidate_vx': 0.2038444321379389, 'ordinary_vx': 0.15286355478148964, 'ratio': 1.3335057687839573, 'speed_pass': True}, {'case': 'sprint_long', 'count': 16, 'candidate_vx': 0.23252753226159026, 'ordinary_vx': 0.19321023067664278, 'ratio': 1.2034949259532175, 'speed_pass': True}, {'case': 'sprint_repeat', 'count': 16, 'candidate_vx': 0.23422149896759334, 'ordinary_vx': 0.19399565845638242, 'ratio': 1.2073543337582229, 'speed_pass': True}, {'case': 'sprint_right', 'count': 16, 'candidate_vx': 0.22388209802766937, 'ordinary_vx': 0.16720928897140488, 'ratio': 1.3389333774749579, 'speed_pass': True}, {'case': 'sprint_shift_first', 'count': 16, 'candidate_vx': 0.23185899526572665, 'ordinary_vx': 0.19315020143297829, 'ratio': 1.2004077321461144, 'speed_pass': True}, {'case': 'sprint_turn_release', 'count': 16, 'candidate_vx': 0.20099226214606888, 'ordinary_vx': 0.15062002910411837, 'ratio': 1.3344325010528975, 'speed_pass': True}, {'case': 'sprint_w_first', 'count': 16, 'candidate_vx': 0.23323834428536655, 'ordinary_vx': 0.19348123410403567, 'ratio': 1.2054830297389634, 'speed_pass': True}]}
{"vs_s05": {"counts": {"sprint_pass": 125, "sprint_count": 128, "ordinary_pass": 128, "ordinary_count": 128, "regression_pass": 7, "regression_count": 7}, "falls": 0, "lost_baseline_successes": [["sprint_alternate", 927003], ["sprint_alternate", 927008], ["sprint_left", 927001]], "fixed_baseline_failures": [["remove_forward_prefix", 923000], ["sprint_right", 927001], ["sprint_right", 927002], ["sprint_right", 927003], ["sprint_right", 927004], ["sprint_right", 927015]], "development_eligible": false, "failed": [{"case": ["sprint_alternate", 927003], "fell": false, "straight": [], "turns": [{"at": 6, "requested": 0.800000011920929, "signed_yaw_rate": 0.3988364354974369, "sustained_reverse": false, "passed": false}], "stops": []}, {"case": ["sprint_alternate", 927008], "fell": false, "straight": [], "turns": [], "stops": [{"at": 14, "onset_s": 2.0199999999999996, "passed": false}]}, {"case": ["sprint_left", 927001], "fell": false, "straight": [], "turns": [], "stops": [{"at": 10, "onset_s": 2.4000000000000004, "passed": false}]}]}, "vs_prior_best": {"counts": {"sprint_pass": 125, "sprint_count": 128, "ordinary_pass": 128, "ordinary_count": 128, "regression_pass": 7, "regression_count": 7}, "falls": 0, "lost_baseline_successes": [["sprint_alternate", 927003], ["sprint_alternate", 927008], ["sprint_left", 927001]], "fixed_baseline_failures": [["sprint_shift_first", 927008]], "development_eligible": false, "failed": [{"case": ["sprint_alternate", 927003], "fell": false, "straight": [], "turns": [{"at": 6, "requested": 0.800000011920929, "signed_yaw_rate": 0.3988364354974369, "sustained_reverse": false, "passed": false}], "stops": []}, {"case": ["sprint_alternate", 927008], "fell": false, "straight": [], "turns": [], "stops": [{"at": 14, "onset_s": 2.0199999999999996, "passed": false}]}, {"case": ["sprint_left", 927001], "fell": false, "straight": [], "turns": [], "stops": [{"at": 10, "onset_s": 2.4000000000000004, "passed": false}]}]}, "vs_initial": {"counts": {"sprint_pass": 125, "sprint_count": 128, "ordinary_pass": 128, "ordinary_count": 128, "regression_pass": 7, "regression_count": 7}, "falls": 0, "lost_baseline_successes": [["sprint_alternate", 927003], ["sprint_alternate", 927008], ["sprint_left", 927001]], "fixed_baseline_failures": [["sprint_alternate", 927001]], "development_eligible": false, "failed": [{"case": ["sprint_alternate", 927003], "fell": false, "straight": [], "turns": [{"at": 6, "requested": 0.800000011920929, "signed_yaw_rate": 0.3988364354974369, "sustained_reverse": false, "passed": false}], "stops": []}, {"case": ["sprint_alternate", 927008], "fell": false, "straight": [], "turns": [], "stops": [{"at": 14, "onset_s": 2.0199999999999996, "passed": false}]}, {"case": ["sprint_left", 927001], "fell": false, "straight": [], "turns": [], "stops": [{"at": 10, "onset_s": 2.4000000000000004, "passed": false}]}]}}
