79200 {'obs': 0.0, 'action': 0.0, 'last_action': 0.0, 'ctrl': 0.0, 'command': 0.0}
{"case": "sprint_shift_first", "skill": "walking", "seed": 927001, "completed": true, "error": null, "brake_success": null, "task_success": true}
{"case": "sprint_shift_first_ordinary", "skill": "walking", "seed": 927000, "completed": true, "error": null, "brake_success": null, "task_success": true}
{"case": "sprint_shift_first", "skill": "walking", "seed": 927000, "completed": true, "error": null, "brake_success": null, "task_success": true}
{"case": "sprint_shift_first_ordinary", "skill": "walking", "seed": 927001, "completed": true, "error": null, "brake_success": null, "task_success": true}
{"case": "sprint_shift_first_ordinary", "skill": "walking", "seed": 927003, "completed": true, "error": null, "brake_success": null, "task_success": true}
{"case": "sprint_shift_first_ordinary", "skill": "walking", "seed": 927002, "completed": true, "error": null, "brake_success": null, "task_success": true}
{"case": "sprint_shift_first", "skill": "walking", "seed": 927003, "completed": true, "error": null, "brake_success": null, "task_success": true}
{"case": "sprint_shift_first", "skill": "walking", "seed": 927002, "completed": true, "error": null, "brake_success": null, "task_success": true}
{"case": "sprint_shift_first", "skill": "walking", "seed": 927004, "completed": true, "error": null, "brake_success": null, "task_success": true}
{"case": "sprint_shift_first_ordinary", "skill": "walking", "seed": 927004, "completed": true, "error": null, "brake_success": null, "task_success": true}
{"case": "sprint_shift_first_ordinary", "skill": "walking", "seed": 927005, "completed": true, "error": null, "brake_success": null, "task_success": true}
{"case": "sprint_shift_first", "skill": "walking", "seed": 927005, "completed": true, "error": null, "brake_success": null, "task_success": true}
{"case": "sprint_shift_first", "skill": "walking", "seed": 927006, "completed": true, "error": null, "brake_success": null, "task_success": true}
{"case": "sprint_shift_first_ordinary", "skill": "walking", "seed": 927006, "completed": true, "error": null, "brake_success": null, "task_success": true}
{"case": "sprint_shift_first", "skill": "walking", "seed": 927007, "completed": true, "error": null, "brake_success": null, "task_success": true}
{"case": "sprint_shift_first_ordinary", "skill": "walking", "seed": 927007, "completed": true, "error": null, "brake_success": null, "task_success": true}
{"case": "sprint_shift_first", "skill": "walking", "seed": 927008, "completed": true, "error": null, "brake_success": null, "task_success": true}
{"case": "sprint_shift_first_ordinary", "skill": "walking", "seed": 927009, "completed": true, "error": null, "brake_success": null, "task_success": true}
{"case": "sprint_shift_first", "skill": "walking", "seed": 927009, "completed": true, "error": null, "brake_success": null, "task_success": true}
{"case": "sprint_shift_first_ordinary", "skill": "walking", "seed": 927008, "completed": true, "error": null, "brake_success": null, "task_success": true}
{"case": "sprint_shift_first", "skill": "walking", "seed": 927010, "completed": true, "error": null, "brake_success": null, "task_success": true}
{"case": "sprint_shift_first_ordinary", "skill": "walking", "seed": 927010, "completed": true, "error": null, "brake_success": null, "task_success": true}
{"case": "sprint_shift_first_ordinary", "skill": "walking", "seed": 927011, "completed": true, "error": null, "brake_success": null, "task_success": true}
{"case": "sprint_shift_first", "skill": "walking", "seed": 927011, "completed": true, "error": null, "brake_success": null, "task_success": true}
{"case": "sprint_shift_first", "skill": "walking", "seed": 927012, "completed": true, "error": null, "brake_success": null, "task_success": true}
{"case": "sprint_shift_first", "skill": "walking", "seed": 927013, "completed": true, "error": null, "brake_success": null, "task_success": true}
{"case": "sprint_shift_first_ordinary", "skill": "walking", "seed": 927012, "completed": true, "error": null, "brake_success": null, "task_success": true}
{"case": "sprint_shift_first_ordinary", "skill": "walking", "seed": 927013, "completed": true, "error": null, "brake_success": null, "task_success": true}
{"case": "sprint_shift_first", "skill": "walking", "seed": 927015, "completed": true, "error": null, "brake_success": null, "task_success": true}
{"case": "sprint_shift_first", "skill": "walking", "seed": 927014, "completed": true, "error": null, "brake_success": null, "task_success": true}
{"case": "sprint_shift_first_ordinary", "skill": "walking", "seed": 927014, "completed": true, "error": null, "brake_success": null, "task_success": true}
{"case": "sprint_shift_first_ordinary", "skill": "walking", "seed": 927015, "completed": true, "error": null, "brake_success": null, "task_success": true}
{"case": "sprint_w_first_ordinary", "skill": "walking", "seed": 927000, "completed": true, "error": null, "brake_success": null, "task_success": true}
{"case": "sprint_w_first", "skill": "walking", "seed": 927000, "completed": true, "error": null, "brake_success": null, "task_success": true}
{"case": "sprint_w_first", "skill": "walking", "seed": 927001, "completed": true, "error": null, "brake_success": null, "task_success": true}
{"case": "sprint_w_first_ordinary", "skill": "walking", "seed": 927001, "completed": true, "error": null, "brake_success": null, "task_success": true}
{"case": "sprint_w_first_ordinary", "skill": "walking", "seed": 927002, "completed": true, "error": null, "brake_success": null, "task_success": true}
{"case": "sprint_w_first", "skill": "walking", "seed": 927003, "completed": true, "error": null, "brake_success": null, "task_success": true}
{"case": "sprint_w_first", "skill": "walking", "seed": 927002, "completed": true, "error": null, "brake_success": null, "task_success": true}
{"case": "sprint_w_first_ordinary", "skill": "walking", "seed": 927003, "completed": true, "error": null, "brake_success": null, "task_success": true}
{"case": "sprint_w_first", "skill": "walking", "seed": 927005, "completed": true, "error": null, "brake_success": null, "task_success": true}
{"case": "sprint_w_first_ordinary", "skill": "walking", "seed": 927005, "completed": true, "error": null, "brake_success": null, "task_success": true}
{"case": "sprint_w_first", "skill": "walking", "seed": 927004, "completed": true, "error": null, "brake_success": null, "task_success": true}
{"case": "sprint_w_first_ordinary", "skill": "walking", "seed": 927004, "completed": true, "error": null, "brake_success": null, "task_success": true}
{"case": "sprint_w_first", "skill": "walking", "seed": 927007, "completed": true, "error": null, "brake_success": null, "task_success": true}
{"case": "sprint_w_first", "skill": "walking", "seed": 927006, "completed": true, "error": null, "brake_success": null, "task_success": true}
{"case": "sprint_w_first_ordinary", "skill": "walking", "seed": 927006, "completed": true, "error": null, "brake_success": null, "task_success": true}
{"case": "sprint_w_first_ordinary", "skill": "walking", "seed": 927007, "completed": true, "error": null, "brake_success": null, "task_success": true}
{"case": "sprint_w_first", "skill": "walking", "seed": 927009, "completed": true, "error": null, "brake_success": null, "task_success": true}
{"case": "sprint_w_first_ordinary", "skill": "walking", "seed": 927008, "completed": true, "error": null, "brake_success": null, "task_success": true}
{"case": "sprint_w_first_ordinary", "skill": "walking", "seed": 927009, "completed": true, "error": null, "brake_success": null, "task_success": true}
{"case": "sprint_w_first", "skill": "walking", "seed": 927008, "completed": true, "error": null, "brake_success": null, "task_success": true}
{"case": "sprint_w_first_ordinary", "skill": "walking", "seed": 927011, "completed": true, "error": null, "brake_success": null, "task_success": true}
{"case": "sprint_w_first", "skill": "walking", "seed": 927010, "completed": true, "error": null, "brake_success": null, "task_success": true}
{"case": "sprint_w_first_ordinary", "skill": "walking", "seed": 927010, "completed": true, "error": null, "brake_success": null, "task_success": true}
{"case": "sprint_w_first", "skill": "walking", "seed": 927011, "completed": true, "error": null, "brake_success": null, "task_success": true}
{"case": "sprint_w_first_ordinary", "skill": "walking", "seed": 927012, "completed": true, "error": null, "brake_success": null, "task_success": true}
{"case": "sprint_w_first", "skill": "walking", "seed": 927012, "completed": true, "error": null, "brake_success": null, "task_success": true}
{"case": "sprint_w_first_ordinary", "skill": "walking", "seed": 927013, "completed": true, "error": null, "brake_success": null, "task_success": true}
{"case": "sprint_w_first", "skill": "walking", "seed": 927013, "completed": true, "error": null, "brake_success": null, "task_success": true}
{"case": "sprint_w_first_ordinary", "skill": "walking", "seed": 927015, "completed": true, "error": null, "brake_success": null, "task_success": true}
{"case": "sprint_w_first", "skill": "walking", "seed": 927015, "completed": true, "error": null, "brake_success": null, "task_success": true}
{"case": "sprint_w_first", "skill": "walking", "seed": 927014, "completed": true, "error": null, "brake_success": null, "task_success": true}
{"case": "sprint_w_first_ordinary", "skill": "walking", "seed": 927014, "completed": true, "error": null, "brake_success": null, "task_success": true}
{"case": "sprint_long_ordinary", "skill": "walking", "seed": 927000, "completed": true, "error": null, "brake_success": null, "task_success": true}
{"case": "sprint_long_ordinary", "skill": "walking", "seed": 927001, "completed": true, "error": null, "brake_success": null, "task_success": true}
{"case": "sprint_long", "skill": "walking", "seed": 927001, "completed": true, "error": null, "brake_success": null, "task_success": true}
{"case": "sprint_long", "skill": "walking", "seed": 927000, "completed": true, "error": null, "brake_success": null, "task_success": true}
{"case": "sprint_long_ordinary", "skill": "walking", "seed": 927002, "completed": true, "error": null, "brake_success": null, "task_success": true}
{"case": "sprint_long_ordinary", "skill": "walking", "seed": 927003, "completed": true, "error": null, "brake_success": null, "task_success": true}
{"case": "sprint_long", "skill": "walking", "seed": 927002, "completed": true, "error": null, "brake_success": null, "task_success": true}
{"case": "sprint_long", "skill": "walking", "seed": 927003, "completed": true, "error": null, "brake_success": null, "task_success": true}
{"case": "sprint_long", "skill": "walking", "seed": 927004, "completed": true, "error": null, "brake_success": null, "task_success": true}
{"case": "sprint_long_ordinary", "skill": "walking", "seed": 927004, "completed": true, "error": null, "brake_success": null, "task_success": true}
{"case": "sprint_long_ordinary", "skill": "walking", "seed": 927005, "completed": true, "error": null, "brake_success": null, "task_success": true}
{"case": "sprint_long", "skill": "walking", "seed": 927005, "completed": true, "error": null, "brake_success": null, "task_success": true}
{"case": "sprint_long_ordinary", "skill": "walking", "seed": 927007, "completed": true, "error": null, "brake_success": null, "task_success": true}
{"case": "sprint_long", "skill": "walking", "seed": 927006, "completed": true, "error": null, "brake_success": null, "task_success": true}
{"case": "sprint_long_ordinary", "skill": "walking", "seed": 927006, "completed": true, "error": null, "brake_success": null, "task_success": true}
{"case": "sprint_long", "skill": "walking", "seed": 927007, "completed": true, "error": null, "brake_success": null, "task_success": true}
{"case": "sprint_long_ordinary", "skill": "walking", "seed": 927009, "completed": true, "error": null, "brake_success": null, "task_success": true}
{"case": "sprint_long", "skill": "walking", "seed": 927008, "completed": true, "error": null, "brake_success": null, "task_success": true}
{"case": "sprint_long_ordinary", "skill": "walking", "seed": 927008, "completed": true, "error": null, "brake_success": null, "task_success": true}
{"case": "sprint_long", "skill": "walking", "seed": 927009, "completed": true, "error": null, "brake_success": null, "task_success": true}
{"case": "sprint_long", "skill": "walking", "seed": 927010, "completed": true, "error": null, "brake_success": null, "task_success": true}
{"case": "sprint_long_ordinary", "skill": "walking", "seed": 927010, "completed": true, "error": null, "brake_success": null, "task_success": true}
{"case": "sprint_long", "skill": "walking", "seed": 927011, "completed": true, "error": null, "brake_success": null, "task_success": true}
{"case": "sprint_long_ordinary", "skill": "walking", "seed": 927011, "completed": true, "error": null, "brake_success": null, "task_success": true}
{"case": "sprint_long", "skill": "walking", "seed": 927013, "completed": true, "error": null, "brake_success": null, "task_success": true}
{"case": "sprint_long", "skill": "walking", "seed": 927012, "completed": true, "error": null, "brake_success": null, "task_success": true}
{"case": "sprint_long_ordinary", "skill": "walking", "seed": 927012, "completed": true, "error": null, "brake_success": null, "task_success": true}
{"case": "sprint_long_ordinary", "skill": "walking", "seed": 927013, "completed": true, "error": null, "brake_success": null, "task_success": true}
{"case": "sprint_long", "skill": "walking", "seed": 927014, "completed": true, "error": null, "brake_success": null, "task_success": true}
{"case": "sprint_long", "skill": "walking", "seed": 927015, "completed": true, "error": null, "brake_success": null, "task_success": true}
{"case": "sprint_long_ordinary", "skill": "walking", "seed": 927015, "completed": true, "error": null, "brake_success": null, "task_success": true}
{"case": "sprint_long_ordinary", "skill": "walking", "seed": 927014, "completed": true, "error": null, "brake_success": null, "task_success": true}
{"case": "sprint_left", "skill": "walking", "seed": 927001, "completed": true, "error": null, "brake_success": null, "task_success": true}
{"case": "sprint_left_ordinary", "skill": "walking", "seed": 927000, "completed": true, "error": null, "brake_success": null, "task_success": true}
{"case": "sprint_left", "skill": "walking", "seed": 927000, "completed": true, "error": null, "brake_success": null, "task_success": true}
{"case": "sprint_left_ordinary", "skill": "walking", "seed": 927001, "completed": true, "error": null, "brake_success": null, "task_success": true}
{"case": "sprint_left", "skill": "walking", "seed": 927002, "completed": true, "error": null, "brake_success": null, "task_success": true}
{"case": "sprint_left", "skill": "walking", "seed": 927003, "completed": true, "error": null, "brake_success": null, "task_success": true}
{"case": "sprint_left_ordinary", "skill": "walking", "seed": 927002, "completed": true, "error": null, "brake_success": null, "task_success": true}
{"case": "sprint_left_ordinary", "skill": "walking", "seed": 927003, "completed": true, "error": null, "brake_success": null, "task_success": true}
{"case": "sprint_left_ordinary", "skill": "walking", "seed": 927005, "completed": true, "error": null, "brake_success": null, "task_success": true}
{"case": "sprint_left", "skill": "walking", "seed": 927005, "completed": true, "error": null, "brake_success": null, "task_success": true}
{"case": "sprint_left_ordinary", "skill": "walking", "seed": 927004, "completed": true, "error": null, "brake_success": null, "task_success": true}
{"case": "sprint_left", "skill": "walking", "seed": 927004, "completed": true, "error": null, "brake_success": null, "task_success": true}
{"case": "sprint_left_ordinary", "skill": "walking", "seed": 927007, "completed": true, "error": null, "brake_success": null, "task_success": true}
{"case": "sprint_left", "skill": "walking", "seed": 927007, "completed": true, "error": null, "brake_success": null, "task_success": true}
{"case": "sprint_left_ordinary", "skill": "walking", "seed": 927006, "completed": true, "error": null, "brake_success": null, "task_success": true}
{"case": "sprint_left", "skill": "walking", "seed": 927006, "completed": true, "error": null, "brake_success": null, "task_success": true}
{"case": "sprint_left", "skill": "walking", "seed": 927008, "completed": true, "error": null, "brake_success": null, "task_success": true}
{"case": "sprint_left", "skill": "walking", "seed": 927009, "completed": true, "error": null, "brake_success": null, "task_success": true}
{"case": "sprint_left_ordinary", "skill": "walking", "seed": 927008, "completed": true, "error": null, "brake_success": null, "task_success": true}
{"case": "sprint_left_ordinary", "skill": "walking", "seed": 927009, "completed": true, "error": null, "brake_success": null, "task_success": true}
{"case": "sprint_left", "skill": "walking", "seed": 927010, "completed": true, "error": null, "brake_success": null, "task_success": true}
{"case": "sprint_left", "skill": "walking", "seed": 927011, "completed": true, "error": null, "brake_success": null, "task_success": true}
{"case": "sprint_left_ordinary", "skill": "walking", "seed": 927010, "completed": true, "error": null, "brake_success": null, "task_success": true}
{"case": "sprint_left_ordinary", "skill": "walking", "seed": 927011, "completed": true, "error": null, "brake_success": null, "task_success": true}
{"case": "sprint_left_ordinary", "skill": "walking", "seed": 927012, "completed": true, "error": null, "brake_success": null, "task_success": true}
{"case": "sprint_left", "skill": "walking", "seed": 927013, "completed": true, "error": null, "brake_success": null, "task_success": true}
{"case": "sprint_left_ordinary", "skill": "walking", "seed": 927013, "completed": true, "error": null, "brake_success": null, "task_success": true}
{"case": "sprint_left", "skill": "walking", "seed": 927012, "completed": true, "error": null, "brake_success": null, "task_success": true}
{"case": "sprint_left", "skill": "walking", "seed": 927015, "completed": true, "error": null, "brake_success": null, "task_success": true}
{"case": "sprint_left_ordinary", "skill": "walking", "seed": 927014, "completed": true, "error": null, "brake_success": null, "task_success": true}
{"case": "sprint_left", "skill": "walking", "seed": 927014, "completed": true, "error": null, "brake_success": null, "task_success": true}
{"case": "sprint_left_ordinary", "skill": "walking", "seed": 927015, "completed": true, "error": null, "brake_success": null, "task_success": true}
{"case": "sprint_right_ordinary", "skill": "walking", "seed": 927001, "completed": true, "error": null, "brake_success": null, "task_success": true}
{"case": "sprint_right", "skill": "walking", "seed": 927000, "completed": true, "error": null, "brake_success": null, "task_success": true}
{"case": "sprint_right_ordinary", "skill": "walking", "seed": 927000, "completed": true, "error": null, "brake_success": null, "task_success": true}
{"case": "sprint_right", "skill": "walking", "seed": 927001, "completed": true, "error": null, "brake_success": null, "task_success": true}
{"case": "sprint_right", "skill": "walking", "seed": 927002, "completed": true, "error": null, "brake_success": null, "task_success": true}
{"case": "sprint_right_ordinary", "skill": "walking", "seed": 927003, "completed": true, "error": null, "brake_success": null, "task_success": true}
{"case": "sprint_right", "skill": "walking", "seed": 927003, "completed": true, "error": null, "brake_success": null, "task_success": true}
{"case": "sprint_right_ordinary", "skill": "walking", "seed": 927002, "completed": true, "error": null, "brake_success": null, "task_success": true}
{"case": "sprint_right", "skill": "walking", "seed": 927004, "completed": true, "error": null, "brake_success": null, "task_success": true}
{"case": "sprint_right_ordinary", "skill": "walking", "seed": 927004, "completed": true, "error": null, "brake_success": null, "task_success": true}
{"case": "sprint_right", "skill": "walking", "seed": 927005, "completed": true, "error": null, "brake_success": null, "task_success": true}
{"case": "sprint_right_ordinary", "skill": "walking", "seed": 927005, "completed": true, "error": null, "brake_success": null, "task_success": true}
{"case": "sprint_right_ordinary", "skill": "walking", "seed": 927006, "completed": true, "error": null, "brake_success": null, "task_success": true}
{"case": "sprint_right", "skill": "walking", "seed": 927006, "completed": true, "error": null, "brake_success": null, "task_success": true}
{"case": "sprint_right", "skill": "walking", "seed": 927007, "completed": true, "error": null, "brake_success": null, "task_success": true}
{"case": "sprint_right_ordinary", "skill": "walking", "seed": 927007, "completed": true, "error": null, "brake_success": null, "task_success": true}
{"case": "sprint_right_ordinary", "skill": "walking", "seed": 927008, "completed": true, "error": null, "brake_success": null, "task_success": true}
{"case": "sprint_right", "skill": "walking", "seed": 927008, "completed": true, "error": null, "brake_success": null, "task_success": true}
{"case": "sprint_right_ordinary", "skill": "walking", "seed": 927009, "completed": true, "error": null, "brake_success": null, "task_success": true}
{"case": "sprint_right", "skill": "walking", "seed": 927009, "completed": true, "error": null, "brake_success": null, "task_success": true}
{"case": "sprint_right", "skill": "walking", "seed": 927010, "completed": true, "error": null, "brake_success": null, "task_success": true}
{"case": "sprint_right_ordinary", "skill": "walking", "seed": 927011, "completed": true, "error": null, "brake_success": null, "task_success": true}
{"case": "sprint_right_ordinary", "skill": "walking", "seed": 927010, "completed": true, "error": null, "brake_success": null, "task_success": true}
{"case": "sprint_right", "skill": "walking", "seed": 927011, "completed": true, "error": null, "brake_success": null, "task_success": true}
{"case": "sprint_right", "skill": "walking", "seed": 927012, "completed": true, "error": null, "brake_success": null, "task_success": true}
{"case": "sprint_right_ordinary", "skill": "walking", "seed": 927012, "completed": true, "error": null, "brake_success": null, "task_success": true}
{"case": "sprint_right_ordinary", "skill": "walking", "seed": 927013, "completed": true, "error": null, "brake_success": null, "task_success": true}
{"case": "sprint_right", "skill": "walking", "seed": 927013, "completed": true, "error": null, "brake_success": null, "task_success": true}
{"case": "sprint_right_ordinary", "skill": "walking", "seed": 927014, "completed": true, "error": null, "brake_success": null, "task_success": true}
{"case": "sprint_right", "skill": "walking", "seed": 927015, "completed": true, "error": null, "brake_success": null, "task_success": true}
{"case": "sprint_right", "skill": "walking", "seed": 927014, "completed": true, "error": null, "brake_success": null, "task_success": true}
{"case": "sprint_right_ordinary", "skill": "walking", "seed": 927015, "completed": true, "error": null, "brake_success": null, "task_success": true}
{"case": "sprint_alternate_ordinary", "skill": "walking", "seed": 927001, "completed": true, "error": null, "brake_success": null, "task_success": true}
{"case": "sprint_alternate", "skill": "walking", "seed": 927001, "completed": true, "error": null, "brake_success": null, "task_success": true}
{"case": "sprint_alternate", "skill": "walking", "seed": 927000, "completed": true, "error": null, "brake_success": null, "task_success": true}
{"case": "sprint_alternate_ordinary", "skill": "walking", "seed": 927000, "completed": true, "error": null, "brake_success": null, "task_success": true}
{"case": "sprint_alternate_ordinary", "skill": "walking", "seed": 927002, "completed": true, "error": null, "brake_success": null, "task_success": true}
{"case": "sprint_alternate", "skill": "walking", "seed": 927002, "completed": true, "error": null, "brake_success": null, "task_success": true}
{"case": "sprint_alternate", "skill": "walking", "seed": 927003, "completed": true, "error": null, "brake_success": null, "task_success": false}
{"case": "sprint_alternate_ordinary", "skill": "walking", "seed": 927003, "completed": true, "error": null, "brake_success": null, "task_success": true}
{"case": "sprint_alternate", "skill": "walking", "seed": 927005, "completed": true, "error": null, "brake_success": null, "task_success": false}
{"case": "sprint_alternate_ordinary", "skill": "walking", "seed": 927005, "completed": true, "error": null, "brake_success": null, "task_success": true}
{"case": "sprint_alternate_ordinary", "skill": "walking", "seed": 927004, "completed": true, "error": null, "brake_success": null, "task_success": true}
{"case": "sprint_alternate", "skill": "walking", "seed": 927004, "completed": true, "error": null, "brake_success": null, "task_success": true}
{"case": "sprint_alternate", "skill": "walking", "seed": 927006, "completed": true, "error": null, "brake_success": null, "task_success": true}
{"case": "sprint_alternate", "skill": "walking", "seed": 927007, "completed": true, "error": null, "brake_success": null, "task_success": true}
{"case": "sprint_alternate_ordinary", "skill": "walking", "seed": 927007, "completed": true, "error": null, "brake_success": null, "task_success": true}
{"case": "sprint_alternate_ordinary", "skill": "walking", "seed": 927006, "completed": true, "error": null, "brake_success": null, "task_success": true}
{"case": "sprint_alternate_ordinary", "skill": "walking", "seed": 927009, "completed": true, "error": null, "brake_success": null, "task_success": true}
{"case": "sprint_alternate", "skill": "walking", "seed": 927009, "completed": true, "error": null, "brake_success": null, "task_success": false}
{"case": "sprint_alternate_ordinary", "skill": "walking", "seed": 927008, "completed": true, "error": null, "brake_success": null, "task_success": true}
{"case": "sprint_alternate", "skill": "walking", "seed": 927008, "completed": true, "error": null, "brake_success": null, "task_success": true}
{"case": "sprint_alternate_ordinary", "skill": "walking", "seed": 927010, "completed": true, "error": null, "brake_success": null, "task_success": true}
{"case": "sprint_alternate_ordinary", "skill": "walking", "seed": 927011, "completed": true, "error": null, "brake_success": null, "task_success": true}
{"case": "sprint_alternate", "skill": "walking", "seed": 927010, "completed": true, "error": null, "brake_success": null, "task_success": true}
{"case": "sprint_alternate", "skill": "walking", "seed": 927011, "completed": true, "error": null, "brake_success": null, "task_success": true}
{"case": "sprint_alternate_ordinary", "skill": "walking", "seed": 927012, "completed": true, "error": null, "brake_success": null, "task_success": true}
{"case": "sprint_alternate_ordinary", "skill": "walking", "seed": 927013, "completed": true, "error": null, "brake_success": null, "task_success": true}
{"case": "sprint_alternate", "skill": "walking", "seed": 927012, "completed": true, "error": null, "brake_success": null, "task_success": true}
{"case": "sprint_alternate", "skill": "walking", "seed": 927013, "completed": true, "error": null, "brake_success": null, "task_success": true}
{"case": "sprint_alternate", "skill": "walking", "seed": 927015, "completed": true, "error": null, "brake_success": null, "task_success": true}
{"case": "sprint_alternate", "skill": "walking", "seed": 927014, "completed": true, "error": null, "brake_success": null, "task_success": true}
{"case": "sprint_alternate_ordinary", "skill": "walking", "seed": 927014, "completed": true, "error": null, "brake_success": null, "task_success": true}
{"case": "sprint_alternate_ordinary", "skill": "walking", "seed": 927015, "completed": true, "error": null, "brake_success": null, "task_success": true}
{"case": "sprint_turn_release", "skill": "walking", "seed": 927000, "completed": true, "error": null, "brake_success": null, "task_success": true}
{"case": "sprint_turn_release", "skill": "walking", "seed": 927001, "completed": true, "error": null, "brake_success": null, "task_success": true}
{"case": "sprint_turn_release_ordinary", "skill": "walking", "seed": 927001, "completed": true, "error": null, "brake_success": null, "task_success": true}
{"case": "sprint_turn_release_ordinary", "skill": "walking", "seed": 927000, "completed": true, "error": null, "brake_success": null, "task_success": true}
{"case": "sprint_turn_release_ordinary", "skill": "walking", "seed": 927003, "completed": true, "error": null, "brake_success": null, "task_success": true}
{"case": "sprint_turn_release", "skill": "walking", "seed": 927003, "completed": true, "error": null, "brake_success": null, "task_success": true}
{"case": "sprint_turn_release_ordinary", "skill": "walking", "seed": 927002, "completed": true, "error": null, "brake_success": null, "task_success": true}
{"case": "sprint_turn_release", "skill": "walking", "seed": 927002, "completed": true, "error": null, "brake_success": null, "task_success": true}
{"case": "sprint_turn_release_ordinary", "skill": "walking", "seed": 927004, "completed": true, "error": null, "brake_success": null, "task_success": true}
{"case": "sprint_turn_release", "skill": "walking", "seed": 927004, "completed": true, "error": null, "brake_success": null, "task_success": true}
{"case": "sprint_turn_release", "skill": "walking", "seed": 927005, "completed": true, "error": null, "brake_success": null, "task_success": true}
{"case": "sprint_turn_release_ordinary", "skill": "walking", "seed": 927005, "completed": true, "error": null, "brake_success": null, "task_success": true}
{"case": "sprint_turn_release_ordinary", "skill": "walking", "seed": 927007, "completed": true, "error": null, "brake_success": null, "task_success": true}
{"case": "sprint_turn_release", "skill": "walking", "seed": 927006, "completed": true, "error": null, "brake_success": null, "task_success": true}
{"case": "sprint_turn_release", "skill": "walking", "seed": 927007, "completed": true, "error": null, "brake_success": null, "task_success": true}
{"case": "sprint_turn_release_ordinary", "skill": "walking", "seed": 927006, "completed": true, "error": null, "brake_success": null, "task_success": true}
{"case": "sprint_turn_release_ordinary", "skill": "walking", "seed": 927009, "completed": true, "error": null, "brake_success": null, "task_success": true}
{"case": "sprint_turn_release_ordinary", "skill": "walking", "seed": 927008, "completed": true, "error": null, "brake_success": null, "task_success": true}
{"case": "sprint_turn_release", "skill": "walking", "seed": 927009, "completed": true, "error": null, "brake_success": null, "task_success": true}
{"case": "sprint_turn_release", "skill": "walking", "seed": 927008, "completed": true, "error": null, "brake_success": null, "task_success": true}
{"case": "sprint_turn_release_ordinary", "skill": "walking", "seed": 927011, "completed": true, "error": null, "brake_success": null, "task_success": true}
{"case": "sprint_turn_release", "skill": "walking", "seed": 927011, "completed": true, "error": null, "brake_success": null, "task_success": true}
{"case": "sprint_turn_release", "skill": "walking", "seed": 927010, "completed": true, "error": null, "brake_success": null, "task_success": true}
{"case": "sprint_turn_release_ordinary", "skill": "walking", "seed": 927010, "completed": true, "error": null, "brake_success": null, "task_success": true}
{"case": "sprint_turn_release", "skill": "walking", "seed": 927012, "completed": true, "error": null, "brake_success": null, "task_success": true}
{"case": "sprint_turn_release", "skill": "walking", "seed": 927013, "completed": true, "error": null, "brake_success": null, "task_success": true}
{"case": "sprint_turn_release_ordinary", "skill": "walking", "seed": 927013, "completed": true, "error": null, "brake_success": null, "task_success": true}
{"case": "sprint_turn_release_ordinary", "skill": "walking", "seed": 927012, "completed": true, "error": null, "brake_success": null, "task_success": true}
{"case": "sprint_turn_release", "skill": "walking", "seed": 927015, "completed": true, "error": null, "brake_success": null, "task_success": true}
{"case": "sprint_turn_release_ordinary", "skill": "walking", "seed": 927015, "completed": true, "error": null, "brake_success": null, "task_success": true}
{"case": "sprint_turn_release", "skill": "walking", "seed": 927014, "completed": true, "error": null, "brake_success": null, "task_success": true}
{"case": "sprint_turn_release_ordinary", "skill": "walking", "seed": 927014, "completed": true, "error": null, "brake_success": null, "task_success": true}
{"case": "sprint_repeat", "skill": "walking", "seed": 927000, "completed": true, "error": null, "brake_success": null, "task_success": true}
{"case": "sprint_repeat_ordinary", "skill": "walking", "seed": 927000, "completed": true, "error": null, "brake_success": null, "task_success": true}
{"case": "sprint_repeat", "skill": "walking", "seed": 927001, "completed": true, "error": null, "brake_success": null, "task_success": true}
{"case": "sprint_repeat_ordinary", "skill": "walking", "seed": 927001, "completed": true, "error": null, "brake_success": null, "task_success": true}
{"case": "sprint_repeat_ordinary", "skill": "walking", "seed": 927003, "completed": true, "error": null, "brake_success": null, "task_success": true}
{"case": "sprint_repeat", "skill": "walking", "seed": 927003, "completed": true, "error": null, "brake_success": null, "task_success": true}
{"case": "sprint_repeat", "skill": "walking", "seed": 927002, "completed": true, "error": null, "brake_success": null, "task_success": true}
{"case": "sprint_repeat_ordinary", "skill": "walking", "seed": 927002, "completed": true, "error": null, "brake_success": null, "task_success": true}
{"case": "sprint_repeat_ordinary", "skill": "walking", "seed": 927005, "completed": true, "error": null, "brake_success": null, "task_success": true}
{"case": "sprint_repeat_ordinary", "skill": "walking", "seed": 927004, "completed": true, "error": null, "brake_success": null, "task_success": true}
{"case": "sprint_repeat", "skill": "walking", "seed": 927004, "completed": true, "error": null, "brake_success": null, "task_success": true}
{"case": "sprint_repeat", "skill": "walking", "seed": 927005, "completed": true, "error": null, "brake_success": null, "task_success": true}
{"case": "sprint_repeat", "skill": "walking", "seed": 927007, "completed": true, "error": null, "brake_success": null, "task_success": true}
{"case": "sprint_repeat_ordinary", "skill": "walking", "seed": 927007, "completed": true, "error": null, "brake_success": null, "task_success": true}
{"case": "sprint_repeat", "skill": "walking", "seed": 927006, "completed": true, "error": null, "brake_success": null, "task_success": true}
{"case": "sprint_repeat_ordinary", "skill": "walking", "seed": 927006, "completed": true, "error": null, "brake_success": null, "task_success": true}
{"case": "sprint_repeat", "skill": "walking", "seed": 927009, "completed": true, "error": null, "brake_success": null, "task_success": true}
{"case": "sprint_repeat_ordinary", "skill": "walking", "seed": 927008, "completed": true, "error": null, "brake_success": null, "task_success": true}
{"case": "sprint_repeat_ordinary", "skill": "walking", "seed": 927009, "completed": true, "error": null, "brake_success": null, "task_success": true}
{"case": "sprint_repeat", "skill": "walking", "seed": 927008, "completed": true, "error": null, "brake_success": null, "task_success": true}
{"case": "sprint_repeat", "skill": "walking", "seed": 927010, "completed": true, "error": null, "brake_success": null, "task_success": true}
{"case": "sprint_repeat", "skill": "walking", "seed": 927011, "completed": true, "error": null, "brake_success": null, "task_success": true}
{"case": "sprint_repeat_ordinary", "skill": "walking", "seed": 927010, "completed": true, "error": null, "brake_success": null, "task_success": true}
{"case": "sprint_repeat_ordinary", "skill": "walking", "seed": 927011, "completed": true, "error": null, "brake_success": null, "task_success": true}
{"case": "sprint_repeat_ordinary", "skill": "walking", "seed": 927013, "completed": true, "error": null, "brake_success": null, "task_success": true}
{"case": "sprint_repeat", "skill": "walking", "seed": 927013, "completed": true, "error": null, "brake_success": null, "task_success": true}
{"case": "sprint_repeat", "skill": "walking", "seed": 927012, "completed": true, "error": null, "brake_success": null, "task_success": true}
{"case": "sprint_repeat_ordinary", "skill": "walking", "seed": 927012, "completed": true, "error": null, "brake_success": null, "task_success": true}
{"case": "sprint_repeat", "skill": "walking", "seed": 927015, "completed": true, "error": null, "brake_success": null, "task_success": true}
{"case": "sprint_repeat_ordinary", "skill": "walking", "seed": 927015, "completed": true, "error": null, "brake_success": null, "task_success": true}
{"case": "sprint_repeat", "skill": "walking", "seed": 927014, "completed": true, "error": null, "brake_success": null, "task_success": true}
{"case": "sprint_repeat_ordinary", "skill": "walking", "seed": 927014, "completed": true, "error": null, "brake_success": null, "task_success": true}
{"case": "sprint_shift_first", "skill": "walking", "seed": 925012, "completed": true, "error": null, "brake_success": null, "task_success": true}
{"case": "sprint_turn_release", "skill": "walking", "seed": 925005, "completed": true, "error": null, "brake_success": null, "task_success": true}
{"case": "sprint_turn_release", "skill": "walking", "seed": 925007, "completed": true, "error": null, "brake_success": null, "task_success": true}
{"case": "sprint_repeat", "skill": "walking", "seed": 925002, "completed": true, "error": null, "brake_success": null, "task_success": true}
{"case": "remove_forward_prefix", "skill": "walking", "seed": 923000, "completed": true, "error": null, "brake_success": null, "task_success": true}
{"case": "sprint_w_first", "skill": "walking", "seed": 925006, "completed": true, "error": null, "brake_success": null, "task_success": true}
{"case": "sprint_w_first", "skill": "walking", "seed": 925015, "completed": true, "error": null, "brake_success": null, "task_success": true}
{'regression_count': 7, 'regression_pass': 7, 'regression_failures': [], 'ordinary_pass': 128, 'errors': 0, 'candidate_count': 128, 'candidate_pass': 125, 'candidate_falls': 0, 'accepted': False, 'mini': {'success': True, 'fell': False, 'first_fall_s': None, 'score': 0.23439069581905062, 'sustained_mean_vx': 0.23439069581905062, 'sustained_p10_vx': 0.14094701015462488, 'max_tilt': 7.523897149902488, 'min_z': 0.11352503791397694, 'straight': [{'at': 6, 'heading_error_deg': 3.4655444175241117, 'lateral_path_m': 0.021781936660617743, 'lateral_limit_m': 0.05, 'passed': True}], 'turns': [{'at': 1, 'requested': 0.800000011920929, 'signed_yaw_rate': 0.7177127495571199, 'sustained_reverse': False, 'passed': True}], 'stops': [], 'actor_selection_passed': True, 'speed_gain_gate': 'requires paired ordinary result'}, 'models': {'standing': '1569268713e40deea795dd2922dba50d3621e15a872855408b6b1b125b1c094b', 'walking': '27ebbf83d63e5e59f125ceb158414cf7d2574990676d73c75b9c9870bcefed6e', 'sitstand': 'e031f1a4afad2b64a01db37d8e0d3795b66ebe77087241574a6287fc705720f0', 'ground_pick': 'ffbf5109982ff999b0ba53afe86b9ae731bbec679d67fb7f8ab4c52152c88872', 'kick_left': '43c564c9d5d6ab692dfd034cc614420bcb91680e111dd2fa60f9ac0cf3b08ca9', 'kick_right': '103c2018cedb778e38801e092061490407835d7efad22660bb9bc2d57f90c8fe', 'roulade': '1c897dbb9b2700944adb182950e16e83e122f38d1091107157816689817ceced', 'roller': 'c2f4229372921e188c09e1a68e56bdd7201dd99d52edef2dd16aa1f654a26e97', 'roller_crouch': 'a1a084be240469c76ac9d3fa44d4792f16d4b1da60398b3ecd3cfc5e2244d990', 'sprint': '1b55854b6642939479771a49b02a5fa5bf44327ec3404ea2239780b9611ba74f'}, 'comparisons': [{'case': 'sprint_alternate', 'count': 16, 'candidate_vx': 0.2149349895152323, 'ordinary_vx': 0.168142226109605, 'ratio': 1.2782927554148416, 'speed_pass': True}, {'case': 'sprint_left', 'count': 16, 'candidate_vx': 0.2044678335210967, 'ordinary_vx': 0.15286355478148964, 'ratio': 1.337583924522576, 'speed_pass': True}, {'case': 'sprint_long', 'count': 16, 'candidate_vx': 0.23328257936849442, 'ordinary_vx': 0.19321023067664278, 'ratio': 1.20740283033416, 'speed_pass': True}, {'case': 'sprint_repeat', 'count': 16, 'candidate_vx': 0.2352566717395043, 'ordinary_vx': 0.19399565845638242, 'ratio': 1.2126903952976809, 'speed_pass': True}, {'case': 'sprint_right', 'count': 16, 'candidate_vx': 0.22942870633434426, 'ordinary_vx': 0.16720928897140488, 'ratio': 1.3721050292461907, 'speed_pass': True}, {'case': 'sprint_shift_first', 'count': 16, 'candidate_vx': 0.23345088045106044, 'ordinary_vx': 0.19315020143297829, 'ratio': 1.2086494278498912, 'speed_pass': True}, {'case': 'sprint_turn_release', 'count': 16, 'candidate_vx': 0.20190356514953994, 'ordinary_vx': 0.15062002910411837, 'ratio': 1.340482845146518, 'speed_pass': True}, {'case': 'sprint_w_first', 'count': 16, 'candidate_vx': 0.23330271337766628, 'ordinary_vx': 0.19348123410403567, 'ratio': 1.2058157188113574, 'speed_pass': True}]}
{"vs_s05": {"counts": {"sprint_pass": 125, "sprint_count": 128, "ordinary_pass": 128, "ordinary_count": 128, "regression_pass": 7, "regression_count": 7}, "falls": 0, "lost_baseline_successes": [["sprint_alternate", 927003], ["sprint_alternate", 927005], ["sprint_alternate", 927009]], "fixed_baseline_failures": [["remove_forward_prefix", 923000], ["sprint_right", 927001], ["sprint_right", 927002], ["sprint_right", 927003], ["sprint_right", 927004], ["sprint_right", 927015]], "development_eligible": false, "failed": [{"case": ["sprint_alternate", 927003], "fell": false, "straight": [], "turns": [], "stops": [{"at": 14, "onset_s": 2.0799999999999983, "passed": false}]}, {"case": ["sprint_alternate", 927005], "fell": false, "straight": [], "turns": [{"at": 6, "requested": 0.800000011920929, "signed_yaw_rate": 0.25304030173113917, "sustained_reverse": false, "passed": false}], "stops": []}, {"case": ["sprint_alternate", 927009], "fell": false, "straight": [], "turns": [{"at": 6, "requested": 0.800000011920929, "signed_yaw_rate": 0.4051605166436519, "sustained_reverse": false, "passed": false}], "stops": []}]}, "vs_prior_best": {"counts": {"sprint_pass": 125, "sprint_count": 128, "ordinary_pass": 128, "ordinary_count": 128, "regression_pass": 7, "regression_count": 7}, "falls": 0, "lost_baseline_successes": [["sprint_alternate", 927003], ["sprint_alternate", 927005], ["sprint_alternate", 927009]], "fixed_baseline_failures": [["sprint_shift_first", 927008]], "development_eligible": false, "failed": [{"case": ["sprint_alternate", 927003], "fell": false, "straight": [], "turns": [], "stops": [{"at": 14, "onset_s": 2.0799999999999983, "passed": false}]}, {"case": ["sprint_alternate", 927005], "fell": false, "straight": [], "turns": [{"at": 6, "requested": 0.800000011920929, "signed_yaw_rate": 0.25304030173113917, "sustained_reverse": false, "passed": false}], "stops": []}, {"case": ["sprint_alternate", 927009], "fell": false, "straight": [], "turns": [{"at": 6, "requested": 0.800000011920929, "signed_yaw_rate": 0.4051605166436519, "sustained_reverse": false, "passed": false}], "stops": []}]}, "vs_initial": {"counts": {"sprint_pass": 125, "sprint_count": 128, "ordinary_pass": 128, "ordinary_count": 128, "regression_pass": 7, "regression_count": 7}, "falls": 0, "lost_baseline_successes": [["sprint_alternate", 927003], ["sprint_alternate", 927005], ["sprint_alternate", 927009]], "fixed_baseline_failures": [["sprint_alternate", 927001]], "development_eligible": false, "failed": [{"case": ["sprint_alternate", 927003], "fell": false, "straight": [], "turns": [], "stops": [{"at": 14, "onset_s": 2.0799999999999983, "passed": false}]}, {"case": ["sprint_alternate", 927005], "fell": false, "straight": [], "turns": [{"at": 6, "requested": 0.800000011920929, "signed_yaw_rate": 0.25304030173113917, "sustained_reverse": false, "passed": false}], "stops": []}, {"case": ["sprint_alternate", 927009], "fell": false, "straight": [], "turns": [{"at": 6, "requested": 0.800000011920929, "signed_yaw_rate": 0.4051605166436519, "sustained_reverse": false, "passed": false}], "stops": []}]}}
{"case": "sprint_shift_first_ordinary", "skill": "walking", "seed": 927001, "completed": true, "error": null, "brake_success": null, "task_success": true}
{"case": "sprint_shift_first", "skill": "walking", "seed": 927001, "completed": true, "error": null, "brake_success": null, "task_success": true}
{"case": "sprint_shift_first", "skill": "walking", "seed": 927000, "completed": true, "error": null, "brake_success": null, "task_success": true}
{"case": "sprint_shift_first_ordinary", "skill": "walking", "seed": 927000, "completed": true, "error": null, "brake_success": null, "task_success": true}
{"case": "sprint_shift_first_ordinary", "skill": "walking", "seed": 927002, "completed": true, "error": null, "brake_success": null, "task_success": true}
{"case": "sprint_shift_first", "skill": "walking", "seed": 927003, "completed": true, "error": null, "brake_success": null, "task_success": true}
{"case": "sprint_shift_first_ordinary", "skill": "walking", "seed": 927003, "completed": true, "error": null, "brake_success": null, "task_success": true}
{"case": "sprint_shift_first", "skill": "walking", "seed": 927002, "completed": true, "error": null, "brake_success": null, "task_success": true}
{"case": "sprint_shift_first", "skill": "walking", "seed": 927005, "completed": true, "error": null, "brake_success": null, "task_success": true}
{"case": "sprint_shift_first_ordinary", "skill": "walking", "seed": 927004, "completed": true, "error": null, "brake_success": null, "task_success": true}
{"case": "sprint_shift_first_ordinary", "skill": "walking", "seed": 927005, "completed": true, "error": null, "brake_success": null, "task_success": true}
{"case": "sprint_shift_first", "skill": "walking", "seed": 927004, "completed": true, "error": null, "brake_success": null, "task_success": true}
{"case": "sprint_shift_first", "skill": "walking", "seed": 927006, "completed": true, "error": null, "brake_success": null, "task_success": true}
{"case": "sprint_shift_first_ordinary", "skill": "walking", "seed": 927007, "completed": true, "error": null, "brake_success": null, "task_success": true}
{"case": "sprint_shift_first_ordinary", "skill": "walking", "seed": 927006, "completed": true, "error": null, "brake_success": null, "task_success": true}
{"case": "sprint_shift_first", "skill": "walking", "seed": 927007, "completed": true, "error": null, "brake_success": null, "task_success": true}
{"case": "sprint_shift_first", "skill": "walking", "seed": 927009, "completed": true, "error": null, "brake_success": null, "task_success": true}
{"case": "sprint_shift_first_ordinary", "skill": "walking", "seed": 927008, "completed": true, "error": null, "brake_success": null, "task_success": true}
{"case": "sprint_shift_first", "skill": "walking", "seed": 927008, "completed": true, "error": null, "brake_success": null, "task_success": true}
{"case": "sprint_shift_first_ordinary", "skill": "walking", "seed": 927009, "completed": true, "error": null, "brake_success": null, "task_success": true}
{"case": "sprint_shift_first", "skill": "walking", "seed": 927010, "completed": true, "error": null, "brake_success": null, "task_success": true}
{"case": "sprint_shift_first_ordinary", "skill": "walking", "seed": 927010, "completed": true, "error": null, "brake_success": null, "task_success": true}
{"case": "sprint_shift_first", "skill": "walking", "seed": 927011, "completed": true, "error": null, "brake_success": null, "task_success": true}
{"case": "sprint_shift_first_ordinary", "skill": "walking", "seed": 927011, "completed": true, "error": null, "brake_success": null, "task_success": true}
{"case": "sprint_shift_first", "skill": "walking", "seed": 927012, "completed": true, "error": null, "brake_success": null, "task_success": true}
{"case": "sprint_shift_first_ordinary", "skill": "walking", "seed": 927012, "completed": true, "error": null, "brake_success": null, "task_success": true}
{"case": "sprint_shift_first_ordinary", "skill": "walking", "seed": 927013, "completed": true, "error": null, "brake_success": null, "task_success": true}
{"case": "sprint_shift_first", "skill": "walking", "seed": 927013, "completed": true, "error": null, "brake_success": null, "task_success": true}
{"case": "sprint_shift_first_ordinary", "skill": "walking", "seed": 927014, "completed": true, "error": null, "brake_success": null, "task_success": true}
{"case": "sprint_shift_first", "skill": "walking", "seed": 927014, "completed": true, "error": null, "brake_success": null, "task_success": true}
{"case": "sprint_shift_first", "skill": "walking", "seed": 927015, "completed": true, "error": null, "brake_success": null, "task_success": true}
{"case": "sprint_shift_first_ordinary", "skill": "walking", "seed": 927015, "completed": true, "error": null, "brake_success": null, "task_success": true}
{"case": "sprint_w_first_ordinary", "skill": "walking", "seed": 927000, "completed": true, "error": null, "brake_success": null, "task_success": true}
{"case": "sprint_w_first", "skill": "walking", "seed": 927000, "completed": true, "error": null, "brake_success": null, "task_success": true}
{"case": "sprint_w_first", "skill": "walking", "seed": 927001, "completed": true, "error": null, "brake_success": null, "task_success": true}
{"case": "sprint_w_first_ordinary", "skill": "walking", "seed": 927001, "completed": true, "error": null, "brake_success": null, "task_success": true}
{"case": "sprint_w_first", "skill": "walking", "seed": 927002, "completed": true, "error": null, "brake_success": null, "task_success": true}
{"case": "sprint_w_first_ordinary", "skill": "walking", "seed": 927002, "completed": true, "error": null, "brake_success": null, "task_success": true}
{"case": "sprint_w_first", "skill": "walking", "seed": 927003, "completed": true, "error": null, "brake_success": null, "task_success": true}
{"case": "sprint_w_first_ordinary", "skill": "walking", "seed": 927003, "completed": true, "error": null, "brake_success": null, "task_success": true}
{"case": "sprint_w_first", "skill": "walking", "seed": 927004, "completed": true, "error": null, "brake_success": null, "task_success": true}
{"case": "sprint_w_first_ordinary", "skill": "walking", "seed": 927004, "completed": true, "error": null, "brake_success": null, "task_success": true}
{"case": "sprint_w_first", "skill": "walking", "seed": 927005, "completed": true, "error": null, "brake_success": null, "task_success": true}
{"case": "sprint_w_first_ordinary", "skill": "walking", "seed": 927005, "completed": true, "error": null, "brake_success": null, "task_success": true}
{"case": "sprint_w_first_ordinary", "skill": "walking", "seed": 927007, "completed": true, "error": null, "brake_success": null, "task_success": true}
{"case": "sprint_w_first", "skill": "walking", "seed": 927007, "completed": true, "error": null, "brake_success": null, "task_success": true}
{"case": "sprint_w_first", "skill": "walking", "seed": 927006, "completed": true, "error": null, "brake_success": null, "task_success": true}
{"case": "sprint_w_first_ordinary", "skill": "walking", "seed": 927006, "completed": true, "error": null, "brake_success": null, "task_success": true}
{"case": "sprint_w_first", "skill": "walking", "seed": 927008, "completed": true, "error": null, "brake_success": null, "task_success": true}
{"case": "sprint_w_first", "skill": "walking", "seed": 927009, "completed": true, "error": null, "brake_success": null, "task_success": true}
{"case": "sprint_w_first_ordinary", "skill": "walking", "seed": 927008, "completed": true, "error": null, "brake_success": null, "task_success": true}
{"case": "sprint_w_first_ordinary", "skill": "walking", "seed": 927009, "completed": true, "error": null, "brake_success": null, "task_success": true}
{"case": "sprint_w_first", "skill": "walking", "seed": 927011, "completed": true, "error": null, "brake_success": null, "task_success": true}
{"case": "sprint_w_first_ordinary", "skill": "walking", "seed": 927010, "completed": true, "error": null, "brake_success": null, "task_success": true}
{"case": "sprint_w_first", "skill": "walking", "seed": 927010, "completed": true, "error": null, "brake_success": null, "task_success": true}
{"case": "sprint_w_first_ordinary", "skill": "walking", "seed": 927011, "completed": true, "error": null, "brake_success": null, "task_success": true}
{"case": "sprint_w_first_ordinary", "skill": "walking", "seed": 927012, "completed": true, "error": null, "brake_success": null, "task_success": true}
{"case": "sprint_w_first_ordinary", "skill": "walking", "seed": 927013, "completed": true, "error": null, "brake_success": null, "task_success": true}
{"case": "sprint_w_first", "skill": "walking", "seed": 927012, "completed": true, "error": null, "brake_success": null, "task_success": true}
{"case": "sprint_w_first", "skill": "walking", "seed": 927013, "completed": true, "error": null, "brake_success": null, "task_success": true}
{"case": "sprint_w_first", "skill": "walking", "seed": 927015, "completed": true, "error": null, "brake_success": null, "task_success": true}
{"case": "sprint_w_first_ordinary", "skill": "walking", "seed": 927014, "completed": true, "error": null, "brake_success": null, "task_success": true}
{"case": "sprint_w_first_ordinary", "skill": "walking", "seed": 927015, "completed": true, "error": null, "brake_success": null, "task_success": true}
{"case": "sprint_w_first", "skill": "walking", "seed": 927014, "completed": true, "error": null, "brake_success": null, "task_success": true}
{"case": "sprint_long", "skill": "walking", "seed": 927001, "completed": true, "error": null, "brake_success": null, "task_success": true}
{"case": "sprint_long", "skill": "walking", "seed": 927000, "completed": true, "error": null, "brake_success": null, "task_success": true}
{"case": "sprint_long_ordinary", "skill": "walking", "seed": 927001, "completed": true, "error": null, "brake_success": null, "task_success": true}
{"case": "sprint_long_ordinary", "skill": "walking", "seed": 927000, "completed": true, "error": null, "brake_success": null, "task_success": true}
{"case": "sprint_long", "skill": "walking", "seed": 927002, "completed": true, "error": null, "brake_success": null, "task_success": true}
{"case": "sprint_long_ordinary", "skill": "walking", "seed": 927002, "completed": true, "error": null, "brake_success": null, "task_success": true}
{"case": "sprint_long", "skill": "walking", "seed": 927003, "completed": true, "error": null, "brake_success": null, "task_success": true}
{"case": "sprint_long_ordinary", "skill": "walking", "seed": 927003, "completed": true, "error": null, "brake_success": null, "task_success": true}
{"case": "sprint_long_ordinary", "skill": "walking", "seed": 927004, "completed": true, "error": null, "brake_success": null, "task_success": true}
{"case": "sprint_long_ordinary", "skill": "walking", "seed": 927005, "completed": true, "error": null, "brake_success": null, "task_success": true}
{"case": "sprint_long", "skill": "walking", "seed": 927005, "completed": true, "error": null, "brake_success": null, "task_success": true}
{"case": "sprint_long", "skill": "walking", "seed": 927004, "completed": true, "error": null, "brake_success": null, "task_success": true}
{"case": "sprint_long_ordinary", "skill": "walking", "seed": 927006, "completed": true, "error": null, "brake_success": null, "task_success": true}
{"case": "sprint_long", "skill": "walking", "seed": 927007, "completed": true, "error": null, "brake_success": null, "task_success": true}
{"case": "sprint_long", "skill": "walking", "seed": 927006, "completed": true, "error": null, "brake_success": null, "task_success": true}
{"case": "sprint_long_ordinary", "skill": "walking", "seed": 927007, "completed": true, "error": null, "brake_success": null, "task_success": true}
{"case": "sprint_long_ordinary", "skill": "walking", "seed": 927008, "completed": true, "error": null, "brake_success": null, "task_success": true}
{"case": "sprint_long", "skill": "walking", "seed": 927009, "completed": true, "error": null, "brake_success": null, "task_success": true}
{"case": "sprint_long", "skill": "walking", "seed": 927008, "completed": true, "error": null, "brake_success": null, "task_success": true}
{"case": "sprint_long_ordinary", "skill": "walking", "seed": 927009, "completed": true, "error": null, "brake_success": null, "task_success": true}
{"case": "sprint_long", "skill": "walking", "seed": 927010, "completed": true, "error": null, "brake_success": null, "task_success": true}
{"case": "sprint_long_ordinary", "skill": "walking", "seed": 927010, "completed": true, "error": null, "brake_success": null, "task_success": true}
{"case": "sprint_long_ordinary", "skill": "walking", "seed": 927011, "completed": true, "error": null, "brake_success": null, "task_success": true}
{"case": "sprint_long", "skill": "walking", "seed": 927011, "completed": true, "error": null, "brake_success": null, "task_success": true}
{"case": "sprint_long_ordinary", "skill": "walking", "seed": 927012, "completed": true, "error": null, "brake_success": null, "task_success": true}
{"case": "sprint_long_ordinary", "skill": "walking", "seed": 927013, "completed": true, "error": null, "brake_success": null, "task_success": true}
{"case": "sprint_long", "skill": "walking", "seed": 927012, "completed": true, "error": null, "brake_success": null, "task_success": true}
{"case": "sprint_long", "skill": "walking", "seed": 927013, "completed": true, "error": null, "brake_success": null, "task_success": true}
{"case": "sprint_long_ordinary", "skill": "walking", "seed": 927014, "completed": true, "error": null, "brake_success": null, "task_success": true}
{"case": "sprint_long", "skill": "walking", "seed": 927014, "completed": true, "error": null, "brake_success": null, "task_success": true}
{"case": "sprint_long_ordinary", "skill": "walking", "seed": 927015, "completed": true, "error": null, "brake_success": null, "task_success": true}
{"case": "sprint_long", "skill": "walking", "seed": 927015, "completed": true, "error": null, "brake_success": null, "task_success": true}
{"case": "sprint_left_ordinary", "skill": "walking", "seed": 927000, "completed": true, "error": null, "brake_success": null, "task_success": true}
{"case": "sprint_left", "skill": "walking", "seed": 927001, "completed": true, "error": null, "brake_success": null, "task_success": true}
{"case": "sprint_left", "skill": "walking", "seed": 927000, "completed": true, "error": null, "brake_success": null, "task_success": true}
{"case": "sprint_left_ordinary", "skill": "walking", "seed": 927001, "completed": true, "error": null, "brake_success": null, "task_success": true}
{"case": "sprint_left_ordinary", "skill": "walking", "seed": 927002, "completed": true, "error": null, "brake_success": null, "task_success": true}
{"case": "sprint_left", "skill": "walking", "seed": 927002, "completed": true, "error": null, "brake_success": null, "task_success": true}
{"case": "sprint_left", "skill": "walking", "seed": 927003, "completed": true, "error": null, "brake_success": null, "task_success": true}
{"case": "sprint_left_ordinary", "skill": "walking", "seed": 927003, "completed": true, "error": null, "brake_success": null, "task_success": true}
{"case": "sprint_left", "skill": "walking", "seed": 927005, "completed": true, "error": null, "brake_success": null, "task_success": true}
{"case": "sprint_left_ordinary", "skill": "walking", "seed": 927005, "completed": true, "error": null, "brake_success": null, "task_success": true}
{"case": "sprint_left", "skill": "walking", "seed": 927004, "completed": true, "error": null, "brake_success": null, "task_success": true}
{"case": "sprint_left_ordinary", "skill": "walking", "seed": 927004, "completed": true, "error": null, "brake_success": null, "task_success": true}
{"case": "sprint_left_ordinary", "skill": "walking", "seed": 927006, "completed": true, "error": null, "brake_success": null, "task_success": true}
{"case": "sprint_left_ordinary", "skill": "walking", "seed": 927007, "completed": true, "error": null, "brake_success": null, "task_success": true}
{"case": "sprint_left", "skill": "walking", "seed": 927006, "completed": true, "error": null, "brake_success": null, "task_success": true}
{"case": "sprint_left", "skill": "walking", "seed": 927007, "completed": true, "error": null, "brake_success": null, "task_success": true}
{"case": "sprint_left_ordinary", "skill": "walking", "seed": 927009, "completed": true, "error": null, "brake_success": null, "task_success": true}
{"case": "sprint_left", "skill": "walking", "seed": 927008, "completed": true, "error": null, "brake_success": null, "task_success": true}
{"case": "sprint_left", "skill": "walking", "seed": 927009, "completed": true, "error": null, "brake_success": null, "task_success": true}
{"case": "sprint_left_ordinary", "skill": "walking", "seed": 927008, "completed": true, "error": null, "brake_success": null, "task_success": true}
{"case": "sprint_left_ordinary", "skill": "walking", "seed": 927010, "completed": true, "error": null, "brake_success": null, "task_success": true}
{"case": "sprint_left", "skill": "walking", "seed": 927011, "completed": true, "error": null, "brake_success": null, "task_success": true}
{"case": "sprint_left_ordinary", "skill": "walking", "seed": 927011, "completed": true, "error": null, "brake_success": null, "task_success": true}
{"case": "sprint_left", "skill": "walking", "seed": 927010, "completed": true, "error": null, "brake_success": null, "task_success": true}
{"case": "sprint_left_ordinary", "skill": "walking", "seed": 927012, "completed": true, "error": null, "brake_success": null, "task_success": true}
{"case": "sprint_left", "skill": "walking", "seed": 927013, "completed": true, "error": null, "brake_success": null, "task_success": true}
{"case": "sprint_left", "skill": "walking", "seed": 927012, "completed": true, "error": null, "brake_success": null, "task_success": true}
{"case": "sprint_left_ordinary", "skill": "walking", "seed": 927013, "completed": true, "error": null, "brake_success": null, "task_success": true}
{"case": "sprint_left", "skill": "walking", "seed": 927014, "completed": true, "error": null, "brake_success": null, "task_success": true}
{"case": "sprint_left", "skill": "walking", "seed": 927015, "completed": true, "error": null, "brake_success": null, "task_success": true}
{"case": "sprint_left_ordinary", "skill": "walking", "seed": 927014, "completed": true, "error": null, "brake_success": null, "task_success": true}
{"case": "sprint_left_ordinary", "skill": "walking", "seed": 927015, "completed": true, "error": null, "brake_success": null, "task_success": true}
{"case": "sprint_right", "skill": "walking", "seed": 927000, "completed": true, "error": null, "brake_success": null, "task_success": true}
{"case": "sprint_right_ordinary", "skill": "walking", "seed": 927000, "completed": true, "error": null, "brake_success": null, "task_success": true}
{"case": "sprint_right", "skill": "walking", "seed": 927001, "completed": true, "error": null, "brake_success": null, "task_success": true}
{"case": "sprint_right_ordinary", "skill": "walking", "seed": 927001, "completed": true, "error": null, "brake_success": null, "task_success": true}
{"case": "sprint_right_ordinary", "skill": "walking", "seed": 927003, "completed": true, "error": null, "brake_success": null, "task_success": true}
{"case": "sprint_right", "skill": "walking", "seed": 927003, "completed": true, "error": null, "brake_success": null, "task_success": true}
{"case": "sprint_right", "skill": "walking", "seed": 927002, "completed": true, "error": null, "brake_success": null, "task_success": true}
{"case": "sprint_right_ordinary", "skill": "walking", "seed": 927002, "completed": true, "error": null, "brake_success": null, "task_success": true}
{"case": "sprint_right", "skill": "walking", "seed": 927005, "completed": true, "error": null, "brake_success": null, "task_success": true}
{"case": "sprint_right", "skill": "walking", "seed": 927004, "completed": true, "error": null, "brake_success": null, "task_success": true}
{"case": "sprint_right_ordinary", "skill": "walking", "seed": 927005, "completed": true, "error": null, "brake_success": null, "task_success": true}
{"case": "sprint_right_ordinary", "skill": "walking", "seed": 927004, "completed": true, "error": null, "brake_success": null, "task_success": true}
{"case": "sprint_right_ordinary", "skill": "walking", "seed": 927007, "completed": true, "error": null, "brake_success": null, "task_success": true}
{"case": "sprint_right_ordinary", "skill": "walking", "seed": 927006, "completed": true, "error": null, "brake_success": null, "task_success": true}
{"case": "sprint_right", "skill": "walking", "seed": 927006, "completed": true, "error": null, "brake_success": null, "task_success": true}
{"case": "sprint_right", "skill": "walking", "seed": 927007, "completed": true, "error": null, "brake_success": null, "task_success": true}
{"case": "sprint_right", "skill": "walking", "seed": 927008, "completed": true, "error": null, "brake_success": null, "task_success": true}
{"case": "sprint_right_ordinary", "skill": "walking", "seed": 927009, "completed": true, "error": null, "brake_success": null, "task_success": true}
{"case": "sprint_right", "skill": "walking", "seed": 927009, "completed": true, "error": null, "brake_success": null, "task_success": true}
{"case": "sprint_right_ordinary", "skill": "walking", "seed": 927008, "completed": true, "error": null, "brake_success": null, "task_success": true}
{"case": "sprint_right", "skill": "walking", "seed": 927011, "completed": true, "error": null, "brake_success": null, "task_success": true}
{"case": "sprint_right_ordinary", "skill": "walking", "seed": 927010, "completed": true, "error": null, "brake_success": null, "task_success": true}
{"case": "sprint_right", "skill": "walking", "seed": 927010, "completed": true, "error": null, "brake_success": null, "task_success": true}
{"case": "sprint_right_ordinary", "skill": "walking", "seed": 927011, "completed": true, "error": null, "brake_success": null, "task_success": true}
{"case": "sprint_right", "skill": "walking", "seed": 927012, "completed": true, "error": null, "brake_success": null, "task_success": true}
{"case": "sprint_right_ordinary", "skill": "walking", "seed": 927012, "completed": true, "error": null, "brake_success": null, "task_success": true}
{"case": "sprint_right", "skill": "walking", "seed": 927013, "completed": true, "error": null, "brake_success": null, "task_success": true}
{"case": "sprint_right_ordinary", "skill": "walking", "seed": 927013, "completed": true, "error": null, "brake_success": null, "task_success": true}
{"case": "sprint_right_ordinary", "skill": "walking", "seed": 927014, "completed": true, "error": null, "brake_success": null, "task_success": true}
{"case": "sprint_right", "skill": "walking", "seed": 927014, "completed": true, "error": null, "brake_success": null, "task_success": true}
{"case": "sprint_right", "skill": "walking", "seed": 927015, "completed": true, "error": null, "brake_success": null, "task_success": true}
{"case": "sprint_right_ordinary", "skill": "walking", "seed": 927015, "completed": true, "error": null, "brake_success": null, "task_success": true}
{"case": "sprint_alternate_ordinary", "skill": "walking", "seed": 927000, "completed": true, "error": null, "brake_success": null, "task_success": true}
{"case": "sprint_alternate", "skill": "walking", "seed": 927001, "completed": true, "error": null, "brake_success": null, "task_success": true}
{"case": "sprint_alternate_ordinary", "skill": "walking", "seed": 927001, "completed": true, "error": null, "brake_success": null, "task_success": true}
{"case": "sprint_alternate", "skill": "walking", "seed": 927000, "completed": true, "error": null, "brake_success": null, "task_success": true}
{"case": "sprint_alternate", "skill": "walking", "seed": 927003, "completed": true, "error": null, "brake_success": null, "task_success": true}
{"case": "sprint_alternate_ordinary", "skill": "walking", "seed": 927003, "completed": true, "error": null, "brake_success": null, "task_success": true}
{"case": "sprint_alternate_ordinary", "skill": "walking", "seed": 927002, "completed": true, "error": null, "brake_success": null, "task_success": true}
{"case": "sprint_alternate", "skill": "walking", "seed": 927002, "completed": true, "error": null, "brake_success": null, "task_success": true}
{"case": "sprint_alternate_ordinary", "skill": "walking", "seed": 927005, "completed": true, "error": null, "brake_success": null, "task_success": true}
{"case": "sprint_alternate", "skill": "walking", "seed": 927005, "completed": true, "error": null, "brake_success": null, "task_success": true}
{"case": "sprint_alternate_ordinary", "skill": "walking", "seed": 927004, "completed": true, "error": null, "brake_success": null, "task_success": true}
{"case": "sprint_alternate", "skill": "walking", "seed": 927004, "completed": true, "error": null, "brake_success": null, "task_success": true}
{"case": "sprint_alternate_ordinary", "skill": "walking", "seed": 927007, "completed": true, "error": null, "brake_success": null, "task_success": true}
{"case": "sprint_alternate", "skill": "walking", "seed": 927006, "completed": true, "error": null, "brake_success": null, "task_success": true}
{"case": "sprint_alternate_ordinary", "skill": "walking", "seed": 927006, "completed": true, "error": null, "brake_success": null, "task_success": true}
{"case": "sprint_alternate", "skill": "walking", "seed": 927007, "completed": true, "error": null, "brake_success": null, "task_success": true}
{"case": "sprint_alternate", "skill": "walking", "seed": 927008, "completed": true, "error": null, "brake_success": null, "task_success": true}
{"case": "sprint_alternate_ordinary", "skill": "walking", "seed": 927009, "completed": true, "error": null, "brake_success": null, "task_success": true}
{"case": "sprint_alternate_ordinary", "skill": "walking", "seed": 927008, "completed": true, "error": null, "brake_success": null, "task_success": true}
{"case": "sprint_alternate", "skill": "walking", "seed": 927009, "completed": true, "error": null, "brake_success": null, "task_success": true}
{"case": "sprint_alternate", "skill": "walking", "seed": 927011, "completed": true, "error": null, "brake_success": null, "task_success": true}
{"case": "sprint_alternate_ordinary", "skill": "walking", "seed": 927011, "completed": true, "error": null, "brake_success": null, "task_success": true}
{"case": "sprint_alternate", "skill": "walking", "seed": 927010, "completed": true, "error": null, "brake_success": null, "task_success": true}
{"case": "sprint_alternate_ordinary", "skill": "walking", "seed": 927010, "completed": true, "error": null, "brake_success": null, "task_success": true}
{"case": "sprint_alternate", "skill": "walking", "seed": 927013, "completed": true, "error": null, "brake_success": null, "task_success": false}
{"case": "sprint_alternate_ordinary", "skill": "walking", "seed": 927012, "completed": true, "error": null, "brake_success": null, "task_success": true}
{"case": "sprint_alternate", "skill": "walking", "seed": 927012, "completed": true, "error": null, "brake_success": null, "task_success": true}
{"case": "sprint_alternate_ordinary", "skill": "walking", "seed": 927013, "completed": true, "error": null, "brake_success": null, "task_success": true}
{"case": "sprint_alternate", "skill": "walking", "seed": 927015, "completed": true, "error": null, "brake_success": null, "task_success": true}
{"case": "sprint_alternate_ordinary", "skill": "walking", "seed": 927014, "completed": true, "error": null, "brake_success": null, "task_success": true}
{"case": "sprint_alternate_ordinary", "skill": "walking", "seed": 927015, "completed": true, "error": null, "brake_success": null, "task_success": true}
{"case": "sprint_alternate", "skill": "walking", "seed": 927014, "completed": true, "error": null, "brake_success": null, "task_success": true}
{"case": "sprint_turn_release", "skill": "walking", "seed": 927000, "completed": true, "error": null, "brake_success": null, "task_success": true}
{"case": "sprint_turn_release_ordinary", "skill": "walking", "seed": 927000, "completed": true, "error": null, "brake_success": null, "task_success": true}
{"case": "sprint_turn_release_ordinary", "skill": "walking", "seed": 927001, "completed": true, "error": null, "brake_success": null, "task_success": true}
{"case": "sprint_turn_release", "skill": "walking", "seed": 927001, "completed": true, "error": null, "brake_success": null, "task_success": true}
{"case": "sprint_turn_release", "skill": "walking", "seed": 927002, "completed": true, "error": null, "brake_success": null, "task_success": true}
{"case": "sprint_turn_release", "skill": "walking", "seed": 927003, "completed": true, "error": null, "brake_success": null, "task_success": true}
{"case": "sprint_turn_release_ordinary", "skill": "walking", "seed": 927003, "completed": true, "error": null, "brake_success": null, "task_success": true}
{"case": "sprint_turn_release_ordinary", "skill": "walking", "seed": 927002, "completed": true, "error": null, "brake_success": null, "task_success": true}
{"case": "sprint_turn_release", "skill": "walking", "seed": 927004, "completed": true, "error": null, "brake_success": null, "task_success": true}
{"case": "sprint_turn_release_ordinary", "skill": "walking", "seed": 927004, "completed": true, "error": null, "brake_success": null, "task_success": true}
{"case": "sprint_turn_release_ordinary", "skill": "walking", "seed": 927005, "completed": true, "error": null, "brake_success": null, "task_success": true}
{"case": "sprint_turn_release", "skill": "walking", "seed": 927005, "completed": true, "error": null, "brake_success": null, "task_success": true}
{"case": "sprint_turn_release_ordinary", "skill": "walking", "seed": 927007, "completed": true, "error": null, "brake_success": null, "task_success": true}
{"case": "sprint_turn_release", "skill": "walking", "seed": 927006, "completed": true, "error": null, "brake_success": null, "task_success": true}
{"case": "sprint_turn_release", "skill": "walking", "seed": 927007, "completed": true, "error": null, "brake_success": null, "task_success": true}
{"case": "sprint_turn_release_ordinary", "skill": "walking", "seed": 927006, "completed": true, "error": null, "brake_success": null, "task_success": true}
{"case": "sprint_turn_release", "skill": "walking", "seed": 927009, "completed": true, "error": null, "brake_success": null, "task_success": true}
{"case": "sprint_turn_release", "skill": "walking", "seed": 927008, "completed": true, "error": null, "brake_success": null, "task_success": true}
{"case": "sprint_turn_release_ordinary", "skill": "walking", "seed": 927008, "completed": true, "error": null, "brake_success": null, "task_success": true}
{"case": "sprint_turn_release_ordinary", "skill": "walking", "seed": 927009, "completed": true, "error": null, "brake_success": null, "task_success": true}
{"case": "sprint_turn_release", "skill": "walking", "seed": 927010, "completed": true, "error": null, "brake_success": null, "task_success": true}
{"case": "sprint_turn_release_ordinary", "skill": "walking", "seed": 927010, "completed": true, "error": null, "brake_success": null, "task_success": true}
{"case": "sprint_turn_release", "skill": "walking", "seed": 927011, "completed": true, "error": null, "brake_success": null, "task_success": true}
{"case": "sprint_turn_release_ordinary", "skill": "walking", "seed": 927011, "completed": true, "error": null, "brake_success": null, "task_success": true}
{"case": "sprint_turn_release", "skill": "walking", "seed": 927013, "completed": true, "error": null, "brake_success": null, "task_success": true}
{"case": "sprint_turn_release", "skill": "walking", "seed": 927012, "completed": true, "error": null, "brake_success": null, "task_success": true}
{"case": "sprint_turn_release_ordinary", "skill": "walking", "seed": 927012, "completed": true, "error": null, "brake_success": null, "task_success": true}
{"case": "sprint_turn_release_ordinary", "skill": "walking", "seed": 927013, "completed": true, "error": null, "brake_success": null, "task_success": true}
{"case": "sprint_turn_release", "skill": "walking", "seed": 927014, "completed": true, "error": null, "brake_success": null, "task_success": true}
{"case": "sprint_turn_release_ordinary", "skill": "walking", "seed": 927014, "completed": true, "error": null, "brake_success": null, "task_success": true}
{"case": "sprint_turn_release_ordinary", "skill": "walking", "seed": 927015, "completed": true, "error": null, "brake_success": null, "task_success": true}
{"case": "sprint_turn_release", "skill": "walking", "seed": 927015, "completed": true, "error": null, "brake_success": null, "task_success": true}
{"case": "sprint_repeat_ordinary", "skill": "walking", "seed": 927001, "completed": true, "error": null, "brake_success": null, "task_success": true}
{"case": "sprint_repeat_ordinary", "skill": "walking", "seed": 927000, "completed": true, "error": null, "brake_success": null, "task_success": true}
{"case": "sprint_repeat", "skill": "walking", "seed": 927000, "completed": true, "error": null, "brake_success": null, "task_success": true}
{"case": "sprint_repeat", "skill": "walking", "seed": 927001, "completed": true, "error": null, "brake_success": null, "task_success": true}
{"case": "sprint_repeat", "skill": "walking", "seed": 927002, "completed": true, "error": null, "brake_success": null, "task_success": true}
{"case": "sprint_repeat", "skill": "walking", "seed": 927003, "completed": true, "error": null, "brake_success": null, "task_success": true}
{"case": "sprint_repeat_ordinary", "skill": "walking", "seed": 927002, "completed": true, "error": null, "brake_success": null, "task_success": true}
{"case": "sprint_repeat_ordinary", "skill": "walking", "seed": 927003, "completed": true, "error": null, "brake_success": null, "task_success": true}
{"case": "sprint_repeat_ordinary", "skill": "walking", "seed": 927005, "completed": true, "error": null, "brake_success": null, "task_success": true}
{"case": "sprint_repeat", "skill": "walking", "seed": 927004, "completed": true, "error": null, "brake_success": null, "task_success": true}
{"case": "sprint_repeat", "skill": "walking", "seed": 927005, "completed": true, "error": null, "brake_success": null, "task_success": true}
{"case": "sprint_repeat_ordinary", "skill": "walking", "seed": 927004, "completed": true, "error": null, "brake_success": null, "task_success": true}
{"case": "sprint_repeat", "skill": "walking", "seed": 927006, "completed": true, "error": null, "brake_success": null, "task_success": true}
{"case": "sprint_repeat_ordinary", "skill": "walking", "seed": 927007, "completed": true, "error": null, "brake_success": null, "task_success": true}
{"case": "sprint_repeat_ordinary", "skill": "walking", "seed": 927006, "completed": true, "error": null, "brake_success": null, "task_success": true}
{"case": "sprint_repeat", "skill": "walking", "seed": 927007, "completed": true, "error": null, "brake_success": null, "task_success": true}
{"case": "sprint_repeat_ordinary", "skill": "walking", "seed": 927008, "completed": true, "error": null, "brake_success": null, "task_success": true}
{"case": "sprint_repeat", "skill": "walking", "seed": 927008, "completed": true, "error": null, "brake_success": null, "task_success": true}
{"case": "sprint_repeat", "skill": "walking", "seed": 927009, "completed": true, "error": null, "brake_success": null, "task_success": true}
{"case": "sprint_repeat_ordinary", "skill": "walking", "seed": 927009, "completed": true, "error": null, "brake_success": null, "task_success": true}
{"case": "sprint_repeat_ordinary", "skill": "walking", "seed": 927010, "completed": true, "error": null, "brake_success": null, "task_success": true}
{"case": "sprint_repeat", "skill": "walking", "seed": 927011, "completed": true, "error": null, "brake_success": null, "task_success": true}
{"case": "sprint_repeat_ordinary", "skill": "walking", "seed": 927011, "completed": true, "error": null, "brake_success": null, "task_success": true}
{"case": "sprint_repeat", "skill": "walking", "seed": 927010, "completed": true, "error": null, "brake_success": null, "task_success": true}
{"case": "sprint_repeat_ordinary", "skill": "walking", "seed": 927012, "completed": true, "error": null, "brake_success": null, "task_success": true}
{"case": "sprint_repeat", "skill": "walking", "seed": 927012, "completed": true, "error": null, "brake_success": null, "task_success": true}
{"case": "sprint_repeat_ordinary", "skill": "walking", "seed": 927013, "completed": true, "error": null, "brake_success": null, "task_success": true}
{"case": "sprint_repeat", "skill": "walking", "seed": 927013, "completed": true, "error": null, "brake_success": null, "task_success": true}
{"case": "sprint_repeat", "skill": "walking", "seed": 927015, "completed": true, "error": null, "brake_success": null, "task_success": true}
{"case": "sprint_repeat", "skill": "walking", "seed": 927014, "completed": true, "error": null, "brake_success": null, "task_success": true}
{"case": "sprint_repeat_ordinary", "skill": "walking", "seed": 927014, "completed": true, "error": null, "brake_success": null, "task_success": true}
{"case": "sprint_repeat_ordinary", "skill": "walking", "seed": 927015, "completed": true, "error": null, "brake_success": null, "task_success": true}
{"case": "sprint_shift_first", "skill": "walking", "seed": 925012, "completed": true, "error": null, "brake_success": null, "task_success": true}
{"case": "sprint_repeat", "skill": "walking", "seed": 925002, "completed": true, "error": null, "brake_success": null, "task_success": true}
{"case": "sprint_turn_release", "skill": "walking", "seed": 925005, "completed": true, "error": null, "brake_success": null, "task_success": true}
{"case": "sprint_turn_release", "skill": "walking", "seed": 925007, "completed": true, "error": null, "brake_success": null, "task_success": true}
{"case": "remove_forward_prefix", "skill": "walking", "seed": 923000, "completed": true, "error": null, "brake_success": null, "task_success": true}
{"case": "sprint_w_first", "skill": "walking", "seed": 925006, "completed": true, "error": null, "brake_success": null, "task_success": true}
{"case": "sprint_w_first", "skill": "walking", "seed": 925015, "completed": true, "error": null, "brake_success": null, "task_success": true}
{'regression_count': 7, 'regression_pass': 7, 'regression_failures': [], 'ordinary_pass': 128, 'errors': 0, 'candidate_count': 128, 'candidate_pass': 127, 'candidate_falls': 0, 'accepted': False, 'mini': {'success': True, 'fell': False, 'first_fall_s': None, 'score': 0.23276561120183767, 'sustained_mean_vx': 0.23276561120183767, 'sustained_p10_vx': 0.13676057970027608, 'max_tilt': 7.628886582044598, 'min_z': 0.11353470787573933, 'straight': [{'at': 6, 'heading_error_deg': 4.752851610709511, 'lateral_path_m': 0.031118050642374953, 'lateral_limit_m': 0.05, 'passed': True}], 'turns': [{'at': 1, 'requested': 0.800000011920929, 'signed_yaw_rate': 0.7088359539598775, 'sustained_reverse': False, 'passed': True}], 'stops': [], 'actor_selection_passed': True, 'speed_gain_gate': 'requires paired ordinary result'}, 'models': {'standing': '1569268713e40deea795dd2922dba50d3621e15a872855408b6b1b125b1c094b', 'walking': '27ebbf83d63e5e59f125ceb158414cf7d2574990676d73c75b9c9870bcefed6e', 'sitstand': 'e031f1a4afad2b64a01db37d8e0d3795b66ebe77087241574a6287fc705720f0', 'ground_pick': 'ffbf5109982ff999b0ba53afe86b9ae731bbec679d67fb7f8ab4c52152c88872', 'kick_left': '43c564c9d5d6ab692dfd034cc614420bcb91680e111dd2fa60f9ac0cf3b08ca9', 'kick_right': '103c2018cedb778e38801e092061490407835d7efad22660bb9bc2d57f90c8fe', 'roulade': '1c897dbb9b2700944adb182950e16e83e122f38d1091107157816689817ceced', 'roller': 'c2f4229372921e188c09e1a68e56bdd7201dd99d52edef2dd16aa1f654a26e97', 'roller_crouch': 'a1a084be240469c76ac9d3fa44d4792f16d4b1da60398b3ecd3cfc5e2244d990', 'sprint': '8b7a2b63aae4e6af3b7427f0ffcb62c59454d2f184960e77170b77910ffff039'}, 'comparisons': [{'case': 'sprint_alternate', 'count': 16, 'candidate_vx': 0.21792029668831361, 'ordinary_vx': 0.168142226109605, 'ratio': 1.2960474101625152, 'speed_pass': True}, {'case': 'sprint_left', 'count': 16, 'candidate_vx': 0.20298358501369604, 'ordinary_vx': 0.15286355478148964, 'ratio': 1.3278742948497457, 'speed_pass': True}, {'case': 'sprint_long', 'count': 16, 'candidate_vx': 0.23158217089975125, 'ordinary_vx': 0.19321023067664278, 'ratio': 1.1986020103010377, 'speed_pass': True}, {'case': 'sprint_repeat', 'count': 16, 'candidate_vx': 0.23489114133394567, 'ordinary_vx': 0.19399565845638242, 'ratio': 1.210806175782321, 'speed_pass': True}, {'case': 'sprint_right', 'count': 16, 'candidate_vx': 0.22883574451291439, 'ordinary_vx': 0.16720928897140488, 'ratio': 1.3685588038834882, 'speed_pass': True}, {'case': 'sprint_shift_first', 'count': 16, 'candidate_vx': 0.2316848437359561, 'ordinary_vx': 0.19315020143297829, 'ratio': 1.199506094309454, 'speed_pass': True}, {'case': 'sprint_turn_release', 'count': 16, 'candidate_vx': 0.20131940986354652, 'ordinary_vx': 0.15062002910411837, 'ratio': 1.3366045077868192, 'speed_pass': True}, {'case': 'sprint_w_first', 'count': 16, 'candidate_vx': 0.23226691352802795, 'ordinary_vx': 0.19348123410403567, 'ratio': 1.2004622288233755, 'speed_pass': True}]}
{"vs_s05": {"counts": {"sprint_pass": 127, "sprint_count": 128, "ordinary_pass": 128, "ordinary_count": 128, "regression_pass": 7, "regression_count": 7}, "falls": 0, "lost_baseline_successes": [["sprint_alternate", 927013]], "fixed_baseline_failures": [["remove_forward_prefix", 923000], ["sprint_right", 927001], ["sprint_right", 927002], ["sprint_right", 927003], ["sprint_right", 927004], ["sprint_right", 927015]], "development_eligible": false, "failed": [{"case": ["sprint_alternate", 927013], "fell": false, "straight": [], "turns": [{"at": 6, "requested": 0.800000011920929, "signed_yaw_rate": 0.32057531353723273, "sustained_reverse": false, "passed": false}], "stops": []}]}, "vs_prior_best": {"counts": {"sprint_pass": 127, "sprint_count": 128, "ordinary_pass": 128, "ordinary_count": 128, "regression_pass": 7, "regression_count": 7}, "falls": 0, "lost_baseline_successes": [["sprint_alternate", 927013]], "fixed_baseline_failures": [["sprint_shift_first", 927008]], "development_eligible": false, "failed": [{"case": ["sprint_alternate", 927013], "fell": false, "straight": [], "turns": [{"at": 6, "requested": 0.800000011920929, "signed_yaw_rate": 0.32057531353723273, "sustained_reverse": false, "passed": false}], "stops": []}]}, "vs_initial": {"counts": {"sprint_pass": 127, "sprint_count": 128, "ordinary_pass": 128, "ordinary_count": 128, "regression_pass": 7, "regression_count": 7}, "falls": 0, "lost_baseline_successes": [["sprint_alternate", 927013]], "fixed_baseline_failures": [["sprint_alternate", 927001]], "development_eligible": false, "failed": [{"case": ["sprint_alternate", 927013], "fell": false, "straight": [], "turns": [{"at": 6, "requested": 0.800000011920929, "signed_yaw_rate": 0.32057531353723273, "sustained_reverse": false, "passed": false}], "stops": []}]}}
