[0;93m2026-09-12 22:09:46.944903455 [W:onnxruntime:Default, device_discovery.cc:325 DiscoverDevicesForPlatform] GPU device discovery failed: device_discovery.cc:92 ReadFileContents Failed to open file: "/sys/class/drm/card0/device/vendor"[m
/home/ethan/Projects/microduck_rl/.venv/lib/python3.12/site-packages/torch/cuda/__init__.py:283: UserWarning: 
    Found GPU0 NVIDIA GB10 which is of cuda capability 12.1.
    Minimum and Maximum cuda capability supported by this version of PyTorch is
    (8.0) - (12.0)
    
  warnings.warn(
[mdp] Patches 1-2 active: NaN-safe reward/advantage
[mdp] Patch 4 active: ONNX export filters passive_* joints
Warp 1.12.0 initialized:
   CUDA Toolkit 12.9, Driver 13.0
   Devices:
     "cpu"      : "aarch64"
     "cuda:0"   : "NVIDIA GB10" (122 GiB, sm_121, mempool enabled)
   Kernel cache:
     /home/ethan/.cache/warp/1.12.0
Module mujoco_warp._src.smooth 95a0b8b load on device 'cuda:0' took 10.24 ms  (cached)
Module mujoco_warp._src.collision_driver 88f7770 load on device 'cuda:0' took 0.35 ms  (cached)
Module _nxn_broadphase__locals__kernel_e73b1315 e73b131 load on device 'cuda:0' took 0.28 ms  (cached)
Module ccd_kernel_builder__locals__ccd_kernel_8d4be50e 8d4be50 load on device 'cuda:0' took 1.32 ms  (cached)
Module ccd_kernel_builder__locals__ccd_kernel_b88ab72b b88ab72 load on device 'cuda:0' took 1.42 ms  (cached)
Module _primitive_narrowphase__locals__primitive_narrowphase_02484c54 02484c5 load on device 'cuda:0' took 0.53 ms  (cached)
Module mujoco_warp._src.constraint 27c5750 load on device 'cuda:0' took 1.18 ms  (cached)
Module _efc_contact_init__locals__kernel_fda71e14 fda71e1 load on device 'cuda:0' took 0.31 ms  (cached)
Module _efc_contact_jac_dense__locals__kernel_7974b597 cc0fc30 load on device 'cuda:0' took 0.32 ms  (cached)
Module _efc_contact_update__locals__kernel_90315d53 90315d5 load on device 'cuda:0' took 0.29 ms  (cached)
Module mujoco_warp._src.sensor 7fc0378 load on device 'cuda:0' took 1.64 ms  (cached)
Module mujoco_warp._src.forward f60f76d load on device 'cuda:0' took 0.96 ms  (cached)
Module mujoco_warp._src.passive 1a5e55c load on device 'cuda:0' took 0.57 ms  (cached)
Module mujoco_warp._src.forward 8ebfcb1 load on device 'cuda:0' took 1.07 ms  (cached)
Module mujoco_warp._src.support dd3f924 load on device 'cuda:0' took 0.27 ms  (cached)
Module _tile_cholesky_factorize_solve__locals__cholesky_factorize_solve_37ca3f47 b319ac8 load on device 'cuda:0' took 25.90 ms  (cached)
Module _tile_cholesky_factorize_solve__locals__cholesky_factorize_solve_b16bf393 b7e5d5f load on device 'cuda:0' took 27.52 ms  (cached)
Module mujoco_warp._src.solver b116efb load on device 'cuda:0' took 1.23 ms  (cached)
Module solve_init_jaref__locals__kernel_af106063 af10606 load on device 'cuda:0' took 0.65 ms  (cached)
Module mul_m_dense__locals___mul_m_dense_19197cab 19197ca load on device 'cuda:0' took 0.25 ms  (cached)
Module update_constraint_efc__locals__kernel_32935e9d 32935e9 load on device 'cuda:0' took 0.27 ms  (cached)
Module update_constraint_gauss_cost__locals__kernel_f02e74ab f02e74a load on device 'cuda:0' took 0.28 ms  (cached)
Module update_gradient_JTDAJ_dense_tiled__locals__kernel_72bc3597 a6ca993 load on device 'cuda:0' took 0.49 ms  (cached)
Module update_gradient_cholesky__locals__kernel_a458a9b8 e47f115 load on device 'cuda:0' took 28.25 ms  (cached)
Module linesearch_iterative__locals__kernel_c0167fd2 d3f31a4 load on device 'cuda:0' took 0.53 ms  (cached)
Module update_constraint_efc__locals__kernel_3c1a9816 3c1a981 load on device 'cuda:0' took 0.30 ms  (cached)
Module _tile_euler_dense__locals__euler_dense_3af92912 e0e9e42 load on device 'cuda:0' took 28.36 ms  (cached)
Module _tile_euler_dense__locals__euler_dense_162f47da 4d6e4c0 load on device 'cuda:0' took 28.26 ms  (cached)
{'iteration': 8, 'samples': 262144, 'collection_s': 0.4756635850062594, 'learning_s': 0.13661831902572885, 'reward': 1.2299771308898926, 'actor_samples': 18680, 'actor_updates': 32, 'kl': 0.005029552616178989, 'rejected': False, 'actor_lr': 0.0001, 'falls': 0, 'completed_tasks': 0, 'terms': [1.2482410669326782, 0.011686937883496284, 5.606371367150587e-09, 0.006577069405466318], 'elapsed_s': 5.780279962986242, 'course_samples': [3712, 4480, 2880, 5248, 4864, 3712, 4160, 3712], 'teacher_kl': 0.018571735708974302, 'constraint_fraction': [0.000946044921875, 0.0, 0.0, 0.0], 'constraint_probability': 3.6025739973410964e-05, 'constraint_scale': [0.10774432867765427, 0.0002419794473098591, 0.0, 0.0]}
[0;93m2026-09-12 22:09:58.390467585 [W:onnxruntime:Default, device_discovery.cc:325 DiscoverDevicesForPlatform] GPU device discovery failed: device_discovery.cc:92 ReadFileContents Failed to open file: "/sys/class/drm/card0/device/vendor"[m
/home/ethan/Projects/microduck_rl/.venv/lib/python3.12/site-packages/torch/cuda/__init__.py:283: UserWarning: 
    Found GPU0 NVIDIA GB10 which is of cuda capability 12.1.
    Minimum and Maximum cuda capability supported by this version of PyTorch is
    (8.0) - (12.0)
    
  warnings.warn(
[mdp] Patches 1-2 active: NaN-safe reward/advantage
[mdp] Patch 4 active: ONNX export filters passive_* joints
Warp 1.12.0 initialized:
   CUDA Toolkit 12.9, Driver 13.0
   Devices:
     "cpu"      : "aarch64"
     "cuda:0"   : "NVIDIA GB10" (122 GiB, sm_121, mempool enabled)
   Kernel cache:
     /home/ethan/.cache/warp/1.12.0
Module mujoco_warp._src.smooth 95a0b8b load on device 'cuda:0' took 10.38 ms  (cached)
Module mujoco_warp._src.collision_driver 88f7770 load on device 'cuda:0' took 0.36 ms  (cached)
Module _nxn_broadphase__locals__kernel_e73b1315 e73b131 load on device 'cuda:0' took 0.27 ms  (cached)
Module ccd_kernel_builder__locals__ccd_kernel_8d4be50e 8d4be50 load on device 'cuda:0' took 1.35 ms  (cached)
Module ccd_kernel_builder__locals__ccd_kernel_b88ab72b b88ab72 load on device 'cuda:0' took 1.48 ms  (cached)
Module _primitive_narrowphase__locals__primitive_narrowphase_02484c54 02484c5 load on device 'cuda:0' took 0.59 ms  (cached)
Module mujoco_warp._src.constraint 27c5750 load on device 'cuda:0' took 1.31 ms  (cached)
Module _efc_contact_init__locals__kernel_fda71e14 fda71e1 load on device 'cuda:0' took 0.33 ms  (cached)
Module _efc_contact_jac_dense__locals__kernel_7974b597 cc0fc30 load on device 'cuda:0' took 0.34 ms  (cached)
Module _efc_contact_update__locals__kernel_90315d53 90315d5 load on device 'cuda:0' took 0.29 ms  (cached)
Module mujoco_warp._src.sensor 7fc0378 load on device 'cuda:0' took 1.57 ms  (cached)
Module mujoco_warp._src.forward f60f76d load on device 'cuda:0' took 0.98 ms  (cached)
Module mujoco_warp._src.passive 1a5e55c load on device 'cuda:0' took 0.59 ms  (cached)
Module mujoco_warp._src.forward 8ebfcb1 load on device 'cuda:0' took 0.94 ms  (cached)
Module mujoco_warp._src.support dd3f924 load on device 'cuda:0' took 0.44 ms  (cached)
Module _tile_cholesky_factorize_solve__locals__cholesky_factorize_solve_37ca3f47 b319ac8 load on device 'cuda:0' took 26.28 ms  (cached)
Module _tile_cholesky_factorize_solve__locals__cholesky_factorize_solve_b16bf393 b7e5d5f load on device 'cuda:0' took 27.78 ms  (cached)
Module mujoco_warp._src.solver b116efb load on device 'cuda:0' took 1.24 ms  (cached)
Module solve_init_jaref__locals__kernel_af106063 af10606 load on device 'cuda:0' took 0.28 ms  (cached)
Module mul_m_dense__locals___mul_m_dense_19197cab 19197ca load on device 'cuda:0' took 0.25 ms  (cached)
Module update_constraint_efc__locals__kernel_32935e9d 32935e9 load on device 'cuda:0' took 0.28 ms  (cached)
Module update_constraint_gauss_cost__locals__kernel_f02e74ab f02e74a load on device 'cuda:0' took 0.29 ms  (cached)
Module update_gradient_JTDAJ_dense_tiled__locals__kernel_72bc3597 a6ca993 load on device 'cuda:0' took 0.50 ms  (cached)
Module update_gradient_cholesky__locals__kernel_a458a9b8 e47f115 load on device 'cuda:0' took 27.93 ms  (cached)
Module linesearch_iterative__locals__kernel_c0167fd2 d3f31a4 load on device 'cuda:0' took 0.53 ms  (cached)
Module update_constraint_efc__locals__kernel_3c1a9816 3c1a981 load on device 'cuda:0' took 0.34 ms  (cached)
Module _tile_euler_dense__locals__euler_dense_3af92912 e0e9e42 load on device 'cuda:0' took 28.00 ms  (cached)
Module _tile_euler_dense__locals__euler_dense_162f47da 4d6e4c0 load on device 'cuda:0' took 28.72 ms  (cached)
{'iteration': 8, 'samples': 262144, 'collection_s': 0.48190093599259853, 'learning_s': 0.13248520201887004, 'reward': 1.2309699058532715, 'actor_samples': 18680, 'actor_updates': 32, 'kl': 0.004864008631557226, 'rejected': False, 'actor_lr': 0.0001, 'falls': 0, 'completed_tasks': 0, 'terms': [1.2492344379425049, 0.011694713495671749, 1.544793271079925e-08, 0.00656962301582098], 'elapsed_s': 5.75933959899703, 'course_samples': [3712, 4480, 2880, 5248, 4864, 3712, 4160, 3712], 'teacher_kl': 0.019395846989937127, 'constraint_fraction': [0.001190185546875, 0.0, 0.0, 0.0], 'constraint_probability': 4.703650847659446e-05, 'constraint_scale': [0.11392056196928024, 0.0003970105026382953, 0.0, 0.0]}
{'iteration': 16, 'samples': 524288, 'collection_s': 0.4855356850021053, 'learning_s': 0.13962538598570973, 'reward': 1.1811280250549316, 'actor_samples': 30264, 'actor_updates': 32, 'kl': 0.00506367813795805, 'rejected': False, 'actor_lr': 0.0001, 'falls': 0, 'completed_tasks': 467, 'terms': [1.1975929737091064, 0.008183133788406849, 9.499161279791224e-08, 0.008281690999865532], 'elapsed_s': 10.686422705010045, 'course_samples': [3520, 4288, 6656, 3712, 3520, 3520, 4160, 3392], 'teacher_kl': 0.04871436255052686, 'constraint_fraction': [0.094085693359375, 0.0, 0.0, 0.0], 'constraint_probability': 0.005912624299526215, 'constraint_scale': [0.16794459521770477, 0.0002633848926052451, 0.0, 0.0]}
{'iteration': 24, 'samples': 786432, 'collection_s': 0.49206816000514664, 'learning_s': 0.1364662680134643, 'reward': 1.3139337301254272, 'actor_samples': 15824, 'actor_updates': 32, 'kl': 0.00675562210381031, 'rejected': False, 'actor_lr': 0.0001, 'falls': 0, 'completed_tasks': 734, 'terms': [1.32337486743927, 0.004791667219251394, 6.664402008027537e-08, 0.004649392329156399], 'elapsed_s': 15.643548363004811, 'course_samples': [2220, 4248, 5200, 3468, 2656, 5108, 5092, 4776], 'teacher_kl': 0.09826731658540666, 'constraint_fraction': [0.02294921875, 0.0, 0.0, 0.0], 'constraint_probability': 0.0013038369361311197, 'constraint_scale': [0.2760012745857239, 0.00038559813401661813, 0.0, 0.0]}
{'iteration': 32, 'samples': 1048576, 'collection_s': 0.4896096540032886, 'learning_s': 0.1331083069962915, 'reward': 1.2754878997802734, 'actor_samples': 17696, 'actor_updates': 32, 'kl': 0.0076149506494402885, 'rejected': False, 'actor_lr': 0.0001, 'falls': 0, 'completed_tasks': 1000, 'terms': [1.2874846458435059, 0.006587955169379711, 9.762172226146504e-08, 0.00540861114859581], 'elapsed_s': 20.574591418000637, 'course_samples': [2720, 4160, 5920, 4080, 3600, 3744, 4208, 4336], 'teacher_kl': 0.19023362081497908, 'constraint_fraction': [0.04302978515625, 0.0, 0.0, 0.0], 'constraint_probability': 0.002316012978553772, 'constraint_scale': [0.3452834188938141, 0.0008024501148611307, 0.0, 0.0]}
{'iteration': 40, 'samples': 1310720, 'collection_s': 0.4916441829991527, 'learning_s': 0.13223290297901258, 'reward': 1.2413299083709717, 'actor_samples': 23324, 'actor_updates': 32, 'kl': 0.007562602404505014, 'rejected': False, 'actor_lr': 0.0001, 'falls': 0, 'completed_tasks': 1401, 'terms': [1.2547194957733154, 0.006915605161339045, 5.7682619569732196e-08, 0.006473793648183346], 'elapsed_s': 25.54122787801316, 'course_samples': [2986, 3236, 6550, 3212, 4092, 4720, 3646, 4326], 'teacher_kl': 0.37472916580736637, 'constraint_fraction': [0.056427001953125, 0.0, 0.0, 0.0], 'constraint_probability': 0.0029451476875692606, 'constraint_scale': [0.3943721354007721, 0.0008213133551180363, 0.0, 0.0]}
{'iteration': 48, 'samples': 1572864, 'collection_s': 0.49117789801675826, 'learning_s': 0.12975471900426783, 'reward': 1.2813408374786377, 'actor_samples': 18634, 'actor_updates': 32, 'kl': 0.008070487529039383, 'rejected': False, 'actor_lr': 0.0001, 'falls': 0, 'completed_tasks': 1679, 'terms': [1.2924566268920898, 0.00580789428204298, 5.802745306482393e-08, 0.005307824816554785], 'elapsed_s': 30.496915071009425, 'course_samples': [2840, 3626, 6040, 2452, 3494, 4970, 4612, 4734], 'teacher_kl': 0.5574915576726198, 'constraint_fraction': [0.0382080078125, 0.0, 0.0, 0.0], 'constraint_probability': 0.002024843590334058, 'constraint_scale': [0.42437833547592163, 0.0007478201296180487, 0.0, 0.0]}
{'iteration': 56, 'samples': 1835008, 'collection_s': 0.4867962029820774, 'learning_s': 0.132738356012851, 'reward': 1.2740598917007446, 'actor_samples': 18646, 'actor_updates': 32, 'kl': 0.0064207641407847404, 'rejected': False, 'actor_lr': 0.0001, 'falls': 0, 'completed_tasks': 1983, 'terms': [1.2856305837631226, 0.006011192686855793, 2.6172631351073505e-07, 0.00555915804579854], 'elapsed_s': 35.44233710601111, 'course_samples': [3012, 4096, 5722, 3204, 3964, 4258, 4668, 3844], 'teacher_kl': 0.7059020213782787, 'constraint_fraction': [0.0457763671875, 0.0, 0.0, 0.0], 'constraint_probability': 0.002238130196928978, 'constraint_scale': [0.44111642241477966, 0.0004961190861649811, 0.0, 0.0]}
{'iteration': 64, 'samples': 2097152, 'collection_s': 0.47890751500381157, 'learning_s': 0.13962474701111205, 'reward': 1.2694401741027832, 'actor_samples': 20518, 'actor_updates': 32, 'kl': 0.006312278099358082, 'rejected': False, 'actor_lr': 0.0001, 'falls': 0, 'completed_tasks': 2311, 'terms': [1.2817065715789795, 0.006562717258930206, 5.328530505721574e-07, 0.005703105125576258], 'elapsed_s': 40.38006322999718, 'course_samples': [3458, 4790, 6372, 2698, 3710, 4224, 3740, 3776], 'teacher_kl': 0.7675789576023817, 'constraint_fraction': [0.046630859375, 0.0, 0.0, 0.0], 'constraint_probability': 0.0025231402833014727, 'constraint_scale': [0.45936474204063416, 0.000856808852404356, 0.0, 0.0]}
{'iteration': 72, 'samples': 2359296, 'collection_s': 0.48319617498782463, 'learning_s': 0.14026868602377363, 'reward': 1.2903594970703125, 'actor_samples': 18014, 'actor_updates': 32, 'kl': 0.006914226803928614, 'rejected': False, 'actor_lr': 0.0001, 'falls': 0, 'completed_tasks': 2652, 'terms': [1.301447868347168, 0.005907551385462284, 2.533158465212182e-07, 0.005180437583476305], 'elapsed_s': 45.333347846986726, 'course_samples': [3240, 4468, 6356, 3052, 3554, 3730, 4318, 4050], 'teacher_kl': 0.7251668069511652, 'constraint_fraction': [0.031036376953125, 0.0006103515625, 0.0, 0.0], 'constraint_probability': 0.0017664518672972918, 'constraint_scale': [0.4678792357444763, 0.0019630230963230133, 0.0, 0.0]}
{'iteration': 80, 'samples': 2621440, 'collection_s': 0.48220041301101446, 'learning_s': 0.14037883401033469, 'reward': 1.2797224521636963, 'actor_samples': 19400, 'actor_updates': 32, 'kl': 0.007501019164919853, 'rejected': False, 'actor_lr': 0.0001, 'falls': 0, 'completed_tasks': 2946, 'terms': [1.2916302680969238, 0.006375206168740988, 2.540546404361521e-07, 0.0055325329303741455], 'elapsed_s': 50.279771519009955, 'course_samples': [3628, 4160, 5824, 2836, 3564, 3856, 4396, 4504], 'teacher_kl': 0.747790988534689, 'constraint_fraction': [0.038360595703125, 0.00030517578125, 0.0, 0.0], 'constraint_probability': 0.00227768300101161, 'constraint_scale': [0.47800305485725403, 0.0015687694540247321, 0.0, 0.0]}
{'iteration': 88, 'samples': 2883584, 'collection_s': 0.47509220501524396, 'learning_s': 0.12777372301206924, 'reward': 1.272355079650879, 'actor_samples': 20736, 'actor_updates': 32, 'kl': 0.008120601996779442, 'rejected': False, 'actor_lr': 0.0001, 'falls': 0, 'completed_tasks': 3280, 'terms': [1.284921407699585, 0.006799166556447744, 9.880866400635568e-07, 0.005766257643699646], 'elapsed_s': 55.176940211997135, 'course_samples': [2272, 4032, 7040, 2528, 3200, 4736, 4256, 4704], 'teacher_kl': 0.7332976441830397, 'constraint_fraction': [0.041900634765625, 0.000152587890625, 0.0, 0.0], 'constraint_probability': 0.0023901821114122868, 'constraint_scale': [0.48152709007263184, 0.0012160921469330788, 0.0, 0.0]}
{'iteration': 96, 'samples': 3145728, 'collection_s': 0.4740816739795264, 'learning_s': 0.12573004700243473, 'reward': 1.2769858837127686, 'actor_samples': 19556, 'actor_updates': 32, 'kl': 0.0068756151013076305, 'rejected': False, 'actor_lr': 0.0001, 'falls': 0, 'completed_tasks': 3555, 'terms': [1.2894446849822998, 0.006857416592538357, 1.9139572486892575e-06, 0.005599398165941238], 'elapsed_s': 60.098745177994715, 'course_samples': [2600, 3880, 6764, 2308, 3136, 4500, 4440, 5140], 'teacher_kl': 0.735625023022294, 'constraint_fraction': [0.03729248046875, 0.00152587890625, 0.000396728515625, 0.0], 'constraint_probability': 0.002583789173513651, 'constraint_scale': [0.49168238043785095, 0.002173168584704399, 0.0013106673723086715, 0.0]}
{'iteration': 104, 'samples': 3407872, 'collection_s': 0.4820217230007984, 'learning_s': 0.1220112870214507, 'reward': 1.274703025817871, 'actor_samples': 20636, 'actor_updates': 32, 'kl': 0.008013265207409859, 'rejected': False, 'actor_lr': 0.0001, 'falls': 0, 'completed_tasks': 3905, 'terms': [1.2876070737838745, 0.007065771613270044, 1.4555652114722761e-06, 0.005836867727339268], 'elapsed_s': 65.02277565799886, 'course_samples': [2638, 3274, 7234, 3374, 3190, 3656, 4478, 4924], 'teacher_kl': 0.7597008757293224, 'constraint_fraction': [0.04010009765625, 3.0517578125e-05, 0.0, 0.0], 'constraint_probability': 0.0023241834715008736, 'constraint_scale': [0.4819693863391876, 0.0024407217279076576, 0.0008695235010236502, 0.0]}
{'iteration': 112, 'samples': 3670016, 'collection_s': 0.4798040140012745, 'learning_s': 0.12213051901198924, 'reward': 1.2797744274139404, 'actor_samples': 20564, 'actor_updates': 32, 'kl': 0.00534795131534338, 'rejected': False, 'actor_lr': 0.0001, 'falls': 0, 'completed_tasks': 4204, 'terms': [1.292434811592102, 0.006816426757723093, 1.3012029285164317e-06, 0.0058425115421414375], 'elapsed_s': 69.95658409700263, 'course_samples': [3118, 3346, 6876, 4032, 3246, 4370, 3456, 4324], 'teacher_kl': 0.8116281889379025, 'constraint_fraction': [0.03497314453125, 0.000244140625, 0.0, 0.0], 'constraint_probability': 0.002066614804789424, 'constraint_scale': [0.4777609407901764, 0.002014926867559552, 0.0005768596311099827, 0.0]}
{'iteration': 120, 'samples': 3932160, 'collection_s': 0.48088757699588314, 'learning_s': 0.12659158199676313, 'reward': 1.2859759330749512, 'actor_samples': 20694, 'actor_updates': 32, 'kl': 0.007205014117062092, 'rejected': False, 'actor_lr': 0.0001, 'falls': 0, 'completed_tasks': 4521, 'terms': [1.2984744310379028, 0.00664869649335742, 1.5214479844871676e-06, 0.005848201457411051], 'elapsed_s': 74.9207173330069, 'course_samples': [2394, 4378, 6298, 4036, 3298, 4164, 3904, 4296], 'teacher_kl': 0.8472318686544895, 'constraint_fraction': [0.03472900390625, 0.0, 0.0, 0.0], 'constraint_probability': 0.001950256060808897, 'constraint_scale': [0.4577168822288513, 0.0013935122406110168, 0.000382700382033363, 0.0]}
{'iteration': 128, 'samples': 4194304, 'collection_s': 0.4807577680039685, 'learning_s': 0.1298694039869588, 'reward': 1.2914841175079346, 'actor_samples': 20174, 'actor_updates': 32, 'kl': 0.006251095328480005, 'rejected': False, 'actor_lr': 0.0001, 'falls': 0, 'completed_tasks': 4833, 'terms': [1.3033065795898438, 0.006090449169278145, 1.9371611870155903e-06, 0.005730148404836655], 'elapsed_s': 79.8599489069893, 'course_samples': [2792, 4032, 6868, 3116, 4332, 3604, 4012, 4012], 'teacher_kl': 0.9351830147206783, 'constraint_fraction': [0.03192138671875, 0.0, 0.0, 0.0], 'constraint_probability': 0.0019054394215345383, 'constraint_scale': [0.4458233714103699, 0.001430172473192215, 0.0002538912231102586, 0.0]}
{'iteration': 136, 'samples': 4456448, 'collection_s': 0.49116262298775837, 'learning_s': 0.13065135199576616, 'reward': 1.2911608219146729, 'actor_samples': 20696, 'actor_updates': 32, 'kl': 0.006357348058372736, 'rejected': False, 'actor_lr': 0.0001, 'falls': 0, 'completed_tasks': 5154, 'terms': [1.303309440612793, 0.006202632561326027, 1.795451680663973e-06, 0.005944243166595697], 'elapsed_s': 84.81457927299198, 'course_samples': [2692, 3584, 7100, 3074, 4034, 3660, 4356, 4268], 'teacher_kl': 1.0076573938131332, 'constraint_fraction': [0.03118896484375, 3.0517578125e-05, 0.0, 0.0], 'constraint_probability': 0.0017520816763862967, 'constraint_scale': [0.42992570996284485, 0.0009711063466966152, 0.00016843659977894276, 0.0]}
{'iteration': 144, 'samples': 4718592, 'collection_s': 0.4908477320277598, 'learning_s': 0.1351917439897079, 'reward': 1.294616460800171, 'actor_samples': 20320, 'actor_updates': 32, 'kl': 0.006151387467980385, 'rejected': False, 'actor_lr': 0.0001, 'falls': 0, 'completed_tasks': 5481, 'terms': [1.3060650825500488, 0.005647808313369751, 2.887374648707919e-06, 0.005798016674816608], 'elapsed_s': 89.78154895998887, 'course_samples': [2864, 2976, 6256, 3632, 3632, 4576, 3984, 4848], 'teacher_kl': 1.0773759074509144, 'constraint_fraction': [0.030731201171875, 0.0, 0.0, 0.0], 'constraint_probability': 0.0016958406195044518, 'constraint_scale': [0.4066166579723358, 0.001040019327774644, 0.00011174426617799327, 0.0]}
{'iteration': 152, 'samples': 4980736, 'collection_s': 0.4935666189994663, 'learning_s': 0.13434036599937826, 'reward': 1.3079619407653809, 'actor_samples': 18920, 'actor_updates': 32, 'kl': 0.006673037074506283, 'rejected': False, 'actor_lr': 0.0001, 'falls': 0, 'completed_tasks': 5780, 'terms': [1.3188409805297852, 0.0053020864725112915, 3.1416061574418563e-06, 0.0055738636292517185], 'elapsed_s': 94.76132596700336, 'course_samples': [3136, 3796, 6520, 3284, 3320, 4432, 4176, 4104], 'teacher_kl': 1.0926537215709686, 'constraint_fraction': [0.024383544921875, 0.0, 0.0, 0.0], 'constraint_probability': 0.0013063811929896474, 'constraint_scale': [0.392968088388443, 0.0006899699801579118, 7.413341518258676e-05, 0.0]}
{'iteration': 160, 'samples': 5242880, 'collection_s': 0.493796207010746, 'learning_s': 0.13069228999665938, 'reward': 1.296133279800415, 'actor_samples': 20368, 'actor_updates': 32, 'kl': 0.006944119930267334, 'rejected': False, 'actor_lr': 0.0001, 'falls': 0, 'completed_tasks': 6101, 'terms': [1.3078991174697876, 0.005790278781205416, 1.8420117839923478e-06, 0.005973818711936474], 'elapsed_s': 99.7245485179883, 'course_samples': [2840, 4664, 6632, 2736, 3712, 4480, 4248, 3456], 'teacher_kl': 1.1290625166147947, 'constraint_fraction': [0.019012451171875, 0.0, 0.0, 0.0], 'constraint_probability': 0.000868686125613749, 'constraint_scale': [0.38744643330574036, 0.0005885944119654596, 4.918161721434444e-05, 0.0]}
{'iteration': 168, 'samples': 5505024, 'collection_s': 0.49573274998692796, 'learning_s': 0.13483034301316366, 'reward': 1.3081529140472412, 'actor_samples': 19394, 'actor_updates': 32, 'kl': 0.008864790201187134, 'rejected': False, 'actor_lr': 0.0001, 'falls': 0, 'completed_tasks': 6433, 'terms': [1.3187686204910278, 0.004930194932967424, 1.9057323470406118e-06, 0.005683615803718567], 'elapsed_s': 104.67863752599806, 'course_samples': [3142, 3974, 6780, 2484, 3716, 5016, 3568, 4088], 'teacher_kl': 1.1183910891413689, 'constraint_fraction': [0.02081298828125, 0.0, 0.0, 0.0], 'constraint_probability': 0.0009001536527648568, 'constraint_scale': [0.368928998708725, 0.0005301086930558085, 3.262808968429454e-05, 0.0]}
{'iteration': 176, 'samples': 5767168, 'collection_s': 0.49390129299717955, 'learning_s': 0.12145264097489417, 'reward': 1.2991355657577515, 'actor_samples': 20252, 'actor_updates': 32, 'kl': 0.008785486221313477, 'rejected': False, 'actor_lr': 0.0001, 'falls': 0, 'completed_tasks': 6736, 'terms': [1.3106013536453247, 0.0054201725870370865, 2.6603779588185716e-06, 0.0060430411249399185], 'elapsed_s': 109.63044710599934, 'course_samples': [2830, 3854, 6436, 3548, 3528, 4600, 3932, 4040], 'teacher_kl': 1.129683718085289, 'constraint_fraction': [0.016845703125, 0.0, 0.0, 0.0], 'constraint_probability': 0.0005889083258807659, 'constraint_scale': [0.36320778727531433, 0.00035168486647307873, 2.164613761124201e-05, 0.0]}
{'iteration': 184, 'samples': 6029312, 'collection_s': 0.4945919669989962, 'learning_s': 0.1321888789825607, 'reward': 1.3099862337112427, 'actor_samples': 20652, 'actor_updates': 32, 'kl': 0.006604282185435295, 'rejected': False, 'actor_lr': 0.0001, 'falls': 0, 'completed_tasks': 7054, 'terms': [1.3208136558532715, 0.0049075111746788025, 2.254751279906486e-06, 0.005917686503380537], 'elapsed_s': 114.60555187400314, 'course_samples': [2906, 4198, 6784, 3868, 3214, 4312, 3878, 3608], 'teacher_kl': 1.221240822225809, 'constraint_fraction': [0.015869140625, 0.0, 0.0, 0.0], 'constraint_probability': 0.0006064770859666169, 'constraint_scale': [0.3330140709877014, 0.000233314887736924, 1.4360488421516493e-05, 0.0]}
{'iteration': 192, 'samples': 6291456, 'collection_s': 0.49464059699676, 'learning_s': 0.1303658650140278, 'reward': 1.313118577003479, 'actor_samples': 20176, 'actor_updates': 32, 'kl': 0.008603882975876331, 'rejected': False, 'actor_lr': 0.0001, 'falls': 0, 'completed_tasks': 7359, 'terms': [1.323676347732544, 0.004690365865826607, 2.7156777377967956e-06, 0.005864638835191727], 'elapsed_s': 119.57674763799878, 'course_samples': [3250, 3778, 6708, 3470, 3902, 4492, 3494, 3674], 'teacher_kl': 1.30264613032341, 'constraint_fraction': [0.007537841796875, 0.0, 0.0, 0.0], 'constraint_probability': 0.00028588008717633784, 'constraint_scale': [0.28566619753837585, 0.00015478584100492299, 9.527040674583986e-06, 0.0]}
{'iteration': 200, 'samples': 6553600, 'collection_s': 0.4948466920177452, 'learning_s': 0.12701324801309966, 'reward': 1.3221585750579834, 'actor_samples': 19198, 'actor_updates': 32, 'kl': 0.00786588340997696, 'rejected': False, 'actor_lr': 0.0001, 'falls': 0, 'completed_tasks': 7695, 'terms': [1.332115888595581, 0.004298490472137928, 2.5766230464796536e-06, 0.005656177643686533], 'elapsed_s': 124.53884432298946, 'course_samples': [3342, 3470, 6022, 3100, 3946, 4658, 4232, 3998], 'teacher_kl': 1.3478694073855877, 'constraint_fraction': [0.00567626953125, 0.0, 0.0, 0.0], 'constraint_probability': 0.00017497027874924242, 'constraint_scale': [0.25305795669555664, 0.0001043719457811676, 6.320432021311717e-06, 0.0]}
{'iteration': 208, 'samples': 6815744, 'collection_s': 0.4923376370279584, 'learning_s': 0.13739737297873944, 'reward': 1.3111867904663086, 'actor_samples': 19874, 'actor_updates': 32, 'kl': 0.008950996212661266, 'rejected': False, 'actor_lr': 0.0001, 'falls': 0, 'completed_tasks': 8021, 'terms': [1.321479320526123, 0.004309187177568674, 4.2454835238459054e-06, 0.005979184526950121], 'elapsed_s': 129.51444889299455, 'course_samples': [2646, 3650, 6246, 3730, 3356, 5066, 4086, 3988], 'teacher_kl': 1.404079157859087, 'constraint_fraction': [0.00439453125, 0.0, 0.0, 0.0], 'constraint_probability': 0.00017389969434589148, 'constraint_scale': [0.21065951883792877, 6.924247281858698e-05, 4.193103450234048e-06, 0.0]}
{'iteration': 216, 'samples': 7077888, 'collection_s': 0.4954706529970281, 'learning_s': 0.13030654701287858, 'reward': 1.3193309307098389, 'actor_samples': 20128, 'actor_updates': 32, 'kl': 0.009338636882603168, 'rejected': False, 'actor_lr': 0.0001, 'falls': 0, 'completed_tasks': 8326, 'terms': [1.3299236297607422, 0.00458368519321084, 2.8868712433904875e-06, 0.006006055045872927], 'elapsed_s': 134.5085302729858, 'course_samples': [3664, 3832, 6424, 3784, 3288, 4016, 3672, 4088], 'teacher_kl': 1.469424270093441, 'constraint_fraction': [0.003021240234375, 0.0, 0.0, 0.0], 'constraint_probability': 0.0001264201564481482, 'constraint_scale': [0.18505990505218506, 4.5936863898532465e-05, 2.781790044537047e-06, 0.0]}
{'iteration': 224, 'samples': 7340032, 'collection_s': 0.4904332220030483, 'learning_s': 0.1316398050112184, 'reward': 1.3236110210418701, 'actor_samples': 19656, 'actor_updates': 32, 'kl': 0.00801753904670477, 'rejected': False, 'actor_lr': 0.0001, 'falls': 0, 'completed_tasks': 8629, 'terms': [1.3335920572280884, 0.00400390662252903, 3.3733588225004496e-06, 0.005973691586405039], 'elapsed_s': 139.46925179701066, 'course_samples': [2992, 3684, 6856, 3684, 3912, 4116, 4004, 3520], 'teacher_kl': 1.5465809628367424, 'constraint_fraction': [0.00341796875, 0.0, 0.0, 0.0], 'constraint_probability': 0.00017948994354810566, 'constraint_scale': [0.16259393095970154, 3.0475448511424474e-05, 1.8454962855685153e-06, 0.0]}
{'iteration': 232, 'samples': 7602176, 'collection_s': 0.4919373719894793, 'learning_s': 0.13503169198520482, 'reward': 1.3302900791168213, 'actor_samples': 19984, 'actor_updates': 32, 'kl': 0.008741961792111397, 'rejected': False, 'actor_lr': 0.0001, 'falls': 0, 'completed_tasks': 8936, 'terms': [1.3399169445037842, 0.0036696898750960827, 3.6361154798214557e-06, 0.005953661166131496], 'elapsed_s': 144.4376519380021, 'course_samples': [2640, 3376, 6512, 3856, 3952, 5600, 3632, 3200], 'teacher_kl': 1.6275088042020798, 'constraint_fraction': [0.00274658203125, 0.0, 0.0, 0.0], 'constraint_probability': 0.00015319672820623964, 'constraint_scale': [0.14314399659633636, 2.0218030840624124e-05, 1.2243399396538734e-06, 0.0]}
{'iteration': 240, 'samples': 7864320, 'collection_s': 0.49399093200918287, 'learning_s': 0.129788071004441, 'reward': 1.3291916847229004, 'actor_samples': 20204, 'actor_updates': 32, 'kl': 0.006241071969270706, 'rejected': False, 'actor_lr': 0.0001, 'falls': 0, 'completed_tasks': 9290, 'terms': [1.3393237590789795, 0.003980344161391258, 6.253818355617113e-06, 0.006145474500954151], 'elapsed_s': 149.43010019900976, 'course_samples': [2698, 3808, 6428, 3054, 4072, 5538, 3612, 3558], 'teacher_kl': 1.7062992379069328, 'constraint_fraction': [0.001983642578125, 0.0, 0.0, 0.0], 'constraint_probability': 0.00012634760059881955, 'constraint_scale': [0.12976567447185516, 1.3413053238764405e-05, 8.122519830067176e-07, 0.0]}
{'iteration': 248, 'samples': 8126464, 'collection_s': 0.4944195770076476, 'learning_s': 0.13568315000156872, 'reward': 1.3332805633544922, 'actor_samples': 20518, 'actor_updates': 32, 'kl': 0.007338587194681168, 'rejected': False, 'actor_lr': 0.0001, 'falls': 0, 'completed_tasks': 9579, 'terms': [1.3433701992034912, 0.0037919452879577875, 5.891648470424116e-06, 0.006291734986007214], 'elapsed_s': 154.42712462099735, 'course_samples': [2604, 3774, 6526, 3608, 4118, 4884, 4012, 3242], 'teacher_kl': 1.7748390436172485, 'constraint_fraction': [0.002166748046875, 0.0, 0.0, 0.0], 'constraint_probability': 0.0002182838215958327, 'constraint_scale': [0.13159999251365662, 8.898492524167523e-06, 5.388645263337821e-07, 0.0]}
{'iteration': 256, 'samples': 8388608, 'collection_s': 0.49074928599293344, 'learning_s': 0.13636508397758007, 'reward': 1.339645266532898, 'actor_samples': 19490, 'actor_updates': 32, 'kl': 0.009734510444104671, 'rejected': False, 'actor_lr': 0.0001, 'falls': 0, 'completed_tasks': 9903, 'terms': [1.3489969968795776, 0.0034155177418142557, 4.4543958210852e-06, 0.005931651219725609], 'elapsed_s': 159.43301907498972, 'course_samples': [2944, 2978, 6242, 4910, 3354, 4634, 3994, 3712], 'teacher_kl': 1.709550652652979, 'constraint_fraction': [0.0029296875, 0.0, 0.0, 0.0], 'constraint_probability': 0.00026754592545330524, 'constraint_scale': [0.1337130069732666, 5.9034409787273034e-06, 3.5749371818383224e-07, 0.0]}
